###############################################################################
#
# IAR ELF Linker V9.40.1.364/W64 for ARM                  20/Apr/2026  23:54:44
# Copyright 2007-2023 IAR Systems AB.
#
#    Output file  =
#        D:\learnplace\ZZZ_LUNTUI\project\iar\project_config\Debug_m7_0\Exe\cyt4bb7_cm_7_0.out
#    Map file     =
#        D:\learnplace\ZZZ_LUNTUI\project\iar\Debug_m7_0\List\cyt4bb7_cm_7_0.map
#    Command line =
#        -f
#        D:\learnplace\ZZZ_LUNTUI\project\iar\project_config\Debug_m7_0\Exe\cyt4bb7_cm_7_0.out.rsp
#        (D:\learnplace\ZZZ_LUNTUI\project\iar\Debug_m7_0\Obj\code_17896468042025673432.dir\battery_monitor.o
#        D:\learnplace\ZZZ_LUNTUI\project\iar\Debug_m7_0\Obj\user_8514941877209965082.dir\cm7_0_isr.o
#        D:\learnplace\ZZZ_LUNTUI\project\iar\Debug_m7_0\Obj\code_17896468042025673432.dir\control.o
#        D:\learnplace\ZZZ_LUNTUI\project\iar\Debug_m7_0\Obj\adc_11722776235721520015.dir\cy_adc.o
#        D:\learnplace\ZZZ_LUNTUI\project\iar\Debug_m7_0\Obj\button_4990804375159372270.dir\cy_button.o
#        D:\learnplace\ZZZ_LUNTUI\project\iar\Debug_m7_0\Obj\canfd_1800690984773873875.dir\cy_canfd.o
#        D:\learnplace\ZZZ_LUNTUI\project\iar\Debug_m7_0\Obj\cpu_15938736945165268644.dir\cy_cpu.o
#        D:\learnplace\ZZZ_LUNTUI\project\iar\Debug_m7_0\Obj\crypto_1190170608956581615.dir\cy_crypto_config.o
#        D:\learnplace\ZZZ_LUNTUI\project\iar\Debug_m7_0\Obj\eth_phy_18133017486186456677.dir\cy_dp83867.o
#        D:\learnplace\ZZZ_LUNTUI\project\iar\Debug_m7_0\Obj\ethernet_6029839089178797009.dir\cy_ethif.o
#        D:\learnplace\ZZZ_LUNTUI\project\iar\Debug_m7_0\Obj\evtgen_3404189088603873129.dir\cy_evtgen.o
#        D:\learnplace\ZZZ_LUNTUI\project\iar\Debug_m7_0\Obj\flash_8529866181315662935.dir\cy_flash.o
#        D:\learnplace\ZZZ_LUNTUI\project\iar\Debug_m7_0\Obj\gpio_3999404635324069351.dir\cy_gpio.o
#        D:\learnplace\ZZZ_LUNTUI\project\iar\Debug_m7_0\Obj\audioss_1346650047966882938.dir\cy_i2s.o
#        D:\learnplace\ZZZ_LUNTUI\project\iar\Debug_m7_0\Obj\rev_b_6162237342861132223.dir\cy_interrupt_map.o
#        D:\learnplace\ZZZ_LUNTUI\project\iar\Debug_m7_0\Obj\ipc_10145506163450686023.dir\cy_ipc_drv.o
#        D:\learnplace\ZZZ_LUNTUI\project\iar\Debug_m7_0\Obj\ipc_10145506163450686023.dir\cy_ipc_pipe.o
#        D:\learnplace\ZZZ_LUNTUI\project\iar\Debug_m7_0\Obj\ipc_10145506163450686023.dir\cy_ipc_sema.o
#        D:\learnplace\ZZZ_LUNTUI\project\iar\Debug_m7_0\Obj\lin_18429031207028094880.dir\cy_lin.o
#        D:\learnplace\ZZZ_LUNTUI\project\iar\Debug_m7_0\Obj\lvd_6353935867039560245.dir\cy_lvd.o
#        D:\learnplace\ZZZ_LUNTUI\project\iar\Debug_m7_0\Obj\mcwdt_4052485907822033969.dir\cy_mcwdt.o
#        D:\learnplace\ZZZ_LUNTUI\project\iar\Debug_m7_0\Obj\dma_12106025507578611576.dir\cy_mdma.o
#        D:\learnplace\ZZZ_LUNTUI\project\iar\Debug_m7_0\Obj\mpu_5663187252346826382.dir\cy_mpu.o
#        D:\learnplace\ZZZ_LUNTUI\project\iar\Debug_m7_0\Obj\flash_864493325053435817.dir\cy_mw_flash.o
#        D:\learnplace\ZZZ_LUNTUI\project\iar\Debug_m7_0\Obj\dma_12106025507578611576.dir\cy_pdma.o
#        D:\learnplace\ZZZ_LUNTUI\project\iar\Debug_m7_0\Obj\power_14453085144426420577.dir\cy_power.o
#        D:\learnplace\ZZZ_LUNTUI\project\iar\Debug_m7_0\Obj\prot_10722960861768657883.dir\cy_prot.o
#        D:\learnplace\ZZZ_LUNTUI\project\iar\Debug_m7_0\Obj\scb_15490842639181808494.dir\cy_scb_common.o
#        D:\learnplace\ZZZ_LUNTUI\project\iar\Debug_m7_0\Obj\scb_15490842639181808494.dir\cy_scb_ezi2c.o
#        D:\learnplace\ZZZ_LUNTUI\project\iar\Debug_m7_0\Obj\scb_15490842639181808494.dir\cy_scb_i2c.o
#        D:\learnplace\ZZZ_LUNTUI\project\iar\Debug_m7_0\Obj\scb_15490842639181808494.dir\cy_scb_spi.o
#        D:\learnplace\ZZZ_LUNTUI\project\iar\Debug_m7_0\Obj\scb_15490842639181808494.dir\cy_scb_uart.o
#        D:\learnplace\ZZZ_LUNTUI\project\iar\Debug_m7_0\Obj\sd_host_2982766354293506895.dir\cy_sd_host.o
#        D:\learnplace\ZZZ_LUNTUI\project\iar\Debug_m7_0\Obj\semihosting_143864889731838620.dir\cy_semihosting.o
#        D:\learnplace\ZZZ_LUNTUI\project\iar\Debug_m7_0\Obj\smartio_5451710003740070188.dir\cy_smartio.o
#        D:\learnplace\ZZZ_LUNTUI\project\iar\Debug_m7_0\Obj\smif_427648126384146252.dir\cy_smif.o
#        D:\learnplace\ZZZ_LUNTUI\project\iar\Debug_m7_0\Obj\smif_mem_6470536964353725183.dir\cy_smif_device_common.o
#        D:\learnplace\ZZZ_LUNTUI\project\iar\Debug_m7_0\Obj\smif_mem_6470536964353725183.dir\cy_smif_hb_flash.o
#        D:\learnplace\ZZZ_LUNTUI\project\iar\Debug_m7_0\Obj\smif_427648126384146252.dir\cy_smif_memslot.o
#        D:\learnplace\ZZZ_LUNTUI\project\iar\Debug_m7_0\Obj\smif_mem_6470536964353725183.dir\cy_smif_s25fl.o
#        D:\learnplace\ZZZ_LUNTUI\project\iar\Debug_m7_0\Obj\smif_mem_6470536964353725183.dir\cy_smif_s25fs.o
#        D:\learnplace\ZZZ_LUNTUI\project\iar\Debug_m7_0\Obj\smif_mem_6470536964353725183.dir\cy_smif_semp.o
#        D:\learnplace\ZZZ_LUNTUI\project\iar\Debug_m7_0\Obj\smif_427648126384146252.dir\cy_smif_ver_specific.o
#        D:\learnplace\ZZZ_LUNTUI\project\iar\Debug_m7_0\Obj\srom_13018798572330080582.dir\cy_srom.o
#        D:\learnplace\ZZZ_LUNTUI\project\iar\Debug_m7_0\Obj\sw_timer_4215635015939382130.dir\cy_sw_tmr.o
#        D:\learnplace\ZZZ_LUNTUI\project\iar\Debug_m7_0\Obj\sysclk_16149231235676103872.dir\cy_sysclk.o
#        D:\learnplace\ZZZ_LUNTUI\project\iar\Debug_m7_0\Obj\sysflt_12293435975120599261.dir\cy_sysflt.o
#        D:\learnplace\ZZZ_LUNTUI\project\iar\Debug_m7_0\Obj\sysint_7435970359207984181.dir\cy_sysint.o
#        D:\learnplace\ZZZ_LUNTUI\project\iar\Debug_m7_0\Obj\syslib_16330585751512546975.dir\cy_syslib.o
#        D:\learnplace\ZZZ_LUNTUI\project\iar\Debug_m7_0\Obj\syslib_16330585751512546975.dir\cy_syslib_iar.o
#        D:\learnplace\ZZZ_LUNTUI\project\iar\Debug_m7_0\Obj\syspm_10887939769544754770.dir\cy_syspm.o
#        D:\learnplace\ZZZ_LUNTUI\project\iar\Debug_m7_0\Obj\sysreghc_17676636058511625587.dir\cy_sysreghc.o
#        D:\learnplace\ZZZ_LUNTUI\project\iar\Debug_m7_0\Obj\sysreset_14586141425677365288.dir\cy_sysreset.o
#        D:\learnplace\ZZZ_LUNTUI\project\iar\Debug_m7_0\Obj\sysrtc_10747768817563771611.dir\cy_sysrtc.o
#        D:\learnplace\ZZZ_LUNTUI\project\iar\Debug_m7_0\Obj\systick_16016591671695740695.dir\cy_systick.o
#        D:\learnplace\ZZZ_LUNTUI\project\iar\Debug_m7_0\Obj\syswdt_9118657615806274156.dir\cy_syswdt.o
#        D:\learnplace\ZZZ_LUNTUI\project\iar\Debug_m7_0\Obj\tcpwm_422923530147891246.dir\cy_tcpwm.o
#        D:\learnplace\ZZZ_LUNTUI\project\iar\Debug_m7_0\Obj\tcpwm_422923530147891246.dir\cy_tcpwm_counter.o
#        D:\learnplace\ZZZ_LUNTUI\project\iar\Debug_m7_0\Obj\tcpwm_422923530147891246.dir\cy_tcpwm_pwm.o
#        D:\learnplace\ZZZ_LUNTUI\project\iar\Debug_m7_0\Obj\tcpwm_422923530147891246.dir\cy_tcpwm_quaddec.o
#        D:\learnplace\ZZZ_LUNTUI\project\iar\Debug_m7_0\Obj\tcpwm_422923530147891246.dir\cy_tcpwm_sr.o
#        D:\learnplace\ZZZ_LUNTUI\project\iar\Debug_m7_0\Obj\trigmux_9729677290734583340.dir\cy_trigmux.o
#        D:\learnplace\ZZZ_LUNTUI\project\iar\Debug_m7_0\Obj\ethernet_6029839089178797009.dir\edd.o
#        D:\learnplace\ZZZ_LUNTUI\project\iar\Debug_m7_0\Obj\ethernet_6029839089178797009.dir\edd_rx.o
#        D:\learnplace\ZZZ_LUNTUI\project\iar\Debug_m7_0\Obj\ethernet_6029839089178797009.dir\edd_tx.o
#        D:\learnplace\ZZZ_LUNTUI\project\iar\Debug_m7_0\Obj\code_17896468042025673432.dir\engine.o
#        D:\learnplace\ZZZ_LUNTUI\project\iar\Debug_m7_0\Obj\code_17896468042025673432.dir\filter_function.o
#        D:\learnplace\ZZZ_LUNTUI\project\iar\Debug_m7_0\Obj\code_17896468042025673432.dir\FiveBarLinkageData.o
#        D:\learnplace\ZZZ_LUNTUI\project\iar\Debug_m7_0\Obj\code_17896468042025673432.dir\imu.o
#        D:\learnplace\ZZZ_LUNTUI\project\iar\Debug_m7_0\Obj\code_17896468042025673432.dir\ipc_shared_data.o
#        D:\learnplace\ZZZ_LUNTUI\project\iar\Debug_m7_0\Obj\code_17896468042025673432.dir\kalman_rm.o
#        D:\learnplace\ZZZ_LUNTUI\project\iar\Debug_m7_0\Obj\user_8514941877209965082.dir\main_cm7_0.o
#        D:\learnplace\ZZZ_LUNTUI\project\iar\Debug_m7_0\Obj\code_17896468042025673432.dir\matrix.o
#        D:\learnplace\ZZZ_LUNTUI\project\iar\Debug_m7_0\Obj\code_17896468042025673432.dir\navigation_action.o
#        D:\learnplace\ZZZ_LUNTUI\project\iar\Debug_m7_0\Obj\code_17896468042025673432.dir\navigation_data_handling.o
#        D:\learnplace\ZZZ_LUNTUI\project\iar\Debug_m7_0\Obj\code_17896468042025673432.dir\navigation_tracking.o
#        D:\learnplace\ZZZ_LUNTUI\project\iar\Debug_m7_0\Obj\code_17896468042025673432.dir\param.o
#        D:\learnplace\ZZZ_LUNTUI\project\iar\Debug_m7_0\Obj\code_17896468042025673432.dir\pid.o
#        D:\learnplace\ZZZ_LUNTUI\project\iar\Debug_m7_0\Obj\code_17896468042025673432.dir\remote.o
#        D:\learnplace\ZZZ_LUNTUI\project\iar\Debug_m7_0\Obj\code_17896468042025673432.dir\screen_display.o
#        D:\learnplace\ZZZ_LUNTUI\project\iar\Debug_m7_0\Obj\zf_components_14936052685886095442.dir\seekfree_assistant.o
#        D:\learnplace\ZZZ_LUNTUI\project\iar\Debug_m7_0\Obj\zf_components_14936052685886095442.dir\seekfree_assistant_interface.o
#        D:\learnplace\ZZZ_LUNTUI\project\iar\Debug_m7_0\Obj\code_17896468042025673432.dir\small_driver_uart_control.o
#        D:\learnplace\ZZZ_LUNTUI\project\iar\Debug_m7_0\Obj\startup_479057977785470282.dir\startup.o
#        D:\learnplace\ZZZ_LUNTUI\project\iar\Debug_m7_0\Obj\startup_479057977785470282.dir\startup_cm7.o
#        D:\learnplace\ZZZ_LUNTUI\project\iar\Debug_m7_0\Obj\rev_b_4986922561640112550.dir\system_tviibh4m_cm7.o
#        D:\learnplace\ZZZ_LUNTUI\project\iar\Debug_m7_0\Obj\code_17896468042025673432.dir\vofa_protocol.o
#        D:\learnplace\ZZZ_LUNTUI\project\iar\Debug_m7_0\Obj\code_17896468042025673432.dir\wifi.o
#        D:\learnplace\ZZZ_LUNTUI\project\iar\Debug_m7_0\Obj\zf_common_1201165462030747823.dir\zf_common_clock.o
#        D:\learnplace\ZZZ_LUNTUI\project\iar\Debug_m7_0\Obj\zf_common_1201165462030747823.dir\zf_common_debug.o
#        D:\learnplace\ZZZ_LUNTUI\project\iar\Debug_m7_0\Obj\zf_common_1201165462030747823.dir\zf_common_fifo.o
#        D:\learnplace\ZZZ_LUNTUI\project\iar\Debug_m7_0\Obj\zf_common_1201165462030747823.dir\zf_common_font.o
#        D:\learnplace\ZZZ_LUNTUI\project\iar\Debug_m7_0\Obj\zf_common_1201165462030747823.dir\zf_common_function.o
#        D:\learnplace\ZZZ_LUNTUI\project\iar\Debug_m7_0\Obj\zf_common_1201165462030747823.dir\zf_common_interrupt.o
#        D:\learnplace\ZZZ_LUNTUI\project\iar\Debug_m7_0\Obj\zf_device_6570275422786408770.dir\zf_device_ble6a20.o
#        D:\learnplace\ZZZ_LUNTUI\project\iar\Debug_m7_0\Obj\zf_device_6570275422786408770.dir\zf_device_dl1a.o
#        D:\learnplace\ZZZ_LUNTUI\project\iar\Debug_m7_0\Obj\zf_device_6570275422786408770.dir\zf_device_dl1b.o
#        D:\learnplace\ZZZ_LUNTUI\project\iar\Debug_m7_0\Obj\zf_device_6570275422786408770.dir\zf_device_gnss.o
#        D:\learnplace\ZZZ_LUNTUI\project\iar\Debug_m7_0\Obj\zf_device_6570275422786408770.dir\zf_device_icm20602.o
#        D:\learnplace\ZZZ_LUNTUI\project\iar\Debug_m7_0\Obj\zf_device_6570275422786408770.dir\zf_device_imu660ra.o
#        D:\learnplace\ZZZ_LUNTUI\project\iar\Debug_m7_0\Obj\zf_device_6570275422786408770.dir\zf_device_imu660rb.o
#        D:\learnplace\ZZZ_LUNTUI\project\iar\Debug_m7_0\Obj\zf_device_6570275422786408770.dir\zf_device_imu963ra.o
#        D:\learnplace\ZZZ_LUNTUI\project\iar\Debug_m7_0\Obj\zf_device_6570275422786408770.dir\zf_device_ips114.o
#        D:\learnplace\ZZZ_LUNTUI\project\iar\Debug_m7_0\Obj\zf_device_6570275422786408770.dir\zf_device_ips200.o
#        D:\learnplace\ZZZ_LUNTUI\project\iar\Debug_m7_0\Obj\zf_device_6570275422786408770.dir\zf_device_ips200pro.o
#        D:\learnplace\ZZZ_LUNTUI\project\iar\Debug_m7_0\Obj\zf_device_6570275422786408770.dir\zf_device_key.o
#        D:\learnplace\ZZZ_LUNTUI\project\iar\Debug_m7_0\Obj\zf_device_6570275422786408770.dir\zf_device_menc15a.o
#        D:\learnplace\ZZZ_LUNTUI\project\iar\Debug_m7_0\Obj\zf_device_6570275422786408770.dir\zf_device_mt9v03x.o
#        D:\learnplace\ZZZ_LUNTUI\project\iar\Debug_m7_0\Obj\zf_device_6570275422786408770.dir\zf_device_oled.o
#        D:\learnplace\ZZZ_LUNTUI\project\iar\Debug_m7_0\Obj\zf_device_6570275422786408770.dir\zf_device_tft180.o
#        D:\learnplace\ZZZ_LUNTUI\project\iar\Debug_m7_0\Obj\zf_device_6570275422786408770.dir\zf_device_tsl1401.o
#        D:\learnplace\ZZZ_LUNTUI\project\iar\Debug_m7_0\Obj\zf_device_6570275422786408770.dir\zf_device_type.o
#        D:\learnplace\ZZZ_LUNTUI\project\iar\Debug_m7_0\Obj\zf_device_6570275422786408770.dir\zf_device_uart_receiver.o
#        D:\learnplace\ZZZ_LUNTUI\project\iar\Debug_m7_0\Obj\zf_device_6570275422786408770.dir\zf_device_wifi_spi.o
#        D:\learnplace\ZZZ_LUNTUI\project\iar\Debug_m7_0\Obj\zf_device_6570275422786408770.dir\zf_device_wifi_uart.o
#        D:\learnplace\ZZZ_LUNTUI\project\iar\Debug_m7_0\Obj\zf_device_6570275422786408770.dir\zf_device_wireless_uart.o
#        D:\learnplace\ZZZ_LUNTUI\project\iar\Debug_m7_0\Obj\zf_driver_11922370083829174090.dir\zf_driver_adc.o
#        D:\learnplace\ZZZ_LUNTUI\project\iar\Debug_m7_0\Obj\zf_driver_11922370083829174090.dir\zf_driver_delay.o
#        D:\learnplace\ZZZ_LUNTUI\project\iar\Debug_m7_0\Obj\zf_driver_11922370083829174090.dir\zf_driver_dma.o
#        D:\learnplace\ZZZ_LUNTUI\project\iar\Debug_m7_0\Obj\zf_driver_11922370083829174090.dir\zf_driver_encoder.o
#        D:\learnplace\ZZZ_LUNTUI\project\iar\Debug_m7_0\Obj\zf_driver_11922370083829174090.dir\zf_driver_exti.o
#        D:\learnplace\ZZZ_LUNTUI\project\iar\Debug_m7_0\Obj\zf_driver_11922370083829174090.dir\zf_driver_flash.o
#        D:\learnplace\ZZZ_LUNTUI\project\iar\Debug_m7_0\Obj\zf_driver_11922370083829174090.dir\zf_driver_gpio.o
#        D:\learnplace\ZZZ_LUNTUI\project\iar\Debug_m7_0\Obj\zf_driver_11922370083829174090.dir\zf_driver_ipc.o
#        D:\learnplace\ZZZ_LUNTUI\project\iar\Debug_m7_0\Obj\zf_driver_11922370083829174090.dir\zf_driver_pit.o
#        D:\learnplace\ZZZ_LUNTUI\project\iar\Debug_m7_0\Obj\zf_driver_11922370083829174090.dir\zf_driver_pwm.o
#        D:\learnplace\ZZZ_LUNTUI\project\iar\Debug_m7_0\Obj\zf_driver_11922370083829174090.dir\zf_driver_soft_iic.o
#        D:\learnplace\ZZZ_LUNTUI\project\iar\Debug_m7_0\Obj\zf_driver_11922370083829174090.dir\zf_driver_soft_spi.o
#        D:\learnplace\ZZZ_LUNTUI\project\iar\Debug_m7_0\Obj\zf_driver_11922370083829174090.dir\zf_driver_spi.o
#        D:\learnplace\ZZZ_LUNTUI\project\iar\Debug_m7_0\Obj\zf_driver_11922370083829174090.dir\zf_driver_timer.o
#        D:\learnplace\ZZZ_LUNTUI\project\iar\Debug_m7_0\Obj\zf_driver_11922370083829174090.dir\zf_driver_uart.o
#        --no_out_extension -o
#        D:\learnplace\ZZZ_LUNTUI\project\iar\project_config\Debug_m7_0\Exe\cyt4bb7_cm_7_0.out
#        --config_def _CORE_cm7_0_=0 --config_def _LINK_flash_=0 --map
#        D:\learnplace\ZZZ_LUNTUI\project\iar\Debug_m7_0\List\cyt4bb7_cm_7_0.map
#        --config
#        D:\learnplace\ZZZ_LUNTUI\project\iar\project_config\..\icf\linker_directives_tviibh.icf
#        --semihosting
#        D:\learnplace\ZZZ_LUNTUI\project\iar\project_config\..\..\..\libraries\sdk\tviibh4m\src\drivers\crypto\libs\libcrypto_server_cm0plus_iar.a
#        D:\learnplace\ZZZ_LUNTUI\project\iar\project_config\..\..\..\libraries\zf_device\zf_device_config.a
#        D:\learnplace\ZZZ_LUNTUI\project\iar\project_config\..\..\..\libraries\sdk\common\hdr\cmsis\dsp\iar_cortexM7lf_math.a
#        --entry __iar_program_start --vfe --text_out locale --cpu=Cortex-M7
#        --fpu=VFPv5_d16) --dependencies=n
#        D:\learnplace\ZZZ_LUNTUI\project\iar\project_config\Debug_m7_0\Exe\cyt4bb7_cm_7_0.out.iar_deps
#
###############################################################################

*******************************************************************************
*** RUNTIME MODEL ATTRIBUTES
***

CppFlavor       = *
__CPP_Runtime   = 1
__Heap_Handler  = Basic
__SystemLibrary = DLib
__dlib_version  = 6


*******************************************************************************
*** HEAP SELECTION
***

The basic heap was selected because --advanced_heap
was not specified and the application did not appear to
be primarily optimized for speed.


*******************************************************************************
*** PLACEMENT SUMMARY
***

"A0":  place at start of [from 0x1008'0000 to 0x1027'ffff] { section .intvec };
"P1":  place in [from 0x1008'0000 to 0x1027'ffff] { ro };
"P2":  place in [from 0x2802'0000 to 0x2807'ffff] { rw };
define block HEAP with size = 1K, alignment = 8 { };
define block CSTACK with size = 8K, alignment = 8 { };
define block HEAP_STACK { block HEAP, last block CSTACK };
"A1":  place at end of [from 0x2802'0000 to 0x2807'ffff] { block HEAP_STACK };
do not initialize { section .intvec_ram };
initialize by copy { rw };

No sections matched the following patterns:

  ro section .sflash_app_prot  in "P6"
  ro section .sflash_nar       in "P4"
  ro section .sflash_pkey      in "P5"
  ro section .sflash_toc2      in "P7"
  ro section .sflash_uf_rows   in "P3"
  ro section .work_flash       in "P8"
  section .global_ram_data     in "P9"


  Section            Kind         Address    Size  Object
  -------            ----         -------    ----  ------
"A0":                                        0x80
  .intvec            ro code  0x1008'0000    0x80  startup_cm7.o [31]
                            - 0x1008'0080    0x80

"P1":                                      0xa991
  .text              ro code  0x1008'0080   0xeae  xprintffull_nomb.o [50]
  .text              ro code  0x1008'0f2e    0x7e  lz77_init_single.o [52]
  .text              ro code  0x1008'0fac    0x16  strchr.o [52]
  .text              ro code  0x1008'0fc2     0xa  xsprout.o [50]
  .text              ro code  0x1008'0fcc    0x40  xfail_s.o [50]
  .text              ro code  0x1008'100c    0x36  strlen.o [52]
  .text              ro code  0x1008'1044    0x58  memchr.o [52]
  .text              ro code  0x1008'109c    0xa6  ABImemcpy.o [52]
  .text              ro code  0x1008'1144    0x70  frexp.o [51]
  .text              ro code  0x1008'11b4    0x34  DblCmpLe.o [51]
  .text              ro code  0x1008'11e8    0x34  DblCmpGe.o [51]
  .text              ro code  0x1008'121c   0x104  ldexp.o [51]
  .text              ro code  0x1008'1320     0xe  DblToS32.o [51]
  .text              ro code  0x1008'132e     0xe  S32ToDbl.o [51]
  .text              ro code  0x1008'133c    0x12  DblSub.o [51]
  .text              ro code  0x1008'134e    0x12  DblDiv.o [51]
  .text              ro code  0x1008'1360     0xe  DblToU32.o [51]
  .text              ro code  0x1008'136e     0xe  U32ToDbl.o [51]
  .text              ro code  0x1008'137c    0x12  DblMul.o [51]
  .text              ro code  0x1008'1390   0x230  I64DivMod.o [52]
  .text              ro code  0x1008'15c0     0x6  abort.o [50]
  .text              ro code  0x1008'15c8     0x2  I64DivZer.o [52]
  .text              ro code  0x1008'15cc    0x14  exit.o [53]
  .text              ro code  0x1008'15e0   0xe18  zf_driver_pwm.o [49]
  .text              ro code  0x1008'23f8   0x430  zf_common_debug.o [46]
  .text              ro code  0x1008'2828    0x66  ABImemset.o [52]
  .text              ro code  0x1008'2890   0x194  cy_gpio.o [14]
  .text              ro code  0x1008'2a24   0x20a  cy_tcpwm_pwm.o [43]
  .text              ro code  0x1008'2c2e     0xc  cy_tcpwm.o [43]
  .text              ro code  0x1008'2c3c   0x9e8  zf_driver_uart.o [49]
  .text              ro code  0x1008'3624    0x40  sprintf.o [50]
  .text              ro code  0x1008'3664    0xe2  zf_common_interrupt.o [46]
  .text              ro code  0x1008'3748    0x40  zf_common_fifo.o [46]
  .text              ro code  0x1008'3788     0x6  ABImemclr4.o [52]
  .text              ro code  0x1008'3790   0x314  cy_scb_uart.o [24]
  .text              ro code  0x1008'3aa4    0xac  cy_sysint.o [35]
  .text              ro code  0x1008'3b50    0x32  ABImemset48.o [52]
  .text              ro code  0x1008'3b84   0xb6c  kalman_rm.o [5]
  .text              ro code  0x1008'46f0    0x1e  sqrtf.o [51]
  .text              ro code  0x1008'4710    0x48  atanf.o [51]
  .text              ro code  0x1008'4758   0x1d4  cos_sin32.o [51]
  .text              ro code  0x1008'492c    0x6a  atan2f.o [51]
  .text              ro code  0x1008'4998   0x1a4  tan32.o [51]
  .text              ro code  0x1008'4b3c    0xa4  xatanf.o [51]
  .text              ro code  0x1008'4be0   0xa44  zf_driver_spi.o [49]
  .text              ro code  0x1008'5624   0x1f0  cy_scb_spi.o [24]
  .text              ro code  0x1008'5814   0x9f8  control.o [5]
  .text              ro code  0x1008'620c    0x62  pid.o [5]
  .text              ro code  0x1008'6270   0x520  FiveBarLinkageData.o [5]
  .text              ro code  0x1008'6790   0x1d4  engine.o [5]
  .text              ro code  0x1008'6964   0x17a  small_driver_uart_control.o [5]
  .text              ro code  0x1008'6ae0    0x64  acosf.o [51]
  .text              ro code  0x1008'6b44   0x8e8  cy_sysclk.o [33]
  .text              ro code  0x1008'742c    0x70  strncpy.o [52]
  .text              ro code  0x1008'749c    0xa8  cy_syslib.o [36]
  .text              ro code  0x1008'7544     0x2  cy_syslib.o [36]
  .text              ro code  0x1008'7548   0x5a4  zf_driver_adc.o [49]
  .text              ro code  0x1008'7aec   0x2d0  cy_adc.o [1]
  .text              ro code  0x1008'7dbc   0x444  zf_device_imu963ra.o [48]
  .text              ro code  0x1008'8200   0x284  zf_driver_delay.o [49]
  .text              ro code  0x1008'8484   0x110  zf_driver_gpio.o [49]
  .text              ro code  0x1008'8594   0x1b8  cy_tcpwm_counter.o [43]
  .text              ro code  0x1008'874c   0x3e8  ipc_shared_data.o [5]
  .text              ro code  0x1008'8b34    0x1e  U64Shr.o [52]
  .text              ro code  0x1008'8b54   0x398  zf_driver_pit.o [49]
  .text              ro code  0x1008'8eec   0x2a8  zf_driver_timer.o [49]
  .text              ro code  0x1008'9194   0x278  cm7_0_isr.o [45]
  .text              ro code  0x1008'940c   0x114  imu.o [5]
  .text              ro code  0x1008'9520   0x244  remote.o [5]
  .text              ro code  0x1008'9764    0x7c  zf_device_tsl1401.o [48]
  .text              ro code  0x1008'97e0    0x28  printf.o [50]
  .text              ro code  0x1008'9808   0x16c  zf_device_uart_receiver.o [48]
  .text              ro code  0x1008'9974    0x44  zf_device_type.o [48]
  .text              ro code  0x1008'99b8   0x204  startup.o [31]
  .text              ro code  0x1008'9bbc   0x150  system_tviibh4m_cm7.o [22]
  .text              ro code  0x1008'9d0c     0x8  startup_cm7.o [31]
  .text              ro code  0x1008'9d14     0x6  startup_cm7.o [31]
  .text              ro code  0x1008'9d1c   0x198  cy_interrupt_map.o [23]
  .text              ro code  0x1008'9eb4    0xb4  battery_monitor.o [5]
  .text              ro code  0x1008'9f68    0xb4  main_cm7_0.o [45]
  .text              ro code  0x1008'a01c    0x1c  zf_common_clock.o [46]
  .text              ro code  0x1008'a038    0xb0  startup_cm7.o [31]
  .rodata            const    0x1008'a0e8    0xa4  ipc_shared_data.o [5]
  .rodata            const    0x1008'a18c    0x54  system_tviibh4m_cm7.o [22]
  .rodata            const    0x1008'a1e0    0x50  cy_sysclk.o [33]
  .rodata            const    0x1008'a230    0x50  cy_sysclk.o [33]
  .rodata            const    0x1008'a280    0x44  zf_device_imu963ra.o [48]
  .rodata            const    0x1008'a2c4    0x40  zf_common_fifo.o [46]
  .rodata            const    0x1008'a304    0x40  zf_driver_adc.o [49]
  .rodata            const    0x1008'a344    0x40  zf_driver_pwm.o [49]
  .rodata            const    0x1008'a384    0x40  zf_driver_spi.o [49]
  .rodata            const    0x1008'a3c4    0x40  zf_driver_uart.o [49]
  .text              ro code  0x1008'a404    0x38  zero_init3.o [52]
  .rodata            const    0x1008'a43c    0x28  zf_device_imu963ra.o [48]
  .text              ro code  0x1008'a464    0x28  data_init.o [52]
  .text              ro code  0x1008'a48c    0x22  fpinit_M.o [51]
  .iar.init_table    const    0x1008'a4b0    0x20  - Linker created -
  .rodata            const    0x1008'a4d0    0x20  zf_device_imu963ra.o [48]
  .text              ro code  0x1008'a4f0    0x20  startup_cm7.o [31]
  .text              ro code  0x1008'a510    0x20  putchar.o [50]
  .text              ro code  0x1008'a530    0x1e  cy_syslib_iar.o [36]
  .text              ro code  0x1008'a550    0x1e  cmain.o [52]
  .text              ro code  0x1008'a570     0x4  startup_cm7.o [31]
  .text              ro code  0x1008'a574     0x4  exit.o [50]
  .text              ro code  0x1008'a578     0xa  cexit.o [52]
  .rodata            const    0x1008'a584    0x1c  zf_common_debug.o [46]
  .text              ro code  0x1008'a5a0    0x1c  startup_cm7.o [31]
  .text              ro code  0x1008'a5bc    0x1c  cstartup_M.o [52]
  .rodata            const    0x1008'a5d8    0x18  imu.o [5]
  .rodata            const    0x1008'a5f0    0x18  startup.o [31]
  .rodata            const    0x1008'a608    0x18  system_tviibh4m_cm7.o [22]
  .rodata            const    0x1008'a620    0x18  zf_common_debug.o [46]
  .text              ro code  0x1008'a638    0x16  xprout.o [50]
  .rodata            const    0x1008'a650    0x10  zf_common_debug.o [46]
  .rodata            const    0x1008'a660    0x10  zf_common_debug.o [46]
  .rodata            const    0x1008'a670     0xc  engine.o [5]
  .rodata            const    0x1008'a67c     0xc  engine.o [5]
  .rodata            const    0x1008'a688     0xc  engine.o [5]
  .rodata            const    0x1008'a694     0xc  engine.o [5]
  .rodata            const    0x1008'a6a0     0xc  zf_common_debug.o [46]
  .rodata            const    0x1008'a6ac     0xc  zf_common_debug.o [46]
  .rodata            const    0x1008'a6b8     0xc  zf_common_debug.o [46]
  .text              ro code  0x1008'a6c4     0xc  cy_syslib.o [36]
  .rodata            const    0x1008'a6d0     0x8  cy_sysclk.o [33]
  .rodata            const    0x1008'a6d8     0x4  cy_adc.o [1]
  .rodata            const    0x1008'a6dc     0x4  cy_adc.o [1]
  .rodata            const    0x1008'a6e0     0x4  cy_adc.o [1]
  .rodata            const    0x1008'a6e4     0x4  cy_adc.o [1]
  .rodata            const    0x1008'a6e8     0x4  cy_adc.o [1]
  .rodata            const    0x1008'a6ec     0x4  cy_adc.o [1]
  .rodata            const    0x1008'a6f0     0x4  cy_adc.o [1]
  .rodata            const    0x1008'a6f4     0x4  cy_adc.o [1]
  .rodata            const    0x1008'a6f8     0x4  cy_interrupt_map.o [23]
  .rodata            const    0x1008'a6fc     0x4  cy_interrupt_map.o [23]
  .rodata            const    0x1008'a700     0x4  cy_interrupt_map.o [23]
  .rodata            const    0x1008'a704     0x4  cy_interrupt_map.o [23]
  .rodata            const    0x1008'a708     0x4  cy_interrupt_map.o [23]
  .rodata            const    0x1008'a70c     0x4  cy_interrupt_map.o [23]
  .rodata            const    0x1008'a710     0x4  cy_interrupt_map.o [23]
  .rodata            const    0x1008'a714     0x4  cy_interrupt_map.o [23]
  .rodata            const    0x1008'a718     0x4  cy_scb_spi.o [24]
  .rodata            const    0x1008'a71c     0x4  cy_scb_spi.o [24]
  .rodata            const    0x1008'a720     0x4  cy_scb_spi.o [24]
  .rodata            const    0x1008'a724     0x4  cy_scb_spi.o [24]
  .rodata            const    0x1008'a728     0x4  cy_scb_uart.o [24]
  .rodata            const    0x1008'a72c     0x4  cy_scb_uart.o [24]
  .rodata            const    0x1008'a730     0x4  cy_scb_uart.o [24]
  .rodata            const    0x1008'a734     0x4  cy_scb_uart.o [24]
  .rodata            const    0x1008'a738     0x4  cy_scb_uart.o [24]
  .rodata            const    0x1008'a73c     0x4  cy_scb_uart.o [24]
  .rodata            const    0x1008'a740     0x4  cy_scb_uart.o [24]
  .rodata            const    0x1008'a744     0x4  cy_scb_uart.o [24]
  .rodata            const    0x1008'a748     0x4  cy_scb_uart.o [24]
  .rodata            const    0x1008'a74c     0x4  cy_scb_uart.o [24]
  .rodata            const    0x1008'a750     0x4  cy_sysint.o [35]
  .rodata            const    0x1008'a754     0x4  cy_sysint.o [35]
  .rodata            const    0x1008'a758     0x4  cy_tcpwm_counter.o [43]
  .rodata            const    0x1008'a75c     0x4  cy_tcpwm_counter.o [43]
  .rodata            const    0x1008'a760     0x4  cy_tcpwm_counter.o [43]
  .rodata            const    0x1008'a764     0x4  cy_tcpwm_counter.o [43]
  .rodata            const    0x1008'a768     0x4  cy_tcpwm_counter.o [43]
  .rodata            const    0x1008'a76c     0x4  cy_tcpwm_pwm.o [43]
  .rodata            const    0x1008'a770     0x4  cy_tcpwm_pwm.o [43]
  .rodata            const    0x1008'a774     0x4  cy_tcpwm_pwm.o [43]
  .rodata            const    0x1008'a778     0x4  cy_tcpwm_pwm.o [43]
  .rodata            const    0x1008'a77c     0x4  cy_tcpwm_pwm.o [43]
  .rodata            const    0x1008'a780     0x4  cy_tcpwm_pwm.o [43]
  .rodata            const    0x1008'a784     0x4  cy_tcpwm_pwm.o [43]
  .rodata            const    0x1008'a788     0x4  param.o [5]
  .rodata            const    0x1008'a78c     0x4  param.o [5]
  .rodata            const    0x1008'a790     0x4  param.o [5]
  .rodata            const    0x1008'a794     0x4  param.o [5]
  .rodata            const    0x1008'a798     0x4  param.o [5]
  .rodata            const    0x1008'a79c     0x4  param.o [5]
  .rodata            const    0x1008'a7a0     0x4  param.o [5]
  .rodata            const    0x1008'a7a4     0x4  param.o [5]
  .rodata            const    0x1008'a7a8     0x4  param.o [5]
  .rodata            const    0x1008'a7ac     0x4  param.o [5]
  .rodata            const    0x1008'a7b0     0x4  param.o [5]
  .rodata            const    0x1008'a7b4     0x4  param.o [5]
  .rodata            const    0x1008'a7b8     0x4  param.o [5]
  .rodata            const    0x1008'a7bc     0x4  param.o [5]
  .rodata            const    0x1008'a7c0     0x4  param.o [5]
  .rodata            const    0x1008'a7c4     0x4  param.o [5]
  .rodata            const    0x1008'a7c8     0x4  param.o [5]
  .rodata            const    0x1008'a7cc     0x4  param.o [5]
  .rodata            const    0x1008'a7d0     0x4  param.o [5]
  .rodata            const    0x1008'a7d4     0x4  param.o [5]
  .rodata            const    0x1008'a7d8     0x4  param.o [5]
  .rodata            const    0x1008'a7dc     0x4  param.o [5]
  .rodata            const    0x1008'a7e0     0x4  param.o [5]
  .rodata            const    0x1008'a7e4     0x4  param.o [5]
  .rodata            const    0x1008'a7e8     0x4  param.o [5]
  .rodata            const    0x1008'a7ec     0x4  param.o [5]
  .rodata            const    0x1008'a7f0     0x4  param.o [5]
  .rodata            const    0x1008'a7f4     0x4  param.o [5]
  .rodata            const    0x1008'a7f8     0x4  param.o [5]
  .rodata            const    0x1008'a7fc     0x4  param.o [5]
  .rodata            const    0x1008'a800     0x4  param.o [5]
  .rodata            const    0x1008'a804     0x4  param.o [5]
  .rodata            const    0x1008'a808     0x4  param.o [5]
  .rodata            const    0x1008'a80c     0x4  param.o [5]
  .rodata            const    0x1008'a810     0x4  param.o [5]
  .rodata            const    0x1008'a814     0x4  param.o [5]
  .rodata            const    0x1008'a818     0x4  param.o [5]
  .rodata            const    0x1008'a81c     0x4  param.o [5]
  .rodata            const    0x1008'a820     0x4  param.o [5]
  .rodata            const    0x1008'a824     0x4  param.o [5]
  .rodata            const    0x1008'a828     0x4  param.o [5]
  .rodata            const    0x1008'a82c     0x4  param.o [5]
  .text              ro code  0x1008'a830     0x4  startup_cm7.o [31]
  .text              ro code  0x1008'a834     0x4  startup_cm7.o [31]
  .text              ro code  0x1008'a838     0x4  startup_cm7.o [31]
  .text              ro code  0x1008'a83c     0x4  startup_cm7.o [31]
  .text              ro code  0x1008'a840     0x4  startup_cm7.o [31]
  .text              ro code  0x1008'a844     0x4  startup_cm7.o [31]
  .text              ro code  0x1008'a848     0x4  startup_cm7.o [31]
  .text              ro code  0x1008'a84c     0x4  startup_cm7.o [31]
  .text              ro code  0x1008'a850     0x4  startup_cm7.o [31]
  .text              ro code  0x1008'a854     0x4  startup_cm7.o [31]
  .text              ro code  0x1008'a858     0x4  startup_cm7.o [31]
  .text              ro code  0x1008'a85c     0x4  startup_cm7.o [31]
  .text              ro code  0x1008'a860     0x4  startup_cm7.o [31]
  .text              ro code  0x1008'a864     0x4  startup_cm7.o [31]
  .text              ro code  0x1008'a868     0x4  startup_cm7.o [31]
  .rodata            const    0x1008'a86c     0x0  zero_init3.o [52]
  .rodata            const    0x1008'a86c     0x0  lz77_init_single.o [52]
  Initializer bytes  const    0x1008'a86c    0xf3  <for P2-1>
                            - 0x1008'a95f  0xa8df

Absolute sections, part 1 of 2:              0xf0
  .noinit            uninit   0x2800'1000    0xf0  ipc_shared_data.o [5]
                            - 0x2800'10f0    0xf0

Absolute sections, part 2 of 2:              0xb8
  .noinit            uninit   0x2800'1200    0xb8  ipc_shared_data.o [5]
                            - 0x2800'12b8    0xb8

"P2", part 1 of 3:                          0x803
  P2-1                        0x2802'0000   0x803  <Init block>
    .data            inited   0x2802'0000   0x6ec  cy_interrupt_map.o [23]
    .data            inited   0x2802'06ec     0x4  cy_interrupt_map.o [23]
    .data            inited   0x2802'06f0    0x20  FiveBarLinkageData.o [5]
    .data            inited   0x2802'0710     0x4  kalman_rm.o [5]
    .data            inited   0x2802'0714     0x4  kalman_rm.o [5]
    .data            inited   0x2802'0718     0x4  kalman_rm.o [5]
    .data            inited   0x2802'071c     0x4  kalman_rm.o [5]
    .data            inited   0x2802'0720     0x4  navigation_data_handling.o [5]
    .data            inited   0x2802'0724     0x4  navigation_data_handling.o [5]
    .data            inited   0x2802'0728     0x4  navigation_data_handling.o [5]
    .data            inited   0x2802'072c     0x4  navigation_data_handling.o [5]
    .data            inited   0x2802'0730     0x4  navigation_data_handling.o [5]
    .data            inited   0x2802'0734     0x4  navigation_data_handling.o [5]
    .data            inited   0x2802'0738     0x4  navigation_data_handling.o [5]
    .data            inited   0x2802'073c     0x4  navigation_data_handling.o [5]
    .data            inited   0x2802'0740     0x4  navigation_data_handling.o [5]
    .data            inited   0x2802'0744     0x4  param.o [5]
    .data            inited   0x2802'0748     0x4  param.o [5]
    .data            inited   0x2802'074c    0x1c  remote.o [5]
    .data            inited   0x2802'0768     0xc  zf_device_imu963ra.o [48]
    .data            inited   0x2802'0774     0x4  zf_device_type.o [48]
    .data            inited   0x2802'0778     0x4  zf_device_type.o [48]
    .data            inited   0x2802'077c     0xc  zf_driver_adc.o [49]
    .data            inited   0x2802'0788    0x3c  zf_driver_pit.o [49]
    .data            inited   0x2802'07c4    0x10  zf_driver_spi.o [49]
    .data            inited   0x2802'07d4    0x14  zf_driver_uart.o [49]
    .data            inited   0x2802'07e8    0x14  zf_driver_uart.o [49]
    .data            inited   0x2802'07fc     0x2  zf_driver_delay.o [49]
    .data            inited   0x2802'07fe     0x1  control.o [5]
    .data            inited   0x2802'07ff     0x1  control.o [5]
    .data            inited   0x2802'0800     0x1  control.o [5]
    .data            inited   0x2802'0801     0x1  zf_common_debug.o [46]
    .data            inited   0x2802'0802     0x1  zf_driver_delay.o [49]
                            - 0x2802'0803   0x803

"P2", part 2 of 3:                          0x7c0
  .bss               zero     0x2802'0804   0x200  zf_device_tsl1401.o [48]
  .bss               zero     0x2802'0a04   0x118  zf_driver_uart.o [49]
  .bss               zero     0x2802'0b1c    0x70  cy_syslib.o [36]
  .bss               zero     0x2802'0b8c    0x60  imu.o [5]
  .bss               zero     0x2802'0bec    0x48  zf_driver_adc.o [49]
  .bss               zero     0x2802'0c34    0x40  imu.o [5]
  .bss               zero     0x2802'0c74    0x40  zf_common_debug.o [46]
  .bss               zero     0x2802'0cb4    0x30  param.o [5]
  .bss               zero     0x2802'0ce4    0x30  param.o [5]
  .bss               zero     0x2802'0d14    0x30  param.o [5]
  .bss               zero     0x2802'0d44    0x30  param.o [5]
  .bss               zero     0x2802'0d74    0x30  param.o [5]
  .bss               zero     0x2802'0da8    0x28  navigation_data_handling.o [5]
  .bss               zero     0x2802'0dd0    0x1c  zf_device_uart_receiver.o [48]
  .bss               zero     0x2802'0dec    0x18  cy_sysclk.o [33]
  .bss               zero     0x2802'0e04    0x18  cy_syslib.o [36]
  .bss               zero     0x2802'0e1c    0x18  zf_common_debug.o [46]
  .bss               zero     0x2802'0e34    0x14  small_driver_uart_control.o [5]
  .bss               zero     0x2802'0e48    0x14  zf_common_debug.o [46]
  .bss               zero     0x2802'0e5c    0x10  zf_device_uart_receiver.o [48]
  .bss               zero     0x2802'0e6c     0xc  control.o [5]
  .bss               zero     0x2802'0e78     0x4  battery_monitor.o [5]
  .bss               zero     0x2802'0e7c     0x4  cm7_0_isr.o [45]
  .bss               zero     0x2802'0e80     0x4  cm7_0_isr.o [45]
  .bss               zero     0x2802'0e84     0x4  control.o [5]
  .bss               zero     0x2802'0e88     0x4  control.o [5]
  .bss               zero     0x2802'0e8c     0x4  control.o [5]
  .bss               zero     0x2802'0e90     0x4  control.o [5]
  .bss               zero     0x2802'0e94     0x4  control.o [5]
  .bss               zero     0x2802'0e98     0x4  control.o [5]
  .bss               zero     0x2802'0e9c     0x4  control.o [5]
  .bss               zero     0x2802'0ea0     0x4  control.o [5]
  .bss               zero     0x2802'0ea4     0x4  control.o [5]
  .bss               zero     0x2802'0ea8     0x4  control.o [5]
  .bss               zero     0x2802'0eac     0x4  control.o [5]
  .bss               zero     0x2802'0eb0     0x4  control.o [5]
  .bss               zero     0x2802'0eb4     0x4  control.o [5]
  .bss               zero     0x2802'0eb8     0x4  control.o [5]
  .bss               zero     0x2802'0ebc     0x4  control.o [5]
  .bss               zero     0x2802'0ec0     0x4  control.o [5]
  .bss               zero     0x2802'0ec4     0x4  control.o [5]
  .bss               zero     0x2802'0ec8     0x4  control.o [5]
  .bss               zero     0x2802'0ecc     0x4  control.o [5]
  .bss               zero     0x2802'0ed0     0x4  control.o [5]
  .bss               zero     0x2802'0ed4     0x4  control.o [5]
  .bss               zero     0x2802'0ed8     0x4  control.o [5]
  .bss               zero     0x2802'0edc     0x4  control.o [5]
  .bss               zero     0x2802'0ee0     0x4  control.o [5]
  .bss               zero     0x2802'0ee4     0x4  control.o [5]
  .bss               zero     0x2802'0ee8     0x4  control.o [5]
  .bss               zero     0x2802'0eec     0x4  control.o [5]
  .bss               zero     0x2802'0ef0     0x4  control.o [5]
  .bss               zero     0x2802'0ef4     0x4  control.o [5]
  .bss               zero     0x2802'0ef8     0x4  cy_syslib.o [36]
  .bss               zero     0x2802'0efc     0x4  engine.o [5]
  .bss               zero     0x2802'0f00     0x4  engine.o [5]
  .bss               zero     0x2802'0f04     0x4  engine.o [5]
  .bss               zero     0x2802'0f08     0x4  engine.o [5]
  .bss               zero     0x2802'0f0c     0x4  engine.o [5]
  .bss               zero     0x2802'0f10     0x4  engine.o [5]
  .bss               zero     0x2802'0f14     0x4  engine.o [5]
  .bss               zero     0x2802'0f18     0x4  engine.o [5]
  .bss               zero     0x2802'0f1c     0x4  param.o [5]
  .bss               zero     0x2802'0f20     0x4  param.o [5]
  .bss               zero     0x2802'0f24     0x4  param.o [5]
  .bss               zero     0x2802'0f28     0x4  param.o [5]
  .bss               zero     0x2802'0f2c     0x4  param.o [5]
  .bss               zero     0x2802'0f30     0x4  param.o [5]
  .bss               zero     0x2802'0f34     0x4  param.o [5]
  .bss               zero     0x2802'0f38     0x4  param.o [5]
  .bss               zero     0x2802'0f3c     0x4  param.o [5]
  .bss               zero     0x2802'0f40     0x4  param.o [5]
  .bss               zero     0x2802'0f44     0x4  param.o [5]
  .bss               zero     0x2802'0f48     0x4  param.o [5]
  .bss               zero     0x2802'0f4c     0x4  param.o [5]
  .bss               zero     0x2802'0f50     0x4  param.o [5]
  .bss               zero     0x2802'0f54     0x4  param.o [5]
  .bss               zero     0x2802'0f58     0x4  param.o [5]
  .bss               zero     0x2802'0f5c     0x4  param.o [5]
  .bss               zero     0x2802'0f60     0x4  param.o [5]
  .bss               zero     0x2802'0f64     0x4  param.o [5]
  .bss               zero     0x2802'0f68     0x4  param.o [5]
  .bss               zero     0x2802'0f6c     0x4  param.o [5]
  .bss               zero     0x2802'0f70     0x4  param.o [5]
  .bss               zero     0x2802'0f74     0x4  system_tviibh4m_cm7.o [22]
  .bss               zero     0x2802'0f78     0x4  system_tviibh4m_cm7.o [22]
  .bss               zero     0x2802'0f7c     0x4  system_tviibh4m_cm7.o [22]
  .bss               zero     0x2802'0f80     0x4  system_tviibh4m_cm7.o [22]
  .bss               zero     0x2802'0f84     0x4  system_tviibh4m_cm7.o [22]
  .bss               zero     0x2802'0f88     0x4  zf_common_clock.o [46]
  .bss               zero     0x2802'0f8c     0x4  zf_common_interrupt.o [46]
  .bss               zero     0x2802'0f90     0x4  zf_driver_spi.o [49]
  .bss               zero     0x2802'0f94     0x4  zf_driver_timer.o [49]
  .bss               zero     0x2802'0f98     0x4  xfail_s.o [50]
  .bss               zero     0x2802'0f9c     0x2  battery_monitor.o [5]
  .bss               zero     0x2802'0f9e     0x2  control.o [5]
  .bss               zero     0x2802'0fa0     0x2  control.o [5]
  .bss               zero     0x2802'0fa2     0x2  zf_device_imu963ra.o [48]
  .bss               zero     0x2802'0fa4     0x2  zf_device_imu963ra.o [48]
  .bss               zero     0x2802'0fa6     0x2  zf_device_imu963ra.o [48]
  .bss               zero     0x2802'0fa8     0x2  zf_device_imu963ra.o [48]
  .bss               zero     0x2802'0faa     0x2  zf_device_imu963ra.o [48]
  .bss               zero     0x2802'0fac     0x2  zf_device_imu963ra.o [48]
  .bss               zero     0x2802'0fae     0x2  zf_device_imu963ra.o [48]
  .bss               zero     0x2802'0fb0     0x2  zf_device_imu963ra.o [48]
  .bss               zero     0x2802'0fb2     0x2  zf_device_imu963ra.o [48]
  .bss               zero     0x2802'0fb4     0x1  battery_monitor.o [5]
  .bss               zero     0x2802'0fb5     0x1  cm7_0_isr.o [45]
  .bss               zero     0x2802'0fb6     0x1  control.o [5]
  .bss               zero     0x2802'0fb7     0x1  control.o [5]
  .bss               zero     0x2802'0fb8     0x1  control.o [5]
  .bss               zero     0x2802'0fb9     0x1  cy_sysclk.o [33]
  .bss               zero     0x2802'0fba     0x1  main_cm7_0.o [45]
  .bss               zero     0x2802'0fbb     0x1  remote.o [5]
  .bss               zero     0x2802'0fbc     0x1  zf_common_debug.o [46]
  .bss               zero     0x2802'0fbd     0x1  zf_common_debug.o [46]
  .bss               zero     0x2802'0fbe     0x1  zf_device_tsl1401.o [48]
  .bss               zero     0x2802'0fbf     0x1  zf_device_tsl1401.o [48]
  .bss               zero     0x2802'0fc0     0x1  zf_device_type.o [48]
  .bss               zero     0x2802'0fc1     0x1  zf_device_uart_receiver.o [48]
                            - 0x2802'0fc2   0x7be

"P2", part 3 of 3:                           0x80
  .intvec_ram        uninit   0x2802'1000    0x80  startup_cm7.o [31]
                            - 0x2802'1080    0x80

"A1":                                      0x2000
  HEAP_STACK                  0x2807'e000  0x2000  <Block>
    CSTACK                    0x2807'e000  0x2000  <Block>
      CSTACK         uninit   0x2807'e000  0x2000  <Block tail>
                            - 0x2808'0000  0x2000

Unused ranges:

         From           To       Size
         ----           --       ----
  0x1008'aa11  0x1027'ffff  0x1f'55ef
  0x2802'0803  0x2802'0803        0x1
  0x2802'0fc4  0x2802'0fff       0x3c
  0x2802'1080  0x2807'dfff   0x5'cf80


*******************************************************************************
*** INIT TABLE
***

          Address      Size
          -------      ----
Zero (__iar_zero_init3)
    1 destination range, total size 0x7be:
          0x2802'0804  0x7be

Copy/lz77 (__iar_lz77_init_single3)
    1 source range, total size 0xf3 (11% of destination):
          0x1008'a86c   0xf3
    1 destination range, total size 0x803:
          0x2802'0000  0x803



*******************************************************************************
*** MODULE SUMMARY
***

    Module                       ro code  ro data  rw data  rw data
                                                             (abs)
    ------                       -------  -------  -------  -------
command line/config:
    ---------------------------------------------------------------
    Total:

D:\learnplace\ZZZ_LUNTUI\project\iar\Debug_m7_0\Obj\adc_11722776235721520015.dir: [1]
    cy_adc.o                         720       32
    ---------------------------------------------------------------
    Total:                           720       32

D:\learnplace\ZZZ_LUNTUI\project\iar\Debug_m7_0\Obj\audioss_1346650047966882938.dir: [2]
    ---------------------------------------------------------------
    Total:

D:\learnplace\ZZZ_LUNTUI\project\iar\Debug_m7_0\Obj\button_4990804375159372270.dir: [3]
    ---------------------------------------------------------------
    Total:

D:\learnplace\ZZZ_LUNTUI\project\iar\Debug_m7_0\Obj\canfd_1800690984773873875.dir: [4]
    ---------------------------------------------------------------
    Total:

D:\learnplace\ZZZ_LUNTUI\project\iar\Debug_m7_0\Obj\code_17896468042025673432.dir: [5]
    FiveBarLinkageData.o           1'312        4       32
    battery_monitor.o                180                 7
    control.o                      2'552               138
    engine.o                         468       48       32
    imu.o                            276       24      160
    ipc_shared_data.o              1'000      164               424
    kalman_rm.o                    2'924        2       16
    navigation_data_handling.o                  4       76
    param.o                                   169      336
    pid.o                             98
    remote.o                         580        3       29
    small_driver_uart_control.o      378                20
    ---------------------------------------------------------------
    Total:                         9'768      418      846      424

D:\learnplace\ZZZ_LUNTUI\project\iar\Debug_m7_0\Obj\cpu_15938736945165268644.dir: [6]
    ---------------------------------------------------------------
    Total:

D:\learnplace\ZZZ_LUNTUI\project\iar\Debug_m7_0\Obj\crypto_1190170608956581615.dir: [7]
    ---------------------------------------------------------------
    Total:

D:\learnplace\ZZZ_LUNTUI\project\iar\Debug_m7_0\Obj\dma_12106025507578611576.dir: [8]
    ---------------------------------------------------------------
    Total:

D:\learnplace\ZZZ_LUNTUI\project\iar\Debug_m7_0\Obj\eth_phy_18133017486186456677.dir: [9]
    ---------------------------------------------------------------
    Total:

D:\learnplace\ZZZ_LUNTUI\project\iar\Debug_m7_0\Obj\ethernet_6029839089178797009.dir: [10]
    ---------------------------------------------------------------
    Total:

D:\learnplace\ZZZ_LUNTUI\project\iar\Debug_m7_0\Obj\evtgen_3404189088603873129.dir: [11]
    ---------------------------------------------------------------
    Total:

D:\learnplace\ZZZ_LUNTUI\project\iar\Debug_m7_0\Obj\flash_8529866181315662935.dir: [12]
    ---------------------------------------------------------------
    Total:

D:\learnplace\ZZZ_LUNTUI\project\iar\Debug_m7_0\Obj\flash_864493325053435817.dir: [13]
    ---------------------------------------------------------------
    Total:

D:\learnplace\ZZZ_LUNTUI\project\iar\Debug_m7_0\Obj\gpio_3999404635324069351.dir: [14]
    cy_gpio.o                        404
    ---------------------------------------------------------------
    Total:                           404

D:\learnplace\ZZZ_LUNTUI\project\iar\Debug_m7_0\Obj\ipc_10145506163450686023.dir: [15]
    ---------------------------------------------------------------
    Total:

D:\learnplace\ZZZ_LUNTUI\project\iar\Debug_m7_0\Obj\lin_18429031207028094880.dir: [16]
    ---------------------------------------------------------------
    Total:

D:\learnplace\ZZZ_LUNTUI\project\iar\Debug_m7_0\Obj\lvd_6353935867039560245.dir: [17]
    ---------------------------------------------------------------
    Total:

D:\learnplace\ZZZ_LUNTUI\project\iar\Debug_m7_0\Obj\mcwdt_4052485907822033969.dir: [18]
    ---------------------------------------------------------------
    Total:

D:\learnplace\ZZZ_LUNTUI\project\iar\Debug_m7_0\Obj\mpu_5663187252346826382.dir: [19]
    ---------------------------------------------------------------
    Total:

D:\learnplace\ZZZ_LUNTUI\project\iar\Debug_m7_0\Obj\power_14453085144426420577.dir: [20]
    ---------------------------------------------------------------
    Total:

D:\learnplace\ZZZ_LUNTUI\project\iar\Debug_m7_0\Obj\prot_10722960861768657883.dir: [21]
    ---------------------------------------------------------------
    Total:

D:\learnplace\ZZZ_LUNTUI\project\iar\Debug_m7_0\Obj\rev_b_4986922561640112550.dir: [22]
    system_tviibh4m_cm7.o            336      108       20
    ---------------------------------------------------------------
    Total:                           336      108       20

D:\learnplace\ZZZ_LUNTUI\project\iar\Debug_m7_0\Obj\rev_b_6162237342861132223.dir: [23]
    cy_interrupt_map.o               408      242    1'776
    ---------------------------------------------------------------
    Total:                           408      242    1'776

D:\learnplace\ZZZ_LUNTUI\project\iar\Debug_m7_0\Obj\scb_15490842639181808494.dir: [24]
    cy_scb_spi.o                     496       16
    cy_scb_uart.o                    788       40
    ---------------------------------------------------------------
    Total:                         1'284       56

D:\learnplace\ZZZ_LUNTUI\project\iar\Debug_m7_0\Obj\sd_host_2982766354293506895.dir: [25]
    ---------------------------------------------------------------
    Total:

D:\learnplace\ZZZ_LUNTUI\project\iar\Debug_m7_0\Obj\semihosting_143864889731838620.dir: [26]
    ---------------------------------------------------------------
    Total:

D:\learnplace\ZZZ_LUNTUI\project\iar\Debug_m7_0\Obj\smartio_5451710003740070188.dir: [27]
    ---------------------------------------------------------------
    Total:

D:\learnplace\ZZZ_LUNTUI\project\iar\Debug_m7_0\Obj\smif_427648126384146252.dir: [28]
    ---------------------------------------------------------------
    Total:

D:\learnplace\ZZZ_LUNTUI\project\iar\Debug_m7_0\Obj\smif_mem_6470536964353725183.dir: [29]
    ---------------------------------------------------------------
    Total:

D:\learnplace\ZZZ_LUNTUI\project\iar\Debug_m7_0\Obj\srom_13018798572330080582.dir: [30]
    ---------------------------------------------------------------
    Total:

D:\learnplace\ZZZ_LUNTUI\project\iar\Debug_m7_0\Obj\startup_479057977785470282.dir: [31]
    startup.o                        516       24
    startup_cm7.o                    442               128
    ---------------------------------------------------------------
    Total:                           958       24      128

D:\learnplace\ZZZ_LUNTUI\project\iar\Debug_m7_0\Obj\sw_timer_4215635015939382130.dir: [32]
    ---------------------------------------------------------------
    Total:

D:\learnplace\ZZZ_LUNTUI\project\iar\Debug_m7_0\Obj\sysclk_16149231235676103872.dir: [33]
    cy_sysclk.o                    2'280      168       25
    ---------------------------------------------------------------
    Total:                         2'280      168       25

D:\learnplace\ZZZ_LUNTUI\project\iar\Debug_m7_0\Obj\sysflt_12293435975120599261.dir: [34]
    ---------------------------------------------------------------
    Total:

D:\learnplace\ZZZ_LUNTUI\project\iar\Debug_m7_0\Obj\sysint_7435970359207984181.dir: [35]
    cy_sysint.o                      172        8
    ---------------------------------------------------------------
    Total:                           172        8

D:\learnplace\ZZZ_LUNTUI\project\iar\Debug_m7_0\Obj\syslib_16330585751512546975.dir: [36]
    cy_syslib.o                      182               140
    cy_syslib_iar.o                   30
    ---------------------------------------------------------------
    Total:                           212               140

D:\learnplace\ZZZ_LUNTUI\project\iar\Debug_m7_0\Obj\syspm_10887939769544754770.dir: [37]
    ---------------------------------------------------------------
    Total:

D:\learnplace\ZZZ_LUNTUI\project\iar\Debug_m7_0\Obj\sysreghc_17676636058511625587.dir: [38]
    ---------------------------------------------------------------
    Total:

D:\learnplace\ZZZ_LUNTUI\project\iar\Debug_m7_0\Obj\sysreset_14586141425677365288.dir: [39]
    ---------------------------------------------------------------
    Total:

D:\learnplace\ZZZ_LUNTUI\project\iar\Debug_m7_0\Obj\sysrtc_10747768817563771611.dir: [40]
    ---------------------------------------------------------------
    Total:

D:\learnplace\ZZZ_LUNTUI\project\iar\Debug_m7_0\Obj\systick_16016591671695740695.dir: [41]
    ---------------------------------------------------------------
    Total:

D:\learnplace\ZZZ_LUNTUI\project\iar\Debug_m7_0\Obj\syswdt_9118657615806274156.dir: [42]
    ---------------------------------------------------------------
    Total:

D:\learnplace\ZZZ_LUNTUI\project\iar\Debug_m7_0\Obj\tcpwm_422923530147891246.dir: [43]
    cy_tcpwm.o                        12
    cy_tcpwm_counter.o               440       20
    cy_tcpwm_pwm.o                   522       28
    ---------------------------------------------------------------
    Total:                           974       48

D:\learnplace\ZZZ_LUNTUI\project\iar\Debug_m7_0\Obj\trigmux_9729677290734583340.dir: [44]
    ---------------------------------------------------------------
    Total:

D:\learnplace\ZZZ_LUNTUI\project\iar\Debug_m7_0\Obj\user_8514941877209965082.dir: [45]
    cm7_0_isr.o                      632                 9
    main_cm7_0.o                     180                 1
    ---------------------------------------------------------------
    Total:                           812                10

D:\learnplace\ZZZ_LUNTUI\project\iar\Debug_m7_0\Obj\zf_common_1201165462030747823.dir: [46]
    zf_common_clock.o                 28                 4
    zf_common_debug.o              1'072      120      111
    zf_common_fifo.o                  64       64
    zf_common_interrupt.o            226                 4
    ---------------------------------------------------------------
    Total:                         1'390      184      119

D:\learnplace\ZZZ_LUNTUI\project\iar\Debug_m7_0\Obj\zf_components_14936052685886095442.dir: [47]
    ---------------------------------------------------------------
    Total:

D:\learnplace\ZZZ_LUNTUI\project\iar\Debug_m7_0\Obj\zf_device_6570275422786408770.dir: [48]
    zf_device_imu963ra.o           1'092      142       30
    zf_device_tsl1401.o              124               514
    zf_device_type.o                  68        1        9
    zf_device_uart_receiver.o        364                45
    ---------------------------------------------------------------
    Total:                         1'648      143      598

D:\learnplace\ZZZ_LUNTUI\project\iar\Debug_m7_0\Obj\zf_driver_11922370083829174090.dir: [49]
    zf_driver_adc.o                1'444       65       84
    zf_driver_delay.o                644        1        3
    zf_driver_gpio.o                 272
    zf_driver_pit.o                  920        7       60
    zf_driver_pwm.o                3'608       64
    zf_driver_spi.o                2'628       66       20
    zf_driver_timer.o                680                 4
    zf_driver_uart.o               2'536       69      320
    ---------------------------------------------------------------
    Total:                        12'732      272      491

dl7M_tln.a: [50]
    abort.o                            6
    exit.o                             4
    printf.o                          40
    putchar.o                         32
    sprintf.o                         64
    xfail_s.o                         64                 4
    xprintffull_nomb.o             3'758
    xprout.o                          22
    xsprout.o                         10
    ---------------------------------------------------------------
    Total:                         4'000                 4

m7M_tlv.a: [51]
    DblCmpGe.o                        52
    DblCmpLe.o                        52
    DblDiv.o                          18
    DblMul.o                          18
    DblSub.o                          18
    DblToS32.o                        14
    DblToU32.o                        14
    S32ToDbl.o                        14
    U32ToDbl.o                        14
    acosf.o                          100
    atan2f.o                         106
    atanf.o                           72
    cos_sin32.o                      468
    fpinit_M.o                        34
    frexp.o                          112
    ldexp.o                          260
    sqrtf.o                           30
    tan32.o                          420
    xatanf.o                         164
    ---------------------------------------------------------------
    Total:                         1'980

rt7M_tl.a: [52]
    ABImemclr4.o                       6
    ABImemcpy.o                      166
    ABImemset.o                      102
    ABImemset48.o                     50
    I64DivMod.o                      560
    I64DivZer.o                        2
    U64Shr.o                          30
    cexit.o                           10
    cmain.o                           30
    cstartup_M.o                      28
    data_init.o                       40
    lz77_init_single.o               126
    memchr.o                          88
    strchr.o                          22
    strlen.o                          54
    strncpy.o                        112
    zero_init3.o                      56
    ---------------------------------------------------------------
    Total:                         1'482

shb_l.a: [53]
    exit.o                            20
    ---------------------------------------------------------------
    Total:                            20

    Gaps                              38        6        4
    Linker created                             32    8'192
-------------------------------------------------------------------
    Grand Total:                  41'618    1'741   12'353      424


*******************************************************************************
*** ENTRY LIST
***

Entry                       Address   Size  Type      Object
-----                       -------   ----  ----      ------
.iar.init_table$$Base   0x1008'a4b0          --   Gb  - Linker created -
.iar.init_table$$Limit  0x1008'a4d0          --   Gb  - Linker created -
?main                   0x1008'a551         Code  Gb  cmain.o [52]
Air_roll_d              0x2802'0f58    0x4  Data  Gb  param.o [5]
Air_roll_d_init         0x1008'a7ec    0x4  Data  Gb  param.o [5]
Air_roll_i              0x2802'0f54    0x4  Data  Gb  param.o [5]
Air_roll_i_init         0x1008'a7e8    0x4  Data  Gb  param.o [5]
Air_roll_p              0x2802'0f50    0x4  Data  Gb  param.o [5]
Air_roll_p_init         0x1008'a7e4    0x4  Data  Gb  param.o [5]
Angle_d                 0x2802'0f40    0x4  Data  Gb  param.o [5]
Angle_d_init            0x1008'a7b4    0x4  Data  Gb  param.o [5]
Angle_i                 0x2802'0f3c    0x4  Data  Gb  param.o [5]
Angle_i_init            0x1008'a7b0    0x4  Data  Gb  param.o [5]
Angle_p                 0x2802'0f38    0x4  Data  Gb  param.o [5]
Angle_p_init            0x1008'a7ac    0x4  Data  Gb  param.o [5]
Balance                 0x1008'5a59   0x90  Code  Gb  control.o [5]
Balance::angle_integral
                        0x2802'0ed0    0x4  Data  Lc  control.o [5]
Balance_init            0x1008'5991   0x2a  Code  Gb  control.o [5]
BusFault_Handler        0x1008'a839         Code  Wk  startup_cm7.o [31]
CSTACK$$Base            0x2807'e000          --   Gb  - Linker created -
CSTACK$$Limit           0x2808'0000          --   Gb  - Linker created -
CopyVectorTable         0x1008'9b59   0x34  Code  Lc  startup.o [31]
CpuUserInt0_Handler     0x1008'9d3b   0x26  Code  Gb  cy_interrupt_map.o [23]
CpuUserInt10_Handler    0x1008'a855         Code  Wk  startup_cm7.o [31]
CpuUserInt11_Handler    0x1008'a859         Code  Wk  startup_cm7.o [31]
CpuUserInt12_Handler    0x1008'a85d         Code  Wk  startup_cm7.o [31]
CpuUserInt13_Handler    0x1008'a861         Code  Wk  startup_cm7.o [31]
CpuUserInt14_Handler    0x1008'a865         Code  Wk  startup_cm7.o [31]
CpuUserInt15_Handler    0x1008'a869         Code  Wk  startup_cm7.o [31]
CpuUserInt1_Handler     0x1008'9d61   0x26  Code  Gb  cy_interrupt_map.o [23]
CpuUserInt2_Handler     0x1008'9d87   0x26  Code  Gb  cy_interrupt_map.o [23]
CpuUserInt3_Handler     0x1008'9dad   0x26  Code  Gb  cy_interrupt_map.o [23]
CpuUserInt4_Handler     0x1008'9dd3   0x26  Code  Gb  cy_interrupt_map.o [23]
CpuUserInt5_Handler     0x1008'9df9   0x26  Code  Gb  cy_interrupt_map.o [23]
CpuUserInt6_Handler     0x1008'9e1f   0x26  Code  Gb  cy_interrupt_map.o [23]
CpuUserInt7_Handler     0x1008'9e45   0x26  Code  Gb  cy_interrupt_map.o [23]
CpuUserInt8_Handler     0x1008'a84d         Code  Wk  startup_cm7.o [31]
CpuUserInt9_Handler     0x1008'a851         Code  Wk  startup_cm7.o [31]
Cy_Adc_Channel_DeInit   0x1008'7ccd   0x2c  Code  Gb  cy_adc.o [1]
Cy_Adc_Channel_Disable  0x1008'7d05    0xc  Code  Gb  cy_adc.o [1]
Cy_Adc_Channel_Enable   0x1008'7cf9    0xc  Code  Gb  cy_adc.o [1]
Cy_Adc_Channel_Init     0x1008'7b79  0x154  Code  Gb  cy_adc.o [1]
Cy_Adc_Channel_SetInterruptMask
                        0x1008'7d1d   0x7c  Code  Gb  cy_adc.o [1]
Cy_Adc_Channel_SoftwareTrigger
                        0x1008'7d11    0xc  Code  Gb  cy_adc.o [1]
Cy_Adc_Init             0x1008'7aed   0x8c  Code  Gb  cy_adc.o [1]
Cy_DefaultUserHandler   0x1008'9d39    0x2  Code  Gb  cy_interrupt_map.o [23]
Cy_GPIO_ClearInterrupt  0x1008'2963    0xe  Code  Lc  cy_gpio.o [14]
Cy_GPIO_Clr             0x1008'848f    0xa  Code  Lc  zf_driver_gpio.o [49]
Cy_GPIO_Inv             0x1008'8499    0xa  Code  Lc  zf_driver_gpio.o [49]
Cy_GPIO_Pin_Init        0x1008'29a7   0x72  Code  Gb  cy_gpio.o [14]
Cy_GPIO_Set             0x1008'8485    0xa  Code  Lc  zf_driver_gpio.o [49]
Cy_GPIO_SetDriveSel     0x1008'2945   0x1e  Code  Lc  cy_gpio.o [14]
Cy_GPIO_SetDrivemode    0x1008'28f5   0x1c  Code  Lc  cy_gpio.o [14]
Cy_GPIO_SetHSIOM        0x1008'2891   0x4c  Code  Lc  cy_gpio.o [14]
Cy_GPIO_SetInterruptEdge
                        0x1008'298b   0x1c  Code  Lc  cy_gpio.o [14]
Cy_GPIO_SetInterruptMask
                        0x1008'2971   0x1a  Code  Lc  cy_gpio.o [14]
Cy_GPIO_SetSlewRate     0x1008'292b   0x1a  Code  Lc  cy_gpio.o [14]
Cy_GPIO_SetVtrip        0x1008'2911   0x1a  Code  Lc  cy_gpio.o [14]
Cy_GPIO_Write           0x1008'28dd   0x18  Code  Lc  cy_gpio.o [14]
Cy_RestoreIRQ           0x1008'9d15         Code  Gb  startup_cm7.o [31]
Cy_SCB_ClearRxFifo      0x1008'4beb   0x1e  Code  Lc  zf_driver_spi.o [49]
Cy_SCB_ClearRxInterrupt
                        0x1008'919b    0xa  Code  Lc  cm7_0_isr.o [45]
Cy_SCB_ClearTxInterrupt
                        0x1008'91ab    0xa  Code  Lc  cm7_0_isr.o [45]
Cy_SCB_GetFifoSize      0x1008'4c45   0x12  Code  Lc  zf_driver_spi.o [49]
Cy_SCB_GetNumInRxFifo   0x1008'4be1    0xa  Code  Lc  zf_driver_spi.o [49]
Cy_SCB_GetNumInRxFifo   0x1008'2e05    0xa  Code  Lc  zf_driver_uart.o [49]
Cy_SCB_GetNumInTxFifo   0x1008'4c0f    0xa  Code  Lc  zf_driver_spi.o [49]
Cy_SCB_GetNumInTxFifo   0x1008'2e15    0xa  Code  Lc  zf_driver_uart.o [49]
Cy_SCB_GetRxInterruptMask
                        0x1008'9195    0x6  Code  Lc  cm7_0_isr.o [45]
Cy_SCB_GetRxInterruptMask
                        0x1008'2e51    0x6  Code  Lc  zf_driver_uart.o [49]
Cy_SCB_GetTxInterruptMask
                        0x1008'91a5    0x6  Code  Lc  cm7_0_isr.o [45]
Cy_SCB_GetTxInterruptMask
                        0x1008'2e5d    0x6  Code  Lc  zf_driver_uart.o [49]
Cy_SCB_GetTxSrValid     0x1008'4c19    0xa  Code  Lc  zf_driver_spi.o [49]
Cy_SCB_GetTxSrValid     0x1008'2e1f    0xa  Code  Lc  zf_driver_uart.o [49]
Cy_SCB_IsTxComplete     0x1008'4c23   0x22  Code  Lc  zf_driver_spi.o [49]
Cy_SCB_IsTxComplete     0x1008'2e29   0x22  Code  Lc  zf_driver_uart.o [49]
Cy_SCB_ReadRxFifo       0x1008'2dff    0x6  Code  Lc  zf_driver_uart.o [49]
Cy_SCB_SPI_ClearRxFifo  0x1008'4c75    0x8  Code  Lc  zf_driver_spi.o [49]
Cy_SCB_SPI_Enable       0x1008'4c57    0xa  Code  Lc  zf_driver_spi.o [49]
Cy_SCB_SPI_GetNumInRxFifo
                        0x1008'4c6d    0x8  Code  Lc  zf_driver_spi.o [49]
Cy_SCB_SPI_Init         0x1008'5625  0x1d8  Code  Gb  cy_scb_spi.o [24]
Cy_SCB_SPI_SetActiveSlaveSelect
                        0x1008'4c61    0xc  Code  Lc  zf_driver_spi.o [49]
Cy_SCB_SetRxInterruptMask
                        0x1008'2e4b    0x6  Code  Lc  zf_driver_uart.o [49]
Cy_SCB_SetTxInterruptMask
                        0x1008'2e57    0x6  Code  Lc  zf_driver_uart.o [49]
Cy_SCB_UART_DeInit      0x1008'3a15   0x5c  Code  Gb  cy_scb_uart.o [24]
Cy_SCB_UART_Enable      0x1008'2e63    0xa  Code  Lc  zf_driver_uart.o [49]
Cy_SCB_UART_Init        0x1008'3791  0x284  Code  Gb  cy_scb_uart.o [24]
Cy_SCB_WriteTxFifo      0x1008'4c09    0x6  Code  Lc  zf_driver_spi.o [49]
Cy_SCB_WriteTxFifo      0x1008'2e0f    0x6  Code  Lc  zf_driver_uart.o [49]
Cy_SaveIRQ              0x1008'9d0d         Code  Gb  startup_cm7.o [31]
Cy_SysClk_CheckDividerExisting
                        0x1008'7549   0x2c  Code  Lc  zf_driver_adc.o [49]
Cy_SysClk_CheckDividerExisting
                        0x1008'8201   0x2a  Code  Lc  zf_driver_delay.o [49]
Cy_SysClk_CheckDividerExisting
                        0x1008'8b55   0x2c  Code  Lc  zf_driver_pit.o [49]
Cy_SysClk_CheckDividerExisting
                        0x1008'15e1   0x2c  Code  Lc  zf_driver_pwm.o [49]
Cy_SysClk_CheckDividerExisting
                        0x1008'4c7d   0x2c  Code  Lc  zf_driver_spi.o [49]
Cy_SysClk_CheckDividerExisting
                        0x1008'8eed   0x2a  Code  Lc  zf_driver_timer.o [49]
Cy_SysClk_CheckDividerExisting
                        0x1008'2c5b   0x2c  Code  Lc  zf_driver_uart.o [49]
Cy_SysClk_ClkPathGetSource
                        0x1008'6cb9   0x54  Code  Gb  cy_sysclk.o [33]
Cy_SysClk_EcoGetStatus  0x1008'6b45   0x1a  Code  Lc  cy_sysclk.o [33]
Cy_SysClk_Fast0ClkGetDivider
                        0x1008'6c8d   0x16  Code  Lc  cy_sysclk.o [33]
Cy_SysClk_Fast1ClkGetDivider
                        0x1008'6ca3   0x16  Code  Lc  cy_sysclk.o [33]
Cy_SysClk_FllGetConfiguration
                        0x1008'6d15   0x7e  Code  Gb  cy_sysclk.o [33]
Cy_SysClk_FllGetLockStatus
                        0x1008'6b5f    0xc  Code  Lc  cy_sysclk.o [33]
Cy_SysClk_GetClockGroup
                        0x1008'75f7    0x8  Code  Lc  zf_driver_adc.o [49]
Cy_SysClk_GetClockGroup
                        0x1008'82a9    0x8  Code  Lc  zf_driver_delay.o [49]
Cy_SysClk_GetClockGroup
                        0x1008'8c03    0x8  Code  Lc  zf_driver_pit.o [49]
Cy_SysClk_GetClockGroup
                        0x1008'168f    0x8  Code  Lc  zf_driver_pwm.o [49]
Cy_SysClk_GetClockGroup
                        0x1008'4d61    0x8  Code  Lc  zf_driver_spi.o [49]
Cy_SysClk_GetClockGroup
                        0x1008'8f95    0x8  Code  Lc  zf_driver_timer.o [49]
Cy_SysClk_GetClockGroup
                        0x1008'2d3f    0x8  Code  Lc  zf_driver_uart.o [49]
Cy_SysClk_GetCoreFrequency
                        0x1008'73d9   0x2a  Code  Gb  cy_sysclk.o [33]
Cy_SysClk_GetEcoFrequency
                        0x1008'6ee1   0x32  Code  Gb  cy_sysclk.o [33]
Cy_SysClk_GetExtFrequency
                        0x1008'6f15   0x1e  Code  Gb  cy_sysclk.o [33]
Cy_SysClk_GetFast0Frequency
                        0x1008'732d   0x56  Code  Gb  cy_sysclk.o [33]
Cy_SysClk_GetFast1Frequency
                        0x1008'7383   0x56  Code  Gb  cy_sysclk.o [33]
Cy_SysClk_GetFllInputFrequency
                        0x1008'7035    0xc  Code  Gb  cy_sysclk.o [33]
Cy_SysClk_GetFllOutputFrequency
                        0x1008'705d   0x78  Code  Gb  cy_sysclk.o [33]
Cy_SysClk_GetHfClkFrequency
                        0x1008'72af   0x7a  Code  Gb  cy_sysclk.o [33]
Cy_SysClk_GetIlo0Frequency
                        0x1008'6f33   0x32  Code  Gb  cy_sysclk.o [33]
Cy_SysClk_GetIlo1Frequency
                        0x1008'6f65   0x32  Code  Gb  cy_sysclk.o [33]
Cy_SysClk_GetImoFrequency
                        0x1008'6eaf   0x32  Code  Gb  cy_sysclk.o [33]
Cy_SysClk_GetPathFrequency
                        0x1008'727d   0x32  Code  Gb  cy_sysclk.o [33]
Cy_SysClk_GetPathSourceFrequency
                        0x1008'6fd1   0x64  Code  Gb  cy_sysclk.o [33]
Cy_SysClk_GetPll400MNo  0x1008'6ba9   0x14  Code  Lc  cy_sysclk.o [33]
Cy_SysClk_GetPllInputFrequency
                        0x1008'7041   0x1c  Code  Gb  cy_sysclk.o [33]
Cy_SysClk_GetPllNo      0x1008'6b6d   0x12  Code  Lc  cy_sysclk.o [33]
Cy_SysClk_GetPllOutputFrequency
                        0x1008'70d9  0x1a0  Code  Gb  cy_sysclk.o [33]
Cy_SysClk_GetWcoFrequency
                        0x1008'6f97   0x32  Code  Gb  cy_sysclk.o [33]
Cy_SysClk_HfClockGetDivider
                        0x1008'6c4b   0x42  Code  Lc  cy_sysclk.o [33]
Cy_SysClk_HfClockGetSource
                        0x1008'6bf7   0x54  Code  Lc  cy_sysclk.o [33]
Cy_SysClk_InitGetFreqParams
                        0x1008'6e95   0x1a  Code  Gb  cy_sysclk.o [33]
Cy_SysClk_PeriphAssignDivider
                        0x1008'75ff   0x6a  Code  Lc  zf_driver_adc.o [49]
Cy_SysClk_PeriphAssignDivider
                        0x1008'82b1   0x68  Code  Lc  zf_driver_delay.o [49]
Cy_SysClk_PeriphAssignDivider
                        0x1008'8c0b   0x68  Code  Lc  zf_driver_pit.o [49]
Cy_SysClk_PeriphAssignDivider
                        0x1008'1697   0x6a  Code  Lc  zf_driver_pwm.o [49]
Cy_SysClk_PeriphAssignDivider
                        0x1008'4d69   0x6a  Code  Lc  zf_driver_spi.o [49]
Cy_SysClk_PeriphAssignDivider
                        0x1008'8f9d   0x68  Code  Lc  zf_driver_timer.o [49]
Cy_SysClk_PeriphAssignDivider
                        0x1008'2d47   0x6a  Code  Lc  zf_driver_uart.o [49]
Cy_SysClk_PeriphEnableDivider
                        0x1008'7669   0x4e  Code  Lc  zf_driver_adc.o [49]
Cy_SysClk_PeriphEnableDivider
                        0x1008'8319   0x4c  Code  Lc  zf_driver_delay.o [49]
Cy_SysClk_PeriphEnableDivider
                        0x1008'8c73   0x4c  Code  Lc  zf_driver_pit.o [49]
Cy_SysClk_PeriphEnableDivider
                        0x1008'1701   0x4e  Code  Lc  zf_driver_pwm.o [49]
Cy_SysClk_PeriphEnableDivider
                        0x1008'4dd3   0x4e  Code  Lc  zf_driver_spi.o [49]
Cy_SysClk_PeriphEnableDivider
                        0x1008'9005   0x4c  Code  Lc  zf_driver_timer.o [49]
Cy_SysClk_PeriphEnableDivider
                        0x1008'2db1   0x4e  Code  Lc  zf_driver_uart.o [49]
Cy_SysClk_PeriphSetDivider
                        0x1008'7575   0x82  Code  Lc  zf_driver_adc.o [49]
Cy_SysClk_PeriphSetDivider
                        0x1008'822b   0x7e  Code  Lc  zf_driver_delay.o [49]
Cy_SysClk_PeriphSetDivider
                        0x1008'8b81   0x82  Code  Lc  zf_driver_pit.o [49]
Cy_SysClk_PeriphSetDivider
                        0x1008'160d   0x82  Code  Lc  zf_driver_pwm.o [49]
Cy_SysClk_PeriphSetDivider
                        0x1008'8f17   0x7e  Code  Lc  zf_driver_timer.o [49]
Cy_SysClk_PeriphSetFracDivider
                        0x1008'4ca9   0xb8  Code  Lc  zf_driver_spi.o [49]
Cy_SysClk_PeriphSetFracDivider
                        0x1008'2c87   0xb8  Code  Lc  zf_driver_uart.o [49]
Cy_SysClk_Pll400MGetConfiguration
                        0x1008'6e01   0x84  Code  Gb  cy_sysclk.o [33]
Cy_SysClk_Pll400MGetLockStatus
                        0x1008'6bbd   0x2a  Code  Lc  cy_sysclk.o [33]
Cy_SysClk_PllGetConfiguration
                        0x1008'6dad   0x48  Code  Gb  cy_sysclk.o [33]
Cy_SysClk_PllGetLockStatus
                        0x1008'6b7f   0x28  Code  Lc  cy_sysclk.o [33]
Cy_SysClk_WcoOkay       0x1008'6be9    0xe  Code  Lc  cy_sysclk.o [33]
Cy_SysInt_InitIRQ       0x1008'3aa5   0x7e  Code  Gb  cy_sysint.o [35]
Cy_SysInt_SetSystemIrqVector
                        0x1008'3b23   0x12  Code  Gb  cy_sysint.o [35]
Cy_SysInt_SystemIrqUserTableRamPointer
                        0x2802'06ec    0x4  Data  Gb  cy_interrupt_map.o [23]
Cy_SysLib_DelayCycles   0x1008'a531         Code  Gb  cy_syslib_iar.o [36]
Cy_SysLib_EnterCriticalSection
                        0x1008'a541         Code  Gb  cy_syslib_iar.o [36]
Cy_SysLib_ExitCriticalSection
                        0x1008'a549         Code  Gb  cy_syslib_iar.o [36]
Cy_SysLib_FaultHandler  0x1008'74a1   0x90  Code  Gb  cy_syslib.o [36]
Cy_SysLib_Halt          0x1008'749d    0x4  Code  Gb  cy_syslib.o [36]
Cy_SysLib_ProcessingFault
                        0x1008'7545    0x2  Code  Wk  cy_syslib.o [36]
Cy_SysLib_SvcHandler    0x1008'a6c5    0xc  Code  Wk  cy_syslib.o [36]
Cy_SystemInitFpuEnable  0x1008'9cad   0x1e  Code  Gb  system_tviibh4m_cm7.o [22]
Cy_SystemIrqUserTable   0x2802'0000  0x6ec  Data  Gb  cy_interrupt_map.o [23]
Cy_Tcpwm_Counter_ClearTC_Intr
                        0x1008'873d   0x10  Code  Gb  cy_tcpwm_counter.o [43]
Cy_Tcpwm_Counter_Disable
                        0x1008'871f    0xa  Code  Gb  cy_tcpwm_counter.o [43]
Cy_Tcpwm_Counter_Enable
                        0x1008'8715    0xa  Code  Gb  cy_tcpwm_counter.o [43]
Cy_Tcpwm_Counter_GetCounter
                        0x1008'872d    0x4  Code  Gb  cy_tcpwm_counter.o [43]
Cy_Tcpwm_Counter_Init   0x1008'8595  0x16c  Code  Gb  cy_tcpwm_counter.o [43]
Cy_Tcpwm_Counter_SetCounter
                        0x1008'8729    0x4  Code  Gb  cy_tcpwm_counter.o [43]
Cy_Tcpwm_Counter_SetTC_IntrMask
                        0x1008'8731    0xc  Code  Gb  cy_tcpwm_counter.o [43]
Cy_Tcpwm_Pwm_Enable     0x1008'2c25    0xa  Code  Gb  cy_tcpwm_pwm.o [43]
Cy_Tcpwm_Pwm_Init       0x1008'2a25  0x1e4  Code  Gb  cy_tcpwm_pwm.o [43]
Cy_Tcpwm_TriggerStart   0x1008'2c2f    0xc  Code  Gb  cy_tcpwm.o [43]
Cy_u32StartupStackEndAddress
                        0x1008'a0e4         Data  Gb  startup_cm7.o [31]
Cy_u32StartupStackStartAddress
                        0x1008'a0e0         Data  Gb  startup_cm7.o [31]
DebugMon_Handler        0x1008'a841         Code  Wk  startup_cm7.o [31]
Direction_d             0x2802'0f64    0x4  Data  Gb  param.o [5]
Direction_d_init        0x1008'a7f8    0x4  Data  Gb  param.o [5]
Direction_i             0x2802'0f60    0x4  Data  Gb  param.o [5]
Direction_i_init        0x1008'a7f4    0x4  Data  Gb  param.o [5]
Direction_p             0x2802'0f5c    0x4  Data  Gb  param.o [5]
Direction_p_init        0x1008'a7f0    0x4  Data  Gb  param.o [5]
Encoder_Left            0x2802'0e88    0x4  Data  Gb  control.o [5]
Encoder_Right           0x2802'0e8c    0x4  Data  Gb  control.o [5]
First_angle             0x2802'07fe    0x1  Data  Gb  control.o [5]
GyroControl             0x1008'5ae9   0x78  Code  Gb  control.o [5]
GyroControl::gyro_Integral
                        0x2802'0ed4    0x4  Data  Lc  control.o [5]
Gyro_d                  0x2802'0f4c    0x4  Data  Gb  param.o [5]
Gyro_d_init             0x1008'a7c0    0x4  Data  Gb  param.o [5]
Gyro_i                  0x2802'0f48    0x4  Data  Gb  param.o [5]
Gyro_i_init             0x1008'a7bc    0x4  Data  Gb  param.o [5]
Gyro_p                  0x2802'0f44    0x4  Data  Gb  param.o [5]
Gyro_p_init             0x1008'a7b8    0x4  Data  Gb  param.o [5]
HEAP_STACK$$Base        0x2807'e000          --   Gb  - Linker created -
HEAP_STACK$$Limit       0x2808'0000          --   Gb  - Linker created -
HardFault_Handler       0x1008'a4f1         Code  Wk  startup_cm7.o [31]
IMU_data                0x2802'0c34   0x40  Data  Gb  imu.o [5]
IMU_ready               0x2802'0fb6    0x1  Data  Gb  control.o [5]
IPC_Check_And_Apply_Params_To_Core0
                        0x1008'89bd   0x8a  Code  Gb  ipc_shared_data.o [5]
IPC_Init_Shared_Memory  0x1008'874d  0x1ae  Code  Gb  ipc_shared_data.o [5]
IPC_Push_Status_From_CoreA
                        0x1008'88fb   0xc2  Code  Gb  ipc_shared_data.o [5]
InitRamEcc              0x1008'9a47  0x100  Code  Lc  startup.o [31]
InitRamEccClearArea     0x1008'9b47   0x12  Code  Lc  startup.o [31]
Kalman_init             0x1008'3ca5   0x6e  Code  Gb  kalman_rm.o [5]
Kalman_update           0x1008'3d19  0x9b0  Code  Gb  kalman_rm.o [5]
Leg_Kd_init             0x1008'a7d8    0x4  Data  Gb  param.o [5]
Leg_Ki_init             0x1008'a7d4    0x4  Data  Gb  param.o [5]
Leg_Kp_init             0x1008'a7d0    0x4  Data  Gb  param.o [5]
Mag_offset_x_init       0x1008'a820    0x4  Data  Gb  param.o [5]
Mag_offset_y_init       0x1008'a824    0x4  Data  Gb  param.o [5]
Mag_scale_x_init        0x1008'a828    0x4  Data  Gb  param.o [5]
[...]
imu963ra_mag_self_check
                        0x1008'7f4d   0x34  Code  Lc  zf_device_imu963ra.o [48]
imu963ra_mag_x          0x2802'0fae    0x2  Data  Gb  zf_device_imu963ra.o [48]
imu963ra_mag_y          0x2802'0fb0    0x2  Data  Gb  zf_device_imu963ra.o [48]
imu963ra_mag_z          0x2802'0fb2    0x2  Data  Gb  zf_device_imu963ra.o [48]
imu963ra_read_acc_gyro_register
                        0x1008'7ddf   0x26  Code  Lc  zf_device_imu963ra.o [48]
imu963ra_read_acc_gyro_registers
                        0x1008'7e05   0x26  Code  Lc  zf_device_imu963ra.o [48]
imu963ra_read_mag_register
                        0x1008'7e95   0x56  Code  Lc  zf_device_imu963ra.o [48]
imu963ra_transition_factor
                        0x2802'0768    0xc  Data  Gb  zf_device_imu963ra.o [48]
imu963ra_write_acc_gyro_register
                        0x1008'7dbd   0x22  Code  Lc  zf_device_imu963ra.o [48]
imu963ra_write_mag_register
                        0x1008'7e2b   0x6a  Code  Lc  zf_device_imu963ra.o [48]
imu_attitude            0x1008'946d   0x32  Code  Gb  imu.o [5]
imu_get                 0x1008'940d   0x10  Code  Gb  imu.o [5]
imu_init                0x1008'94a1   0x3c  Code  Gb  imu.o [5]
imu_update_raw          0x1008'941d   0x50  Code  Gb  imu.o [5]
intFreqInitialized      0x2802'0fb9    0x1  Data  Gb  cy_sysclk.o [33]
internalBaseFreqInfo    0x2802'0dec   0x18  Data  Gb  cy_sysclk.o [33]
interrupt_global_disable
                        0x1008'36d1   0x14  Code  Gb  zf_common_interrupt.o [46]
interrupt_global_enable
                        0x1008'36c1   0x10  Code  Gb  zf_common_interrupt.o [46]
interrupt_global_flag   0x2802'0f8c    0x4  Data  Lc  zf_common_interrupt.o [46]
interrupt_init          0x1008'3711   0x36  Code  Gb  zf_common_interrupt.o [46]
interrupt_set_priority  0x1008'3705    0xc  Code  Gb  zf_common_interrupt.o [46]
jump_position           0x2802'0ec8    0x4  Data  Gb  control.o [5]
jump_stop               0x2802'0ec4    0x4  Data  Gb  control.o [5]
k_left_servo_1          0x1008'a670    0xc  Data  Lc  engine.o [5]
k_left_servo_2          0x1008'a67c    0xc  Data  Lc  engine.o [5]
k_right_servo_1         0x1008'a688    0xc  Data  Lc  engine.o [5]
k_right_servo_2         0x1008'a694    0xc  Data  Lc  engine.o [5]
ldexp                   0x1008'1231         Code  Gb  ldexp.o [51]
ldexpl                  0x1008'1231         Code  Gb  ldexp.o [51]
leg_Kd                  0x2802'0f70    0x4  Data  Gb  param.o [5]
leg_Ki                  0x2802'0f6c    0x4  Data  Gb  param.o [5]
leg_Kp                  0x2802'0f68    0x4  Data  Gb  param.o [5]
leg_control             0x1008'5f29  0x202  Code  Gb  control.o [5]
leg_control::hold_mode  0x2802'0800    0x1  Data  Lc  control.o [5]
leg_control::is_first_run
                        0x2802'07ff    0x1  Data  Lc  control.o [5]
leg_control::left_y_cmd_last
                        0x2802'0ee0    0x4  Data  Lc  control.o [5]
leg_control::leg1_last  0x2802'0ee8    0x4  Data  Lc  control.o [5]
leg_control::leg2_last  0x2802'0eec    0x4  Data  Lc  control.o [5]
leg_control::leg3_last  0x2802'0ef0    0x4  Data  Lc  control.o [5]
leg_control::leg4_last  0x2802'0ef4    0x4  Data  Lc  control.o [5]
leg_control::right_y_cmd_last
                        0x2802'0ee4    0x4  Data  Lc  control.o [5]
leg_control::x_cmd_last
                        0x2802'0edc    0x4  Data  Lc  control.o [5]
leg_error               0x2802'0e90    0x4  Data  Gb  control.o [5]
mag_offset_x            0x2802'0710    0x4  Data  Gb  kalman_rm.o [5]
mag_offset_y            0x2802'0714    0x4  Data  Gb  kalman_rm.o [5]
mag_scale_x             0x2802'0718    0x4  Data  Gb  kalman_rm.o [5]
mag_scale_y             0x2802'071c    0x4  Data  Gb  kalman_rm.o [5]
main                    0x1008'9f69   0xb4  Code  Gb  main_cm7_0.o [45]
main{1}{2}::battery_update_div
                        0x2802'0fba    0x1  Data  Lc  main_cm7_0.o [45]
memchr                  0x1008'1045         Code  Gb  memchr.o [52]
motor_Stand             0x2802'0ce4   0x30  Data  Gb  param.o [5]
motor_direction         0x2802'0d14   0x30  Data  Gb  param.o [5]
motor_gyro              0x2802'0d44   0x30  Data  Gb  param.o [5]
motor_speed             0x2802'0cb4   0x30  Data  Gb  param.o [5]
motor_value             0x2802'0e34   0x14  Data  Gb  small_driver_uart_control.o [5]
nav_q_bias_ax           0x2802'0728    0x4  Data  Gb  navigation_data_handling.o [5]
nav_q_bias_w            0x2802'072c    0x4  Data  Gb  navigation_data_handling.o [5]
nav_q_v                 0x2802'0720    0x4  Data  Gb  navigation_data_handling.o [5]
nav_q_w                 0x2802'0724    0x4  Data  Gb  navigation_data_handling.o [5]
nav_r_gyro              0x2802'0740    0x4  Data  Gb  navigation_data_handling.o [5]
nav_r_v_normal          0x2802'0730    0x4  Data  Gb  navigation_data_handling.o [5]
nav_r_v_slip            0x2802'0734    0x4  Data  Gb  navigation_data_handling.o [5]
nav_r_w_normal          0x2802'0738    0x4  Data  Gb  navigation_data_handling.o [5]
nav_r_w_slip            0x2802'073c    0x4  Data  Gb  navigation_data_handling.o [5]
normalize_360           0x1008'6271   0x2a  Code  Lc  FiveBarLinkageData.o [5]
normalize_signed        0x1008'629d   0x1e  Code  Lc  FiveBarLinkageData.o [5]
now_velocity            0x2802'0e84    0x4  Data  Gb  control.o [5]
out_angle_l             0x2802'0ea8    0x4  Data  Gb  control.o [5]
out_angle_r             0x2802'0eac    0x4  Data  Gb  control.o [5]
out_gyro_l              0x2802'0eb0    0x4  Data  Gb  control.o [5]
out_gyro_r              0x2802'0eb4    0x4  Data  Gb  control.o [5]
out_speed_l             0x2802'0ea0    0x4  Data  Gb  control.o [5]
out_speed_r             0x2802'0ea4    0x4  Data  Gb  control.o [5]
param_map               0x1008'a0e8   0xa4  Data  Gb  ipc_shared_data.o [5]
phi1_candidate_valid    0x1008'64ad   0x26  Code  Lc  FiveBarLinkageData.o [5]
phi1_deg_to_pwm         0x1008'6631   0x26  Code  Lc  FiveBarLinkageData.o [5]
phi4_candidate_valid    0x1008'64d5   0x26  Code  Lc  FiveBarLinkageData.o [5]
phi4_signed_deg_to_pwm  0x1008'6659   0x26  Code  Lc  FiveBarLinkageData.o [5]
pid_init                0x1008'58ad   0xcc  Code  Gb  control.o [5]
pit0_ch0_isr            0x1008'91b5   0x3e  Code  Gb  cm7_0_isr.o [45]
pit0_ch0_isr::attitude_div
                        0x2802'0fb5    0x1  Data  Lc  cm7_0_isr.o [45]
pit0_ch10_isr           0x1008'9207   0x26  Code  Gb  cm7_0_isr.o [45]
pit0_ch11_isr           0x1008'922d    0xe  Code  Gb  cm7_0_isr.o [45]
pit0_ch12_isr           0x1008'923b    0xe  Code  Gb  cm7_0_isr.o [45]
pit0_ch13_isr           0x1008'9249   0x12  Code  Gb  cm7_0_isr.o [45]
pit0_ch14_isr           0x1008'925b    0xa  Code  Gb  cm7_0_isr.o [45]
pit0_ch15_isr           0x1008'9265    0xa  Code  Gb  cm7_0_isr.o [45]
pit0_ch16_isr           0x1008'926f    0xa  Code  Gb  cm7_0_isr.o [45]
pit0_ch17_isr           0x1008'9279    0xa  Code  Gb  cm7_0_isr.o [45]
pit0_ch18_isr           0x1008'9283    0xa  Code  Gb  cm7_0_isr.o [45]
pit0_ch19_isr           0x1008'928d    0xa  Code  Gb  cm7_0_isr.o [45]
pit0_ch1_isr            0x1008'91f3    0xa  Code  Gb  cm7_0_isr.o [45]
pit0_ch20_isr           0x1008'9297    0xa  Code  Gb  cm7_0_isr.o [45]
pit0_ch21_isr           0x1008'92a1    0xe  Code  Gb  cm7_0_isr.o [45]
pit0_ch2_isr            0x1008'91fd    0xa  Code  Gb  cm7_0_isr.o [45]
pit_init                0x1008'8ce9  0x1ee  Code  Gb  zf_driver_pit.o [49]
pit_isr_flag_clear      0x1008'8cbf   0x2a  Code  Gb  zf_driver_pit.o [49]
pit_isr_func            0x2802'0788   0x3c  Data  Gb  zf_driver_pit.o [49]
printf                  0x1008'97e1   0x28  Code  Gb  printf.o [50]
putchar                 0x1008'a511   0x20  Code  Gb  putchar.o [50]
pwm_all_channel_close   0x1008'2191   0x1a  Code  Gb  zf_driver_pwm.o [49]
pwm_init                0x1008'2205  0x1e4  Code  Gb  zf_driver_pwm.o [49]
pwm_set_duty            0x1008'21ab   0x5a  Code  Gb  zf_driver_pwm.o [49]
remote_drive_active     0x2802'0fbb    0x1  Data  Lc  remote.o [5]
robot_pose              0x2802'0da8   0x28  Data  Gb  navigation_data_handling.o [5]
roll                    0x2802'0ec0    0x4  Data  Gb  control.o [5]
s_RemoteData            0x2802'074c   0x1c  Data  Lc  remote.o [5]
sar_adc                 0x2802'077c    0xc  Data  Lc  zf_driver_adc.o [49]
scalbln                 0x1008'1231         Code  Gb  ldexp.o [51]
scalblnl                0x1008'1231         Code  Gb  ldexp.o [51]
scalbn                  0x1008'1231         Code  Gb  ldexp.o [51]
scalbnl                 0x1008'1231         Code  Gb  ldexp.o [51]
scale                   0x1008'0e61   0x46  Code  Lc  xprintffull_nomb.o [50]
scb_module              0x2802'07e8   0x14  Data  Gb  zf_driver_uart.o [49]
sec_hand                0x2802'0f98    0x4  Data  Lc  xfail_s.o [50]
select_phi1_deg         0x1008'6529   0x88  Code  Lc  FiveBarLinkageData.o [5]
select_phi4_signed_deg  0x1008'65b1   0x80  Code  Lc  FiveBarLinkageData.o [5]
servo_alpha             0x1008'a788    0x4  Data  Gb  param.o [5]
servo_control           0x1008'6699   0xd8  Code  Gb  FiveBarLinkageData.o [5]
set_wireless_type       0x1008'9977   0x32  Code  Gb  zf_device_type.o [48]
sinf                    0x1008'4929    0x4  Code  Gb  cos_sin32.o [51]
small_driver_get_speed  0x1008'6a59   0x2a  Code  Gb  small_driver_uart_control.o [5]
small_driver_init       0x1008'6a83   0x2e  Code  Gb  small_driver_uart_control.o [5]
small_driver_set_duty   0x1008'6a17   0x42  Code  Gb  small_driver_uart_control.o [5]
small_driver_uart_init  0x1008'6ab5   0x2a  Code  Gb  small_driver_uart_control.o [5]
solve_phi1_candidates   0x1008'62dd   0xe6  Code  Lc  FiveBarLinkageData.o [5]
solve_phi4_candidates   0x1008'63c5   0xe6  Code  Lc  FiveBarLinkageData.o [5]
speed_tilt_to_leg_x     0x1008'5815   0x94  Code  Lc  control.o [5]
spi_get_clk_hsiom       0x1008'4edd   0x28  Code  Lc  zf_driver_spi.o [49]
spi_get_clk_pin         0x1008'4e21   0x28  Code  Lc  zf_driver_spi.o [49]
spi_get_cs_hsiom        0x1008'4f55   0x44  Code  Lc  zf_driver_spi.o [49]
spi_get_cs_pin          0x1008'4e99   0x44  Code  Lc  zf_driver_spi.o [49]
spi_get_miso_hsiom      0x1008'4f2d   0x28  Code  Lc  zf_driver_spi.o [49]
spi_get_miso_pin        0x1008'4e71   0x28  Code  Lc  zf_driver_spi.o [49]
spi_get_mosi_hsiom      0x1008'4f05   0x28  Code  Lc  zf_driver_spi.o [49]
spi_get_mosi_pin        0x1008'4e49   0x28  Code  Lc  zf_driver_spi.o [49]
spi_init                0x1008'5381  0x28e  Code  Gb  zf_driver_spi.o [49]
spi_module              0x2802'07c4   0x10  Data  Gb  zf_driver_spi.o [49]
spi_read_8bit_register  0x1008'51bd   0xd0  Code  Gb  zf_driver_spi.o [49]
spi_read_8bit_registers
                        0x1008'528d   0xe2  Code  Gb  zf_driver_spi.o [49]
spi_write_8bit_register
                        0x1008'50d5   0xde  Code  Gb  zf_driver_spi.o [49]
sprintf                 0x1008'3625   0x40  Code  Gb  sprintf.o [50]
sqrtf                   0x1008'46f1         Code  Gb  sqrtf.o [51]
strchr                  0x1008'0fad         Code  Gb  strchr.o [52]
strlen                  0x1008'100d         Code  Gb  strlen.o [52]
strncpy                 0x1008'742d         Code  Gb  strncpy.o [52]
switch_transition_length
                        0x1008'4f99  0x13c  Code  Lc  zf_driver_spi.o [49]
system_clock            0x2802'0f88    0x4  Data  Gb  zf_common_clock.o [46]
system_delay_init       0x1008'83c3   0xa6  Code  Gb  zf_driver_delay.o [49]
system_delay_ms         0x1008'8365   0x5e  Code  Gb  zf_driver_delay.o [49]
tanf                    0x1008'4999  0x1a4  Code  Gb  tan32.o [51]
target_angle            0x2802'0f20    0x4  Data  Gb  param.o [5]
target_motor_Stand      0x2802'0f24    0x4  Data  Gb  param.o [5]
target_velocity         0x2802'0f1c    0x4  Data  Gb  param.o [5]
test_pit10_cnt          0x2802'0e80    0x4  Data  Gb  cm7_0_isr.o [45]
timer_ch                0x2802'0802    0x1  Data  Lc  zf_driver_delay.o [49]
timer_clear             0x1008'90a7   0x16  Code  Gb  zf_driver_timer.o [49]
timer_get               0x1008'9079   0x2e  Code  Gb  zf_driver_timer.o [49]
timer_init              0x1008'90bd   0xc8  Code  Gb  zf_driver_timer.o [49]
timer_start             0x1008'9051   0x28  Code  Gb  zf_driver_timer.o [49]
tsl1401_collect_pit_handler
                        0x1008'9765   0x68  Code  Gb  zf_device_tsl1401.o [48]
tsl1401_data            0x2802'0804  0x200  Data  Gb  zf_device_tsl1401.o [48]
tsl1401_finish_flag     0x2802'0fbf    0x1  Data  Gb  zf_device_tsl1401.o [48]
tsl1401_init_state      0x2802'0fbe    0x1  Data  Lc  zf_device_tsl1401.o [48]
type_default_callback   0x1008'9975    0x2  Code  Lc  zf_device_type.o [48]
uart0_isr               0x1008'92af   0x3c  Code  Gb  cm7_0_isr.o [45]
uart1_isr               0x1008'92eb   0x42  Code  Gb  cm7_0_isr.o [45]
uart2_isr               0x1008'932d   0x40  Code  Gb  cm7_0_isr.o [45]
uart3_isr               0x1008'936d   0x3c  Code  Gb  cm7_0_isr.o [45]
uart4_isr               0x1008'93a9   0x42  Code  Gb  cm7_0_isr.o [45]
uart_context            0x2802'0a04  0x118  Data  Gb  zf_driver_uart.o [49]
uart_control_callback   0x1008'6965   0xb2  Code  Gb  small_driver_uart_control.o [5]
uart_init               0x1008'3449  0x190  Code  Gb  zf_driver_uart.o [49]
uart_isr_func           0x2802'07d4   0x14  Data  Gb  zf_driver_uart.o [49]
uart_query_byte         0x1008'305f   0x32  Code  Gb  zf_driver_uart.o [49]
uart_receiver           0x2802'0e5c   0x10  Data  Gb  zf_device_uart_receiver.o [48]
uart_receiver_analysis  0x1008'981d   0xca  Code  Lc  zf_device_uart_receiver.o [48]
uart_receiver_callback  0x1008'98e7   0x4a  Code  Gb  zf_device_uart_receiver.o [48]
uart_receiver_callback::length
                        0x2802'0fc1    0x1  Data  Lc  zf_device_uart_receiver.o [48]
uart_receiver_data      0x2802'0dd0   0x1c  Data  Gb  zf_device_uart_receiver.o [48]
uart_receiver_handler   0x2802'0778    0x4  Data  Gb  zf_device_type.o [48]
uart_receiver_init      0x1008'9931   0x2e  Code  Gb  zf_device_uart_receiver.o [48]
uart_receiver_interval_time
                        0x1008'9809   0x14  Code  Lc  zf_device_uart_receiver.o [48]
uart_rx_interrupt       0x1008'31ad   0xfe  Code  Gb  zf_driver_uart.o [49]
uart_sbus_init          0x1008'32ab  0x19e  Code  Gb  zf_driver_uart.o [49]
uart_tx_interrupt       0x1008'3091  0x11c  Code  Gb  zf_driver_uart.o [49]
uart_write_buffer       0x1008'3025   0x1e  Code  Gb  zf_driver_uart.o [49]
uart_write_byte         0x1008'2ffd   0x28  Code  Gb  zf_driver_uart.o [49]
uart_write_string       0x1008'3043   0x1c  Code  Gb  zf_driver_uart.o [49]
wireless_module_uart_handler
                        0x2802'0774    0x4  Data  Gb  zf_device_type.o [48]
wireless_type           0x2802'0fc0    0x1  Data  Gb  zf_device_type.o [48]
x_current               0x2802'0f28    0x4  Data  Gb  param.o [5]
y_current               0x2802'0748    0x4  Data  Gb  param.o [5]
zf_debug_assert_enable  0x2802'0801    0x1  Data  Lc  zf_common_debug.o [46]
zf_debug_init_flag      0x2802'0fbc    0x1  Data  Lc  zf_common_debug.o [46]


[1] = D:\learnplace\ZZZ_LUNTUI\project\iar\Debug_m7_0\Obj\adc_11722776235721520015.dir
[2] = D:\learnplace\ZZZ_LUNTUI\project\iar\Debug_m7_0\Obj\audioss_1346650047966882938.dir
[3] = D:\learnplace\ZZZ_LUNTUI\project\iar\Debug_m7_0\Obj\button_4990804375159372270.dir
[4] = D:\learnplace\ZZZ_LUNTUI\project\iar\Debug_m7_0\Obj\canfd_1800690984773873875.dir
[5] = D:\learnplace\ZZZ_LUNTUI\project\iar\Debug_m7_0\Obj\code_17896468042025673432.dir
[6] = D:\learnplace\ZZZ_LUNTUI\project\iar\Debug_m7_0\Obj\cpu_15938736945165268644.dir
[7] = D:\learnplace\ZZZ_LUNTUI\project\iar\Debug_m7_0\Obj\crypto_1190170608956581615.dir
[8] = D:\learnplace\ZZZ_LUNTUI\project\iar\Debug_m7_0\Obj\dma_12106025507578611576.dir
[9] = D:\learnplace\ZZZ_LUNTUI\project\iar\Debug_m7_0\Obj\eth_phy_18133017486186456677.dir
[10] = D:\learnplace\ZZZ_LUNTUI\project\iar\Debug_m7_0\Obj\ethernet_6029839089178797009.dir
[11] = D:\learnplace\ZZZ_LUNTUI\project\iar\Debug_m7_0\Obj\evtgen_3404189088603873129.dir
[12] = D:\learnplace\ZZZ_LUNTUI\project\iar\Debug_m7_0\Obj\flash_8529866181315662935.dir
[13] = D:\learnplace\ZZZ_LUNTUI\project\iar\Debug_m7_0\Obj\flash_864493325053435817.dir
[14] = D:\learnplace\ZZZ_LUNTUI\project\iar\Debug_m7_0\Obj\gpio_3999404635324069351.dir
[15] = D:\learnplace\ZZZ_LUNTUI\project\iar\Debug_m7_0\Obj\ipc_10145506163450686023.dir
[16] = D:\learnplace\ZZZ_LUNTUI\project\iar\Debug_m7_0\Obj\lin_18429031207028094880.dir
[17] = D:\learnplace\ZZZ_LUNTUI\project\iar\Debug_m7_0\Obj\lvd_6353935867039560245.dir
[18] = D:\learnplace\ZZZ_LUNTUI\project\iar\Debug_m7_0\Obj\mcwdt_4052485907822033969.dir
[19] = D:\learnplace\ZZZ_LUNTUI\project\iar\Debug_m7_0\Obj\mpu_5663187252346826382.dir
[20] = D:\learnplace\ZZZ_LUNTUI\project\iar\Debug_m7_0\Obj\power_14453085144426420577.dir
[21] = D:\learnplace\ZZZ_LUNTUI\project\iar\Debug_m7_0\Obj\prot_10722960861768657883.dir
[22] = D:\learnplace\ZZZ_LUNTUI\project\iar\Debug_m7_0\Obj\rev_b_4986922561640112550.dir
[23] = D:\learnplace\ZZZ_LUNTUI\project\iar\Debug_m7_0\Obj\rev_b_6162237342861132223.dir
[24] = D:\learnplace\ZZZ_LUNTUI\project\iar\Debug_m7_0\Obj\scb_15490842639181808494.dir
[25] = D:\learnplace\ZZZ_LUNTUI\project\iar\Debug_m7_0\Obj\sd_host_2982766354293506895.dir
[26] = D:\learnplace\ZZZ_LUNTUI\project\iar\Debug_m7_0\Obj\semihosting_143864889731838620.dir
[27] = D:\learnplace\ZZZ_LUNTUI\project\iar\Debug_m7_0\Obj\smartio_5451710003740070188.dir
[28] = D:\learnplace\ZZZ_LUNTUI\project\iar\Debug_m7_0\Obj\smif_427648126384146252.dir
[29] = D:\learnplace\ZZZ_LUNTUI\project\iar\Debug_m7_0\Obj\smif_mem_6470536964353725183.dir
[30] = D:\learnplace\ZZZ_LUNTUI\project\iar\Debug_m7_0\Obj\srom_13018798572330080582.dir
[31] = D:\learnplace\ZZZ_LUNTUI\project\iar\Debug_m7_0\Obj\startup_479057977785470282.dir
[32] = D:\learnplace\ZZZ_LUNTUI\project\iar\Debug_m7_0\Obj\sw_timer_4215635015939382130.dir
[33] = D:\learnplace\ZZZ_LUNTUI\project\iar\Debug_m7_0\Obj\sysclk_16149231235676103872.dir
[34] = D:\learnplace\ZZZ_LUNTUI\project\iar\Debug_m7_0\Obj\sysflt_12293435975120599261.dir
[35] = D:\learnplace\ZZZ_LUNTUI\project\iar\Debug_m7_0\Obj\sysint_7435970359207984181.dir
[36] = D:\learnplace\ZZZ_LUNTUI\project\iar\Debug_m7_0\Obj\syslib_16330585751512546975.dir
[37] = D:\learnplace\ZZZ_LUNTUI\project\iar\Debug_m7_0\Obj\syspm_10887939769544754770.dir
[38] = D:\learnplace\ZZZ_LUNTUI\project\iar\Debug_m7_0\Obj\sysreghc_17676636058511625587.dir
[39] = D:\learnplace\ZZZ_LUNTUI\project\iar\Debug_m7_0\Obj\sysreset_14586141425677365288.dir
[40] = D:\learnplace\ZZZ_LUNTUI\project\iar\Debug_m7_0\Obj\sysrtc_10747768817563771611.dir
[41] = D:\learnplace\ZZZ_LUNTUI\project\iar\Debug_m7_0\Obj\systick_16016591671695740695.dir
[42] = D:\learnplace\ZZZ_LUNTUI\project\iar\Debug_m7_0\Obj\syswdt_9118657615806274156.dir
[43] = D:\learnplace\ZZZ_LUNTUI\project\iar\Debug_m7_0\Obj\tcpwm_422923530147891246.dir
[44] = D:\learnplace\ZZZ_LUNTUI\project\iar\Debug_m7_0\Obj\trigmux_9729677290734583340.dir
[45] = D:\learnplace\ZZZ_LUNTUI\project\iar\Debug_m7_0\Obj\user_8514941877209965082.dir
[46] = D:\learnplace\ZZZ_LUNTUI\project\iar\Debug_m7_0\Obj\zf_common_1201165462030747823.dir
[47] = D:\learnplace\ZZZ_LUNTUI\project\iar\Debug_m7_0\Obj\zf_components_14936052685886095442.dir
[48] = D:\learnplace\ZZZ_LUNTUI\project\iar\Debug_m7_0\Obj\zf_device_6570275422786408770.dir
[49] = D:\learnplace\ZZZ_LUNTUI\project\iar\Debug_m7_0\Obj\zf_driver_11922370083829174090.dir
[50] = dl7M_tln.a
[51] = m7M_tlv.a
[52] = rt7M_tl.a
[53] = shb_l.a
[54] = zf_device_config.a

  41'618 bytes of readonly  code memory
   1'741 bytes of readonly  data memory
  12'353 bytes of readwrite data memory (+ 424 absolute)

Errors: none
Warnings: none
