###############################################################################
#
# IAR ELF Linker V9.40.1.364/W64 for ARM                  17/May/2026  04:56:34
# Copyright 2007-2023 IAR Systems AB.
#
#    Output file  =
#        D:\learnplace\ZZZ_LUNTUI\project\iar\project_config\Debug_m7_0\Exe\cyt4bb7_cm_7_0.out
#    Map file     =
#        D:\learnplace\ZZZ_LUNTUI\project\iar\Debug_m7_0\List\cyt4bb7_cm_7_0.map
#    Command line =
#        -f
#        D:\learnplace\ZZZ_LUNTUI\project\iar\project_config\Debug_m7_0\Exe\cyt4bb7_cm_7_0.out.rsp
#        (D:\learnplace\ZZZ_LUNTUI\project\iar\Debug_m7_0\Obj\code_17896468042025673432.dir\battery_monitor.o
#        D:\learnplace\ZZZ_LUNTUI\project\iar\Debug_m7_0\Obj\user_8514941877209965082.dir\cm7_0_isr.o
#        D:\learnplace\ZZZ_LUNTUI\project\iar\Debug_m7_0\Obj\code_17896468042025673432.dir\control.o
#        D:\learnplace\ZZZ_LUNTUI\project\iar\Debug_m7_0\Obj\adc_11722776235721520015.dir\cy_adc.o
#        D:\learnplace\ZZZ_LUNTUI\project\iar\Debug_m7_0\Obj\button_4990804375159372270.dir\cy_button.o
#        D:\learnplace\ZZZ_LUNTUI\project\iar\Debug_m7_0\Obj\canfd_1800690984773873875.dir\cy_canfd.o
#        D:\learnplace\ZZZ_LUNTUI\project\iar\Debug_m7_0\Obj\cpu_15938736945165268644.dir\cy_cpu.o
#        D:\learnplace\ZZZ_LUNTUI\project\iar\Debug_m7_0\Obj\crypto_1190170608956581615.dir\cy_crypto_config.o
#        D:\learnplace\ZZZ_LUNTUI\project\iar\Debug_m7_0\Obj\eth_phy_18133017486186456677.dir\cy_dp83867.o
#        D:\learnplace\ZZZ_LUNTUI\project\iar\Debug_m7_0\Obj\ethernet_6029839089178797009.dir\cy_ethif.o
#        D:\learnplace\ZZZ_LUNTUI\project\iar\Debug_m7_0\Obj\evtgen_3404189088603873129.dir\cy_evtgen.o
#        D:\learnplace\ZZZ_LUNTUI\project\iar\Debug_m7_0\Obj\flash_8529866181315662935.dir\cy_flash.o
#        D:\learnplace\ZZZ_LUNTUI\project\iar\Debug_m7_0\Obj\gpio_3999404635324069351.dir\cy_gpio.o
#        D:\learnplace\ZZZ_LUNTUI\project\iar\Debug_m7_0\Obj\audioss_1346650047966882938.dir\cy_i2s.o
#        D:\learnplace\ZZZ_LUNTUI\project\iar\Debug_m7_0\Obj\rev_b_6162237342861132223.dir\cy_interrupt_map.o
#        D:\learnplace\ZZZ_LUNTUI\project\iar\Debug_m7_0\Obj\ipc_10145506163450686023.dir\cy_ipc_drv.o
#        D:\learnplace\ZZZ_LUNTUI\project\iar\Debug_m7_0\Obj\ipc_10145506163450686023.dir\cy_ipc_pipe.o
#        D:\learnplace\ZZZ_LUNTUI\project\iar\Debug_m7_0\Obj\ipc_10145506163450686023.dir\cy_ipc_sema.o
#        D:\learnplace\ZZZ_LUNTUI\project\iar\Debug_m7_0\Obj\lin_18429031207028094880.dir\cy_lin.o
#        D:\learnplace\ZZZ_LUNTUI\project\iar\Debug_m7_0\Obj\lvd_6353935867039560245.dir\cy_lvd.o
#        D:\learnplace\ZZZ_LUNTUI\project\iar\Debug_m7_0\Obj\mcwdt_4052485907822033969.dir\cy_mcwdt.o
#        D:\learnplace\ZZZ_LUNTUI\project\iar\Debug_m7_0\Obj\dma_12106025507578611576.dir\cy_mdma.o
#        D:\learnplace\ZZZ_LUNTUI\project\iar\Debug_m7_0\Obj\mpu_5663187252346826382.dir\cy_mpu.o
#        D:\learnplace\ZZZ_LUNTUI\project\iar\Debug_m7_0\Obj\flash_864493325053435817.dir\cy_mw_flash.o
#        D:\learnplace\ZZZ_LUNTUI\project\iar\Debug_m7_0\Obj\dma_12106025507578611576.dir\cy_pdma.o
#        D:\learnplace\ZZZ_LUNTUI\project\iar\Debug_m7_0\Obj\power_14453085144426420577.dir\cy_power.o
#        D:\learnplace\ZZZ_LUNTUI\project\iar\Debug_m7_0\Obj\prot_10722960861768657883.dir\cy_prot.o
#        D:\learnplace\ZZZ_LUNTUI\project\iar\Debug_m7_0\Obj\scb_15490842639181808494.dir\cy_scb_common.o
#        D:\learnplace\ZZZ_LUNTUI\project\iar\Debug_m7_0\Obj\scb_15490842639181808494.dir\cy_scb_ezi2c.o
#        D:\learnplace\ZZZ_LUNTUI\project\iar\Debug_m7_0\Obj\scb_15490842639181808494.dir\cy_scb_i2c.o
#        D:\learnplace\ZZZ_LUNTUI\project\iar\Debug_m7_0\Obj\scb_15490842639181808494.dir\cy_scb_spi.o
#        D:\learnplace\ZZZ_LUNTUI\project\iar\Debug_m7_0\Obj\scb_15490842639181808494.dir\cy_scb_uart.o
#        D:\learnplace\ZZZ_LUNTUI\project\iar\Debug_m7_0\Obj\sd_host_2982766354293506895.dir\cy_sd_host.o
#        D:\learnplace\ZZZ_LUNTUI\project\iar\Debug_m7_0\Obj\semihosting_143864889731838620.dir\cy_semihosting.o
#        D:\learnplace\ZZZ_LUNTUI\project\iar\Debug_m7_0\Obj\smartio_5451710003740070188.dir\cy_smartio.o
#        D:\learnplace\ZZZ_LUNTUI\project\iar\Debug_m7_0\Obj\smif_427648126384146252.dir\cy_smif.o
#        D:\learnplace\ZZZ_LUNTUI\project\iar\Debug_m7_0\Obj\smif_mem_6470536964353725183.dir\cy_smif_device_common.o
#        D:\learnplace\ZZZ_LUNTUI\project\iar\Debug_m7_0\Obj\smif_mem_6470536964353725183.dir\cy_smif_hb_flash.o
#        D:\learnplace\ZZZ_LUNTUI\project\iar\Debug_m7_0\Obj\smif_427648126384146252.dir\cy_smif_memslot.o
#        D:\learnplace\ZZZ_LUNTUI\project\iar\Debug_m7_0\Obj\smif_mem_6470536964353725183.dir\cy_smif_s25fl.o
#        D:\learnplace\ZZZ_LUNTUI\project\iar\Debug_m7_0\Obj\smif_mem_6470536964353725183.dir\cy_smif_s25fs.o
#        D:\learnplace\ZZZ_LUNTUI\project\iar\Debug_m7_0\Obj\smif_mem_6470536964353725183.dir\cy_smif_semp.o
#        D:\learnplace\ZZZ_LUNTUI\project\iar\Debug_m7_0\Obj\smif_427648126384146252.dir\cy_smif_ver_specific.o
#        D:\learnplace\ZZZ_LUNTUI\project\iar\Debug_m7_0\Obj\srom_13018798572330080582.dir\cy_srom.o
#        D:\learnplace\ZZZ_LUNTUI\project\iar\Debug_m7_0\Obj\sw_timer_4215635015939382130.dir\cy_sw_tmr.o
#        D:\learnplace\ZZZ_LUNTUI\project\iar\Debug_m7_0\Obj\sysclk_16149231235676103872.dir\cy_sysclk.o
#        D:\learnplace\ZZZ_LUNTUI\project\iar\Debug_m7_0\Obj\sysflt_12293435975120599261.dir\cy_sysflt.o
#        D:\learnplace\ZZZ_LUNTUI\project\iar\Debug_m7_0\Obj\sysint_7435970359207984181.dir\cy_sysint.o
#        D:\learnplace\ZZZ_LUNTUI\project\iar\Debug_m7_0\Obj\syslib_16330585751512546975.dir\cy_syslib.o
#        D:\learnplace\ZZZ_LUNTUI\project\iar\Debug_m7_0\Obj\syslib_16330585751512546975.dir\cy_syslib_iar.o
#        D:\learnplace\ZZZ_LUNTUI\project\iar\Debug_m7_0\Obj\syspm_10887939769544754770.dir\cy_syspm.o
#        D:\learnplace\ZZZ_LUNTUI\project\iar\Debug_m7_0\Obj\sysreghc_17676636058511625587.dir\cy_sysreghc.o
#        D:\learnplace\ZZZ_LUNTUI\project\iar\Debug_m7_0\Obj\sysreset_14586141425677365288.dir\cy_sysreset.o
#        D:\learnplace\ZZZ_LUNTUI\project\iar\Debug_m7_0\Obj\sysrtc_10747768817563771611.dir\cy_sysrtc.o
#        D:\learnplace\ZZZ_LUNTUI\project\iar\Debug_m7_0\Obj\systick_16016591671695740695.dir\cy_systick.o
#        D:\learnplace\ZZZ_LUNTUI\project\iar\Debug_m7_0\Obj\syswdt_9118657615806274156.dir\cy_syswdt.o
#        D:\learnplace\ZZZ_LUNTUI\project\iar\Debug_m7_0\Obj\tcpwm_422923530147891246.dir\cy_tcpwm.o
#        D:\learnplace\ZZZ_LUNTUI\project\iar\Debug_m7_0\Obj\tcpwm_422923530147891246.dir\cy_tcpwm_counter.o
#        D:\learnplace\ZZZ_LUNTUI\project\iar\Debug_m7_0\Obj\tcpwm_422923530147891246.dir\cy_tcpwm_pwm.o
#        D:\learnplace\ZZZ_LUNTUI\project\iar\Debug_m7_0\Obj\tcpwm_422923530147891246.dir\cy_tcpwm_quaddec.o
#        D:\learnplace\ZZZ_LUNTUI\project\iar\Debug_m7_0\Obj\tcpwm_422923530147891246.dir\cy_tcpwm_sr.o
#        D:\learnplace\ZZZ_LUNTUI\project\iar\Debug_m7_0\Obj\trigmux_9729677290734583340.dir\cy_trigmux.o
#        D:\learnplace\ZZZ_LUNTUI\project\iar\Debug_m7_0\Obj\ethernet_6029839089178797009.dir\edd.o
#        D:\learnplace\ZZZ_LUNTUI\project\iar\Debug_m7_0\Obj\ethernet_6029839089178797009.dir\edd_rx.o
#        D:\learnplace\ZZZ_LUNTUI\project\iar\Debug_m7_0\Obj\ethernet_6029839089178797009.dir\edd_tx.o
#        D:\learnplace\ZZZ_LUNTUI\project\iar\Debug_m7_0\Obj\code_17896468042025673432.dir\engine.o
#        D:\learnplace\ZZZ_LUNTUI\project\iar\Debug_m7_0\Obj\code_17896468042025673432.dir\filter_function.o
#        D:\learnplace\ZZZ_LUNTUI\project\iar\Debug_m7_0\Obj\code_17896468042025673432.dir\FiveBarLinkageData.o
#        D:\learnplace\ZZZ_LUNTUI\project\iar\Debug_m7_0\Obj\code_17896468042025673432.dir\imu.o
#        D:\learnplace\ZZZ_LUNTUI\project\iar\Debug_m7_0\Obj\code_17896468042025673432.dir\ipc_shared_data.o
#        D:\learnplace\ZZZ_LUNTUI\project\iar\Debug_m7_0\Obj\code_17896468042025673432.dir\jump_control.o
#        D:\learnplace\ZZZ_LUNTUI\project\iar\Debug_m7_0\Obj\user_8514941877209965082.dir\main_cm7_0.o
#        D:\learnplace\ZZZ_LUNTUI\project\iar\Debug_m7_0\Obj\code_17896468042025673432.dir\matrix.o
#        D:\learnplace\ZZZ_LUNTUI\project\iar\Debug_m7_0\Obj\code_17896468042025673432.dir\navigation_action.o
#        D:\learnplace\ZZZ_LUNTUI\project\iar\Debug_m7_0\Obj\code_17896468042025673432.dir\navigation_data_handling.o
#        D:\learnplace\ZZZ_LUNTUI\project\iar\Debug_m7_0\Obj\code_17896468042025673432.dir\navigation_tracking.o
#        D:\learnplace\ZZZ_LUNTUI\project\iar\Debug_m7_0\Obj\code_17896468042025673432.dir\param.o
#        D:\learnplace\ZZZ_LUNTUI\project\iar\Debug_m7_0\Obj\code_17896468042025673432.dir\pid.o
#        D:\learnplace\ZZZ_LUNTUI\project\iar\Debug_m7_0\Obj\code_17896468042025673432.dir\process_rx.o
#        D:\learnplace\ZZZ_LUNTUI\project\iar\Debug_m7_0\Obj\code_17896468042025673432.dir\remote.o
#        D:\learnplace\ZZZ_LUNTUI\project\iar\Debug_m7_0\Obj\code_17896468042025673432.dir\runtime_status.o
#        D:\learnplace\ZZZ_LUNTUI\project\iar\Debug_m7_0\Obj\code_17896468042025673432.dir\screen_display.o
#        D:\learnplace\ZZZ_LUNTUI\project\iar\Debug_m7_0\Obj\zf_components_14936052685886095442.dir\seekfree_assistant.o
#        D:\learnplace\ZZZ_LUNTUI\project\iar\Debug_m7_0\Obj\zf_components_14936052685886095442.dir\seekfree_assistant_interface.o
#        D:\learnplace\ZZZ_LUNTUI\project\iar\Debug_m7_0\Obj\code_17896468042025673432.dir\small_driver_uart_control.o
#        D:\learnplace\ZZZ_LUNTUI\project\iar\Debug_m7_0\Obj\startup_479057977785470282.dir\startup.o
#        D:\learnplace\ZZZ_LUNTUI\project\iar\Debug_m7_0\Obj\startup_479057977785470282.dir\startup_cm7.o
#        D:\learnplace\ZZZ_LUNTUI\project\iar\Debug_m7_0\Obj\rev_b_4986922561640112550.dir\system_tviibh4m_cm7.o
#        D:\learnplace\ZZZ_LUNTUI\project\iar\Debug_m7_0\Obj\code_17896468042025673432.dir\vehicle_supervisor.o
#        D:\learnplace\ZZZ_LUNTUI\project\iar\Debug_m7_0\Obj\code_17896468042025673432.dir\vofa_protocol.o
#        D:\learnplace\ZZZ_LUNTUI\project\iar\Debug_m7_0\Obj\code_17896468042025673432.dir\wifi.o
#        D:\learnplace\ZZZ_LUNTUI\project\iar\Debug_m7_0\Obj\zf_common_1201165462030747823.dir\zf_common_clock.o
#        D:\learnplace\ZZZ_LUNTUI\project\iar\Debug_m7_0\Obj\zf_common_1201165462030747823.dir\zf_common_debug.o
#        D:\learnplace\ZZZ_LUNTUI\project\iar\Debug_m7_0\Obj\zf_common_1201165462030747823.dir\zf_common_fifo.o
#        D:\learnplace\ZZZ_LUNTUI\project\iar\Debug_m7_0\Obj\zf_common_1201165462030747823.dir\zf_common_font.o
#        D:\learnplace\ZZZ_LUNTUI\project\iar\Debug_m7_0\Obj\zf_common_1201165462030747823.dir\zf_common_function.o
#        D:\learnplace\ZZZ_LUNTUI\project\iar\Debug_m7_0\Obj\zf_common_1201165462030747823.dir\zf_common_interrupt.o
#        D:\learnplace\ZZZ_LUNTUI\project\iar\Debug_m7_0\Obj\zf_device_6570275422786408770.dir\zf_device_ble6a20.o
#        D:\learnplace\ZZZ_LUNTUI\project\iar\Debug_m7_0\Obj\zf_device_6570275422786408770.dir\zf_device_dl1a.o
#        D:\learnplace\ZZZ_LUNTUI\project\iar\Debug_m7_0\Obj\zf_device_6570275422786408770.dir\zf_device_dl1b.o
#        D:\learnplace\ZZZ_LUNTUI\project\iar\Debug_m7_0\Obj\zf_device_6570275422786408770.dir\zf_device_gnss.o
#        D:\learnplace\ZZZ_LUNTUI\project\iar\Debug_m7_0\Obj\zf_device_6570275422786408770.dir\zf_device_icm20602.o
#        D:\learnplace\ZZZ_LUNTUI\project\iar\Debug_m7_0\Obj\zf_device_6570275422786408770.dir\zf_device_imu660ra.o
#        D:\learnplace\ZZZ_LUNTUI\project\iar\Debug_m7_0\Obj\zf_device_6570275422786408770.dir\zf_device_imu660rb.o
#        D:\learnplace\ZZZ_LUNTUI\project\iar\Debug_m7_0\Obj\zf_device_6570275422786408770.dir\zf_device_imu660rc.o
#        D:\learnplace\ZZZ_LUNTUI\project\iar\Debug_m7_0\Obj\zf_device_6570275422786408770.dir\zf_device_imu963ra.o
#        D:\learnplace\ZZZ_LUNTUI\project\iar\Debug_m7_0\Obj\zf_device_6570275422786408770.dir\zf_device_ips114.o
#        D:\learnplace\ZZZ_LUNTUI\project\iar\Debug_m7_0\Obj\zf_device_6570275422786408770.dir\zf_device_ips200.o
#        D:\learnplace\ZZZ_LUNTUI\project\iar\Debug_m7_0\Obj\zf_device_6570275422786408770.dir\zf_device_ips200pro.o
#        D:\learnplace\ZZZ_LUNTUI\project\iar\Debug_m7_0\Obj\zf_device_6570275422786408770.dir\zf_device_key.o
#        D:\learnplace\ZZZ_LUNTUI\project\iar\Debug_m7_0\Obj\zf_device_6570275422786408770.dir\zf_device_menc15a.o
#        D:\learnplace\ZZZ_LUNTUI\project\iar\Debug_m7_0\Obj\zf_device_6570275422786408770.dir\zf_device_mt9v03x.o
#        D:\learnplace\ZZZ_LUNTUI\project\iar\Debug_m7_0\Obj\zf_device_6570275422786408770.dir\zf_device_oled.o
#        D:\learnplace\ZZZ_LUNTUI\project\iar\Debug_m7_0\Obj\zf_device_6570275422786408770.dir\zf_device_tft180.o
#        D:\learnplace\ZZZ_LUNTUI\project\iar\Debug_m7_0\Obj\zf_device_6570275422786408770.dir\zf_device_tsl1401.o
#        D:\learnplace\ZZZ_LUNTUI\project\iar\Debug_m7_0\Obj\zf_device_6570275422786408770.dir\zf_device_type.o
#        D:\learnplace\ZZZ_LUNTUI\project\iar\Debug_m7_0\Obj\zf_device_6570275422786408770.dir\zf_device_uart_receiver.o
#        D:\learnplace\ZZZ_LUNTUI\project\iar\Debug_m7_0\Obj\zf_device_6570275422786408770.dir\zf_device_wifi_spi.o
#        D:\learnplace\ZZZ_LUNTUI\project\iar\Debug_m7_0\Obj\zf_device_6570275422786408770.dir\zf_device_wifi_uart.o
#        D:\learnplace\ZZZ_LUNTUI\project\iar\Debug_m7_0\Obj\zf_device_6570275422786408770.dir\zf_device_wireless_uart.o
#        D:\learnplace\ZZZ_LUNTUI\project\iar\Debug_m7_0\Obj\zf_driver_11922370083829174090.dir\zf_driver_adc.o
#        D:\learnplace\ZZZ_LUNTUI\project\iar\Debug_m7_0\Obj\zf_driver_11922370083829174090.dir\zf_driver_delay.o
#        D:\learnplace\ZZZ_LUNTUI\project\iar\Debug_m7_0\Obj\zf_driver_11922370083829174090.dir\zf_driver_dma.o
#        D:\learnplace\ZZZ_LUNTUI\project\iar\Debug_m7_0\Obj\zf_driver_11922370083829174090.dir\zf_driver_encoder.o
#        D:\learnplace\ZZZ_LUNTUI\project\iar\Debug_m7_0\Obj\zf_driver_11922370083829174090.dir\zf_driver_exti.o
#        D:\learnplace\ZZZ_LUNTUI\project\iar\Debug_m7_0\Obj\zf_driver_11922370083829174090.dir\zf_driver_flash.o
#        D:\learnplace\ZZZ_LUNTUI\project\iar\Debug_m7_0\Obj\zf_driver_11922370083829174090.dir\zf_driver_gpio.o
#        D:\learnplace\ZZZ_LUNTUI\project\iar\Debug_m7_0\Obj\zf_driver_11922370083829174090.dir\zf_driver_ipc.o
#        D:\learnplace\ZZZ_LUNTUI\project\iar\Debug_m7_0\Obj\zf_driver_11922370083829174090.dir\zf_driver_pit.o
#        D:\learnplace\ZZZ_LUNTUI\project\iar\Debug_m7_0\Obj\zf_driver_11922370083829174090.dir\zf_driver_pwm.o
#        D:\learnplace\ZZZ_LUNTUI\project\iar\Debug_m7_0\Obj\zf_driver_11922370083829174090.dir\zf_driver_soft_iic.o
#        D:\learnplace\ZZZ_LUNTUI\project\iar\Debug_m7_0\Obj\zf_driver_11922370083829174090.dir\zf_driver_soft_spi.o
#        D:\learnplace\ZZZ_LUNTUI\project\iar\Debug_m7_0\Obj\zf_driver_11922370083829174090.dir\zf_driver_spi.o
#        D:\learnplace\ZZZ_LUNTUI\project\iar\Debug_m7_0\Obj\zf_driver_11922370083829174090.dir\zf_driver_timer.o
#        D:\learnplace\ZZZ_LUNTUI\project\iar\Debug_m7_0\Obj\zf_driver_11922370083829174090.dir\zf_driver_uart.o
#        --no_out_extension -o
#        D:\learnplace\ZZZ_LUNTUI\project\iar\project_config\Debug_m7_0\Exe\cyt4bb7_cm_7_0.out
#        --config_def _CORE_cm7_0_=0 --config_def _LINK_flash_=0 --map
#        D:\learnplace\ZZZ_LUNTUI\project\iar\Debug_m7_0\List\cyt4bb7_cm_7_0.map
#        --config
#        D:\learnplace\ZZZ_LUNTUI\project\iar\project_config\..\icf\linker_directives_tviibh.icf
#        --semihosting
#        D:\learnplace\ZZZ_LUNTUI\project\iar\project_config\..\..\..\libraries\sdk\tviibh4m\src\drivers\crypto\libs\libcrypto_server_cm0plus_iar.a
#        D:\learnplace\ZZZ_LUNTUI\project\iar\project_config\..\..\..\libraries\zf_device\zf_device_config.a
#        D:\learnplace\ZZZ_LUNTUI\project\iar\project_config\..\..\..\libraries\sdk\common\hdr\cmsis\dsp\iar_cortexM7lf_math.a
#        --entry __iar_program_start --vfe --text_out locale --cpu=Cortex-M7
#        --fpu=VFPv5_d16) --dependencies=n
#        D:\learnplace\ZZZ_LUNTUI\project\iar\project_config\Debug_m7_0\Exe\cyt4bb7_cm_7_0.out.iar_deps
#
###############################################################################

*******************************************************************************
*** RUNTIME MODEL ATTRIBUTES
***

CppFlavor       = *
__CPP_Runtime   = 1
__Heap_Handler  = Basic
__SystemLibrary = DLib
__dlib_version  = 6


*******************************************************************************
*** HEAP SELECTION
***

The basic heap was selected because --advanced_heap
was not specified and the application did not appear to
be primarily optimized for speed.


*******************************************************************************
*** PLACEMENT SUMMARY
***

"A0":  place at start of [from 0x1008'0000 to 0x1027'ffff] { section .intvec };
"P1":  place in [from 0x1008'0000 to 0x1027'ffff] { ro };
"P2":  place in [from 0x2802'0000 to 0x2807'ffff] { rw };
define block HEAP with size = 1K, alignment = 8 { };
define block CSTACK with size = 8K, alignment = 8 { };
define block HEAP_STACK { block HEAP, last block CSTACK };
"A1":  place at end of [from 0x2802'0000 to 0x2807'ffff] { block HEAP_STACK };
do not initialize { section .intvec_ram };
initialize by copy { rw };

No sections matched the following patterns:

  ro section .sflash_app_prot  in "P6"
  ro section .sflash_nar       in "P4"
  ro section .sflash_pkey      in "P5"
  ro section .sflash_toc2      in "P7"
  ro section .sflash_uf_rows   in "P3"
  ro section .work_flash       in "P8"
  section .global_ram_data     in "P9"


  Section            Kind         Address      Size  Object
  -------            ----         -------      ----  ------
"A0":                                          0x80
  .intvec            ro code  0x1008'0000      0x80  startup_cm7.o [31]
                            - 0x1008'0080      0x80

"P1":                                      0x1'0bd4
  .text              ro code  0x1008'0080    0x236c  navigation_tracking.o [5]
  .text              ro code  0x1008'23ec      0xe8  pid.o [5]
  .text              ro code  0x1008'24d4      0x1e  sqrt.o [51]
  .text              ro code  0x1008'24f2      0x7e  lz77_init_single.o [52]
  .text              ro code  0x1008'2570      0x66  ABImemset.o [52]
  .text              ro code  0x1008'25d6      0x1a  xsnprout.o [50]
  .text              ro code  0x1008'25f0     0x9d4  ipc_shared_data.o [5]
  .text              ro code  0x1008'2fc4     0xba4  navigation_data_handling.o [5]
  .text              ro code  0x1008'3b68      0xa6  ABImemcpy.o [52]
  .text              ro code  0x1008'3c0e       0xa  xsprout.o [50]
  .text              ro code  0x1008'3c18     0x318  navigation_action.o [5]
  .text              ro code  0x1008'3f30      0x7e  atan2.o [51]
  .text              ro code  0x1008'3fb0      0xfc  wifi.o [5]
  .text              ro code  0x1008'40ac      0x3c  vsnprint.o [50]
  .text              ro code  0x1008'40e8     0x19c  runtime_status.o [5]
  .text              ro code  0x1008'4284      0x1e  U64Shr.o [52]
  .text              ro code  0x1008'42a4     0x1d4  cos_sin32.o [51]
  .text              ro code  0x1008'4478     0x466  filter_function.o [5]
  .text              ro code  0x1008'48e0      0x6a  atan2f.o [51]
  .text              ro code  0x1008'494c     0x520  matrix.o [5]
  .text              ro code  0x1008'4e6c      0xcc  fmodf.o [51]
  .text              ro code  0x1008'4f38     0x118  xatan.o [51]
  .text              ro code  0x1008'5050     0x26c  zf_common_fifo.o [46]
  .text              ro code  0x1008'52bc      0x28  printf.o [50]
  .text              ro code  0x1008'52e4     0x268  zf_device_wifi_spi.o [48]
  .text              ro code  0x1008'554c      0x36  strlen.o [52]
  .text              ro code  0x1008'5584     0xeae  xprintffull_nomb.o [50]
  .text              ro code  0x1008'6434      0xa4  xatanf.o [51]
  .text              ro code  0x1008'64d8       0x6  ABImemclr4.o [52]
  .text              ro code  0x1008'64e0     0x430  zf_common_debug.o [46]
  .text              ro code  0x1008'6910     0x13c  zf_driver_gpio.o [49]
  .text              ro code  0x1008'6a4c     0x2d8  zf_driver_delay.o [49]
  .text              ro code  0x1008'6d24     0xc24  zf_driver_spi.o [49]
  .text              ro code  0x1008'7948      0x16  strchr.o [52]
  .text              ro code  0x1008'7960      0x40  xfail_s.o [50]
  .text              ro code  0x1008'79a0      0x58  memchr.o [52]
  .text              ro code  0x1008'79f8      0x70  frexp.o [51]
  .text              ro code  0x1008'7a68      0x34  DblCmpLe.o [51]
  .text              ro code  0x1008'7a9c      0x34  DblCmpGe.o [51]
  .text              ro code  0x1008'7ad0     0x104  ldexp.o [51]
  .text              ro code  0x1008'7bd4       0xe  DblToS32.o [51]
  .text              ro code  0x1008'7be2       0xe  S32ToDbl.o [51]
  .text              ro code  0x1008'7bf0      0x12  DblSub.o [51]
  .text              ro code  0x1008'7c02      0x12  DblDiv.o [51]
  .text              ro code  0x1008'7c14       0xe  DblToU32.o [51]
  .text              ro code  0x1008'7c22       0xe  U32ToDbl.o [51]
  .text              ro code  0x1008'7c30      0x12  DblMul.o [51]
  .text              ro code  0x1008'7c44     0x230  I64DivMod.o [52]
  .text              ro code  0x1008'7e74      0x32  ABImemset48.o [52]
  .text              ro code  0x1008'7ea8     0x9e8  zf_driver_uart.o [49]
  .text              ro code  0x1008'8890      0x40  sprintf.o [50]
  .text              ro code  0x1008'88d0      0xe2  zf_common_interrupt.o [46]
  .text              ro code  0x1008'89b4     0x194  cy_gpio.o [14]
  .text              ro code  0x1008'8b48     0x1b8  cy_tcpwm_counter.o [43]
  .text              ro code  0x1008'8d00       0xc  cy_tcpwm.o [43]
  .text              ro code  0x1008'8d0c     0x1f0  cy_scb_spi.o [24]
  .text              ro code  0x1008'8efc       0x6  abort.o [50]
  .text              ro code  0x1008'8f04       0x2  I64DivZer.o [52]
  .text              ro code  0x1008'8f08     0x314  cy_scb_uart.o [24]
  .text              ro code  0x1008'921c      0xac  cy_sysint.o [35]
  .text              ro code  0x1008'92c8     0xe18  zf_driver_pwm.o [49]
  .text              ro code  0x1008'a0e0      0x14  exit.o [53]
  .text              ro code  0x1008'a0f4     0x214  cy_tcpwm_pwm.o [43]
  .text              ro code  0x1008'a308     0xe7c  control.o [5]
  .text              ro code  0x1008'b184     0x1a4  tan32.o [51]
  .text              ro code  0x1008'b328     0x520  FiveBarLinkageData.o [5]
  .text              ro code  0x1008'b848     0x258  engine.o [5]
  .text              ro code  0x1008'baa0     0x4b2  small_driver_uart_control.o [5]
  .text              ro code  0x1008'bf54     0x36c  process_rx.o [5]
  .text              ro code  0x1008'c2c0      0xd0  vehicle_supervisor.o [5]
  .text              ro code  0x1008'c390     0x27c  jump_control.o [5]
  .text              ro code  0x1008'c60c      0x1e  sqrtf.o [51]
  .text              ro code  0x1008'c62c      0x64  acosf.o [51]
  .text              ro code  0x1008'c690      0x9e  cy_scb_common.o [24]
  .text              ro code  0x1008'c730     0x8e8  cy_sysclk.o [33]
  .text              ro code  0x1008'd018      0x70  strncpy.o [52]
  .text              ro code  0x1008'd088      0xa8  cy_syslib.o [36]
  .text              ro code  0x1008'd130       0x2  cy_syslib.o [36]
  .text              ro code  0x1008'd134     0x69c  remote.o [5]
  .text              ro code  0x1008'd7d0     0x16c  zf_device_uart_receiver.o [48]
  .text              ro code  0x1008'd93c     0x2a8  zf_driver_timer.o [49]
  .text              ro code  0x1008'dbe4      0x44  zf_device_type.o [48]
  .text              ro code  0x1008'dc28     0x5a4  zf_driver_adc.o [49]
  .text              ro code  0x1008'e1cc     0x2d0  cy_adc.o [1]
  .text              ro code  0x1008'e49c     0x548  zf_device_imu660rc.o [48]
  .text              ro code  0x1008'e9e4      0x5c  asinf.o [51]
  .text              ro code  0x1008'ea40      0xdc  zf_driver_exti.o [49]
  .text              ro code  0x1008'eb1c     0x398  zf_driver_pit.o [49]
  .text              ro code  0x1008'eeb4     0x354  cm7_0_isr.o [45]
  .text              ro code  0x1008'f208      0xa0  imu.o [5]
  .text              ro code  0x1008'f2a8      0x7c  zf_device_tsl1401.o [48]
  .text              ro code  0x1008'f324     0x204  startup.o [31]
  .text              ro code  0x1008'f528     0x150  system_tviibh4m_cm7.o [22]
  .text              ro code  0x1008'f678       0x8  startup_cm7.o [31]
  .text              ro code  0x1008'f680       0x6  startup_cm7.o [31]
  .text              ro code  0x1008'f688     0x198  cy_interrupt_map.o [23]
  .text              ro code  0x1008'f820     0x150  main_cm7_0.o [45]
  .text              ro code  0x1008'f970      0x1c  zf_common_clock.o [46]
  .text              ro code  0x1008'f98c      0x90  battery_monitor.o [5]
  .rodata            const    0x1008'fa1c      0xfc  ipc_shared_data.o [5]
  .text              ro code  0x1008'fb18      0xb0  startup_cm7.o [31]
  .rodata            const    0x1008'fbc8      0x90  navigation_tracking.o [5]
  .rodata            const    0x1008'fc58      0x58  navigation_action.o [5]
  .rodata            const    0x1008'fcb0      0x58  navigation_tracking.o [5]
  .rodata            const    0x1008'fd08      0x58  navigation_tracking.o [5]
  .rodata            const    0x1008'fd60      0x54  navigation_tracking.o [5]
  .rodata            const    0x1008'fdb4      0x54  system_tviibh4m_cm7.o [22]
  .rodata            const    0x1008'fe08      0x50  cy_sysclk.o [33]
  .rodata            const    0x1008'fe58      0x50  cy_sysclk.o [33]
  .rodata            const    0x1008'fea8      0x4c  navigation_tracking.o [5]
  .rodata            const    0x1008'fef4      0x4c  navigation_tracking.o [5]
  .rodata            const    0x1008'ff40      0x48  navigation_tracking.o [5]
  .rodata            const    0x1008'ff88      0x48  navigation_tracking.o [5]
  .rodata            const    0x1008'ffd0      0x44  navigation_tracking.o [5]
  .rodata            const    0x1009'0014      0x44  navigation_tracking.o [5]
  .rodata            const    0x1009'0058      0x44  navigation_tracking.o [5]
  .rodata            const    0x1009'009c      0x44  wifi.o [5]
  .rodata            const    0x1009'00e0      0x44  zf_device_imu660rc.o [48]
  .rodata            const    0x1009'0124      0x40  navigation_tracking.o [5]
  .rodata            const    0x1009'0164      0x40  zf_common_fifo.o [46]
  .rodata            const    0x1009'01a4      0x40  zf_driver_adc.o [49]
  .rodata            const    0x1009'01e4      0x40  zf_driver_pwm.o [49]
  .rodata            const    0x1009'0224      0x40  zf_driver_spi.o [49]
  .rodata            const    0x1009'0264      0x40  zf_driver_uart.o [49]
  .rodata            const    0x1009'02a4      0x38  navigation_action.o [5]
  .rodata            const    0x1009'02dc      0x38  navigation_tracking.o [5]
  .rodata            const    0x1009'0314      0x38  navigation_tracking.o [5]
  .rodata            const    0x1009'034c      0x38  navigation_tracking.o [5]
  .text              ro code  0x1009'0384      0x38  zero_init3.o [52]
  .rodata            const    0x1009'03bc      0x34  navigation_action.o [5]
  .rodata            const    0x1009'03f0      0x34  navigation_tracking.o [5]
  .rodata            const    0x1009'0424      0x34  navigation_tracking.o [5]
  .rodata            const    0x1009'0458      0x30  navigation_tracking.o [5]
  .rodata            const    0x1009'0488      0x30  navigation_tracking.o [5]
  .rodata            const    0x1009'04b8      0x2c  navigation_tracking.o [5]
  .rodata            const    0x1009'04e4      0x28  navigation_tracking.o [5]
  .text              ro code  0x1009'050c      0x28  data_init.o [52]
  .rodata            const    0x1009'0534      0x24  navigation_tracking.o [5]
  .text              ro code  0x1009'0558      0x22  fpinit_M.o [51]
  .iar.init_table    const    0x1009'057c      0x20  - Linker created -
  .text              ro code  0x1009'059c      0x20  startup_cm7.o [31]
  .text              ro code  0x1009'05bc      0x20  putchar.o [50]
  .text              ro code  0x1009'05e0      0x1e  cy_syslib_iar.o [36]
  .text              ro code  0x1009'0600      0x1e  cmain.o [52]
  .text              ro code  0x1009'0620       0x4  startup_cm7.o [31]
  .text              ro code  0x1009'0624       0x4  exit.o [50]
  .text              ro code  0x1009'0628       0xa  cexit.o [52]
  .rodata            const    0x1009'0634      0x1c  zf_common_debug.o [46]
  .rodata            const    0x1009'0650      0x1c  zf_device_imu660rc.o [48]
  .text              ro code  0x1009'066c      0x1c  startup_cm7.o [31]
  .text              ro code  0x1009'0688      0x1c  cstartup_M.o [52]
  .rodata            const    0x1009'06a4      0x18  imu.o [5]
  .rodata            const    0x1009'06bc      0x18  startup.o [31]
  .rodata            const    0x1009'06d4      0x18  system_tviibh4m_cm7.o [22]
  .rodata            const    0x1009'06ec      0x18  zf_common_debug.o [46]
  .text              ro code  0x1009'0704      0x16  xprout.o [50]
  .rodata            const    0x1009'071c      0x14  navigation_tracking.o [5]
  .rodata            const    0x1009'0730      0x14  navigation_tracking.o [5]
  .rodata            const    0x1009'0744      0x14  navigation_tracking.o [5]
  .rodata            const    0x1009'0758      0x14  navigation_tracking.o [5]
  .rodata            const    0x1009'076c      0x14  navigation_tracking.o [5]
  .rodata            const    0x1009'0780      0x10  zf_common_debug.o [46]
  .rodata            const    0x1009'0790      0x10  zf_common_debug.o [46]
  .rodata            const    0x1009'07a0       0xc  engine.o [5]
  .rodata            const    0x1009'07ac       0xc  engine.o [5]
  .rodata            const    0x1009'07b8       0xc  engine.o [5]
  .rodata            const    0x1009'07c4       0xc  engine.o [5]
  .rodata            const    0x1009'07d0       0xc  navigation_tracking.o [5]
  .rodata            const    0x1009'07dc       0xc  navigation_tracking.o [5]
  .rodata            const    0x1009'07e8       0xc  navigation_tracking.o [5]
  .rodata            const    0x1009'07f4       0xc  navigation_tracking.o [5]
  .rodata            const    0x1009'0800       0xc  navigation_tracking.o [5]
  .rodata            const    0x1009'080c       0xc  navigation_tracking.o [5]
  .rodata            const    0x1009'0818       0xc  small_driver_uart_control.o [5]
  .rodata            const    0x1009'0824       0xc  small_driver_uart_control.o [5]
  .rodata            const    0x1009'0830       0xc  wifi.o [5]
  .rodata            const    0x1009'083c       0xc  zf_common_debug.o [46]
  .rodata            const    0x1009'0848       0xc  zf_common_debug.o [46]
  .rodata            const    0x1009'0854       0xc  zf_common_debug.o [46]
  .text              ro code  0x1009'0860       0xc  cy_syslib.o [36]
  .rodata            const    0x1009'086c       0x8  cy_sysclk.o [33]
  .rodata            const    0x1009'0874       0x8  navigation_action.o [5]
  .rodata            const    0x1009'087c       0x8  navigation_action.o [5]
  .rodata            const    0x1009'0884       0x8  navigation_tracking.o [5]
  .rodata            const    0x1009'088c       0x8  small_driver_uart_control.o [5]
  .rodata            const    0x1009'0894       0x4  cy_adc.o [1]
  .rodata            const    0x1009'0898       0x4  cy_adc.o [1]
  .rodata            const    0x1009'089c       0x4  cy_adc.o [1]
  .rodata            const    0x1009'08a0       0x4  cy_adc.o [1]
  .rodata            const    0x1009'08a4       0x4  cy_adc.o [1]
  .rodata            const    0x1009'08a8       0x4  cy_adc.o [1]
  .rodata            const    0x1009'08ac       0x4  cy_adc.o [1]
  .rodata            const    0x1009'08b0       0x4  cy_adc.o [1]
  .rodata            const    0x1009'08b4       0x4  cy_interrupt_map.o [23]
  .rodata            const    0x1009'08b8       0x4  cy_interrupt_map.o [23]
  .rodata            const    0x1009'08bc       0x4  cy_interrupt_map.o [23]
  .rodata            const    0x1009'08c0       0x4  cy_interrupt_map.o [23]
  .rodata            const    0x1009'08c4       0x4  cy_interrupt_map.o [23]
  .rodata            const    0x1009'08c8       0x4  cy_interrupt_map.o [23]
  .rodata            const    0x1009'08cc       0x4  cy_interrupt_map.o [23]
  .rodata            const    0x1009'08d0       0x4  cy_interrupt_map.o [23]
  .rodata            const    0x1009'08d4       0x4  cy_scb_spi.o [24]
  .rodata            const    0x1009'08d8       0x4  cy_scb_spi.o [24]
  .rodata            const    0x1009'08dc       0x4  cy_scb_spi.o [24]
  .rodata            const    0x1009'08e0       0x4  cy_scb_spi.o [24]
  .rodata            const    0x1009'08e4       0x4  cy_scb_uart.o [24]
  .rodata            const    0x1009'08e8       0x4  cy_scb_uart.o [24]
  .rodata            const    0x1009'08ec       0x4  cy_scb_uart.o [24]
  .rodata            const    0x1009'08f0       0x4  cy_scb_uart.o [24]
  .rodata            const    0x1009'08f4       0x4  cy_scb_uart.o [24]
  .rodata            const    0x1009'08f8       0x4  cy_scb_uart.o [24]
  .rodata            const    0x1009'08fc       0x4  cy_scb_uart.o [24]
  .rodata            const    0x1009'0900       0x4  cy_scb_uart.o [24]
  .rodata            const    0x1009'0904       0x4  cy_scb_uart.o [24]
  .rodata            const    0x1009'0908       0x4  cy_scb_uart.o [24]
  .rodata            const    0x1009'090c       0x4  cy_sysint.o [35]
  .rodata            const    0x1009'0910       0x4  cy_sysint.o [35]
  .rodata            const    0x1009'0914       0x4  cy_tcpwm_counter.o [43]
  .rodata            const    0x1009'0918       0x4  cy_tcpwm_counter.o [43]
  .rodata            const    0x1009'091c       0x4  cy_tcpwm_counter.o [43]
  .rodata            const    0x1009'0920       0x4  cy_tcpwm_counter.o [43]
  .rodata            const    0x1009'0924       0x4  cy_tcpwm_counter.o [43]
  .rodata            const    0x1009'0928       0x4  cy_tcpwm_pwm.o [43]
  .rodata            const    0x1009'092c       0x4  cy_tcpwm_pwm.o [43]
  .rodata            const    0x1009'0930       0x4  cy_tcpwm_pwm.o [43]
  .rodata            const    0x1009'0934       0x4  cy_tcpwm_pwm.o [43]
  .rodata            const    0x1009'0938       0x4  cy_tcpwm_pwm.o [43]
  .rodata            const    0x1009'093c       0x4  cy_tcpwm_pwm.o [43]
  .rodata            const    0x1009'0940       0x4  cy_tcpwm_pwm.o [43]
  .rodata            const    0x1009'0944       0x4  param.o [5]
  .rodata            const    0x1009'0948       0x4  param.o [5]
  .rodata            const    0x1009'094c       0x4  param.o [5]
  .rodata            const    0x1009'0950       0x4  param.o [5]
  .rodata            const    0x1009'0954       0x4  param.o [5]
  .rodata            const    0x1009'0958       0x4  param.o [5]
  .rodata            const    0x1009'095c       0x4  param.o [5]
  .rodata            const    0x1009'0960       0x4  param.o [5]
  .rodata            const    0x1009'0964       0x4  param.o [5]
  .rodata            const    0x1009'0968       0x4  param.o [5]
  .rodata            const    0x1009'096c       0x4  param.o [5]
  .rodata            const    0x1009'0970       0x4  param.o [5]
  .rodata            const    0x1009'0974       0x4  param.o [5]
  .rodata            const    0x1009'0978       0x4  param.o [5]
  .rodata            const    0x1009'097c       0x4  param.o [5]
  .rodata            const    0x1009'0980       0x4  param.o [5]
  .rodata            const    0x1009'0984       0x4  param.o [5]
  .rodata            const    0x1009'0988       0x4  param.o [5]
  .rodata            const    0x1009'098c       0x4  param.o [5]
  .rodata            const    0x1009'0990       0x4  param.o [5]
  .rodata            const    0x1009'0994       0x4  param.o [5]
  .rodata            const    0x1009'0998       0x4  param.o [5]
  .rodata            const    0x1009'099c       0x4  param.o [5]
  .rodata            const    0x1009'09a0       0x4  param.o [5]
  .rodata            const    0x1009'09a4       0x4  param.o [5]
  .rodata            const    0x1009'09a8       0x4  param.o [5]
  .rodata            const    0x1009'09ac       0x4  param.o [5]
  .rodata            const    0x1009'09b0       0x4  param.o [5]
  .rodata            const    0x1009'09b4       0x4  param.o [5]
  .rodata            const    0x1009'09b8       0x4  param.o [5]
  .rodata            const    0x1009'09bc       0x4  param.o [5]
  .rodata            const    0x1009'09c0       0x4  param.o [5]
  .rodata            const    0x1009'09c4       0x4  param.o [5]
  .rodata            const    0x1009'09c8       0x4  param.o [5]
  .rodata            const    0x1009'09cc       0x4  param.o [5]
  .rodata            const    0x1009'09d0       0x4  param.o [5]
  .rodata            const    0x1009'09d4       0x4  param.o [5]
  .rodata            const    0x1009'09d8       0x4  param.o [5]
  .rodata            const    0x1009'09dc       0x4  param.o [5]
  .rodata            const    0x1009'09e0       0x4  param.o [5]
  .rodata            const    0x1009'09e4       0x4  param.o [5]
  .rodata            const    0x1009'09e8       0x4  param.o [5]
  .rodata            const    0x1009'09ec       0x4  param.o [5]
  .rodata            const    0x1009'09f0       0x4  param.o [5]
  .rodata            const    0x1009'09f4       0x4  param.o [5]
  .rodata            const    0x1009'09f8       0x4  param.o [5]
  .rodata            const    0x1009'09fc       0x4  param.o [5]
  .rodata            const    0x1009'0a00       0x4  param.o [5]
  .rodata            const    0x1009'0a04       0x4  param.o [5]
  .rodata            const    0x1009'0a08       0x4  param.o [5]
  .rodata            const    0x1009'0a0c       0x4  param.o [5]
  .rodata            const    0x1009'0a10       0x4  param.o [5]
  .rodata            const    0x1009'0a14       0x4  param.o [5]
  .rodata            const    0x1009'0a18       0x4  param.o [5]
  .rodata            const    0x1009'0a1c       0x4  param.o [5]
  .rodata            const    0x1009'0a20       0x4  param.o [5]
  .rodata            const    0x1009'0a24       0x4  param.o [5]
  .rodata            const    0x1009'0a28       0x4  param.o [5]
  .rodata            const    0x1009'0a2c       0x4  param.o [5]
  .rodata            const    0x1009'0a30       0x4  param.o [5]
  .rodata            const    0x1009'0a34       0x4  param.o [5]
  .rodata            const    0x1009'0a38       0x4  param.o [5]
  .rodata            const    0x1009'0a3c       0x4  param.o [5]
  .rodata            const    0x1009'0a40       0x4  param.o [5]
  .text              ro code  0x1009'0a44       0x4  startup_cm7.o [31]
  .text              ro code  0x1009'0a48       0x4  startup_cm7.o [31]
  .text              ro code  0x1009'0a4c       0x4  startup_cm7.o [31]
  .text              ro code  0x1009'0a50       0x4  startup_cm7.o [31]
  .text              ro code  0x1009'0a54       0x4  startup_cm7.o [31]
  .text              ro code  0x1009'0a58       0x4  startup_cm7.o [31]
  .text              ro code  0x1009'0a5c       0x4  startup_cm7.o [31]
  .text              ro code  0x1009'0a60       0x4  startup_cm7.o [31]
  .text              ro code  0x1009'0a64       0x4  startup_cm7.o [31]
  .text              ro code  0x1009'0a68       0x4  startup_cm7.o [31]
  .text              ro code  0x1009'0a6c       0x4  startup_cm7.o [31]
  .text              ro code  0x1009'0a70       0x4  startup_cm7.o [31]
  .text              ro code  0x1009'0a74       0x4  startup_cm7.o [31]
  .text              ro code  0x1009'0a78       0x4  startup_cm7.o [31]
  .text              ro code  0x1009'0a7c       0x4  startup_cm7.o [31]
  .rodata            const    0x1009'0a80       0x0  zero_init3.o [52]
  .rodata            const    0x1009'0a80       0x0  lz77_init_single.o [52]
  Initializer bytes  const    0x1009'0a80     0x16f  <for P2-1>
                            - 0x1009'0bef  0x1'0b6f

Absolute sections, part 1 of 3:               0x1e8
  .noinit            uninit   0x2800'1000     0x1e8  ipc_shared_data.o [5]
                            - 0x2800'11e8     0x1e8

Absolute sections, part 2 of 3:               0x3cc
  .noinit            uninit   0x2800'1400     0x3cc  ipc_shared_data.o [5]
                            - 0x2800'17cc     0x3cc

Absolute sections, part 3 of 3:               0x118
  .noinit            uninit   0x2800'1800     0x118  ipc_shared_data.o [5]
                            - 0x2800'1918     0x118

"P2", part 1 of 3:                            0x8a9
  P2-1                        0x2802'0000     0x8a9  <Init block>
    .data            inited   0x2802'0000     0x6ec  cy_interrupt_map.o [23]
    .data            inited   0x2802'06ec       0x4  cy_interrupt_map.o [23]
    .data            inited   0x2802'06f0      0x20  FiveBarLinkageData.o [5]
    .data            inited   0x2802'0710       0x4  navigation_data_handling.o [5]
    .data            inited   0x2802'0714       0x4  navigation_data_handling.o [5]
    .data            inited   0x2802'0718       0x4  navigation_data_handling.o [5]
    .data            inited   0x2802'071c       0x4  navigation_data_handling.o [5]
    .data            inited   0x2802'0720       0x4  navigation_data_handling.o [5]
    .data            inited   0x2802'0724       0x4  navigation_data_handling.o [5]
    .data            inited   0x2802'0728       0x4  navigation_data_handling.o [5]
    .data            inited   0x2802'072c       0x4  navigation_data_handling.o [5]
    .data            inited   0x2802'0730       0x4  navigation_data_handling.o [5]
    .data            inited   0x2802'0734       0x4  navigation_data_handling.o [5]
    .data            inited   0x2802'0738       0x4  navigation_tracking.o [5]
    .data            inited   0x2802'073c       0x4  param.o [5]
    .data            inited   0x2802'0740       0x4  param.o [5]
    .data            inited   0x2802'0744       0x4  param.o [5]
    .data            inited   0x2802'0748       0x4  param.o [5]
    .data            inited   0x2802'074c       0x4  param.o [5]
    .data            inited   0x2802'0750       0x4  param.o [5]
    .data            inited   0x2802'0754       0x4  param.o [5]
    .data            inited   0x2802'0758       0x4  param.o [5]
    .data            inited   0x2802'075c       0x4  param.o [5]
    .data            inited   0x2802'0760       0x4  param.o [5]
    .data            inited   0x2802'0764       0x4  param.o [5]
    .data            inited   0x2802'0768       0x4  param.o [5]
    .data            inited   0x2802'076c       0x4  param.o [5]
    .data            inited   0x2802'0770       0x4  param.o [5]
    .data            inited   0x2802'0774       0x4  param.o [5]
    .data            inited   0x2802'0778      0x1c  remote.o [5]
    .data            inited   0x2802'0794       0x4  remote.o [5]
    .data            inited   0x2802'0798       0x4  remote.o [5]
    .data            inited   0x2802'079c       0x4  remote.o [5]
    .data            inited   0x2802'07a0       0x4  remote.o [5]
    .data            inited   0x2802'07a4       0x4  remote.o [5]
    .data            inited   0x2802'07a8       0x4  remote.o [5]
    .data            inited   0x2802'07ac       0xc  runtime_status.o [5]
    .data            inited   0x2802'07b8       0x4  zf_device_type.o [48]
    .data            inited   0x2802'07bc       0x4  zf_device_type.o [48]
    .data            inited   0x2802'07c0       0xc  zf_driver_adc.o [49]
    .data            inited   0x2802'07cc      0x60  zf_driver_exti.o [49]
    .data            inited   0x2802'082c      0x3c  zf_driver_pit.o [49]
    .data            inited   0x2802'0868      0x10  zf_driver_spi.o [49]
    .data            inited   0x2802'0878      0x14  zf_driver_uart.o [49]
    .data            inited   0x2802'088c      0x14  zf_driver_uart.o [49]
    .data            inited   0x2802'08a0       0x2  zf_driver_delay.o [49]
    .data            inited   0x2802'08a2       0x1  control.o [5]
    .data            inited   0x2802'08a3       0x1  control.o [5]
    .data            inited   0x2802'08a4       0x1  control.o [5]
    .data            inited   0x2802'08a5       0x1  navigation_action.o [5]
    .data            inited   0x2802'08a6       0x1  navigation_tracking.o [5]
    .data            inited   0x2802'08a7       0x1  zf_common_debug.o [46]
    .data            inited   0x2802'08a8       0x1  zf_driver_delay.o [49]
                            - 0x2802'08a9     0x8a9

"P2", part 2 of 3:                           0x997c
  .bss               zero     0x2802'08ac    0x2710  navigation_tracking.o [5]
  .bss               zero     0x2802'2fbc    0x2710  navigation_tracking.o [5]
  .bss               zero     0x2802'56cc    0x2710  navigation_tracking.o [5]
  .bss               zero     0x2802'7ddc    0x1018  navigation_data_handling.o [5]
  .bss               zero     0x2802'8df4     0x4b0  navigation_data_handling.o [5]
  .bss               zero     0x2802'92a4     0x4b0  navigation_data_handling.o [5]
  .bss               zero     0x2802'9754     0x200  zf_device_tsl1401.o [48]
  .bss               zero     0x2802'9954     0x118  zf_driver_uart.o [49]
  .bss               zero     0x2802'9a6c      0xcc  navigation_action.o [5]
  .bss               zero     0x2802'9b38      0x70  cy_syslib.o [36]
  .bss               zero     0x2802'9ba8      0x48  zf_driver_adc.o [49]
  .bss               zero     0x2802'9bf0      0x40  imu.o [5]
  .bss               zero     0x2802'9c30      0x40  zf_common_debug.o [46]
  .bss               zero     0x2802'9c70      0x1c  zf_device_uart_receiver.o [48]
  .bss               zero     0x2802'9c90      0x38  navigation_data_handling.o [5]
  .bss               zero     0x2802'9cc8      0x30  navigation_data_handling.o [5]
  .bss               zero     0x2802'9cf8      0x30  navigation_data_handling.o [5]
  .bss               zero     0x2802'9d28      0x30  navigation_tracking.o [5]
  .bss               zero     0x2802'9d58      0x30  param.o [5]
  .bss               zero     0x2802'9d88      0x30  param.o [5]
  .bss               zero     0x2802'9db8      0x30  param.o [5]
  .bss               zero     0x2802'9de8      0x30  param.o [5]
  .bss               zero     0x2802'9e18      0x30  param.o [5]
  .bss               zero     0x2802'9e48      0x18  cy_sysclk.o [33]
  .bss               zero     0x2802'9e60      0x18  cy_syslib.o [36]
  .bss               zero     0x2802'9e78      0x18  process_rx.o [5]
  .bss               zero     0x2802'9e90      0x18  process_rx.o [5]
  .bss               zero     0x2802'9ea8      0x18  wifi.o [5]
  .bss               zero     0x2802'9ec0      0x18  zf_common_debug.o [46]
  .bss               zero     0x2802'9ed8      0x18  zf_device_wifi_spi.o [48]
  .bss               zero     0x2802'9ef0      0x14  imu.o [5]
  .bss               zero     0x2802'9f04      0x14  navigation_tracking.o [5]
  .bss               zero     0x2802'9f18      0x14  small_driver_uart_control.o [5]
  .bss               zero     0x2802'9f2c      0x14  zf_common_debug.o [46]
  .bss               zero     0x2802'9f40      0x10  process_rx.o [5]
  .bss               zero     0x2802'9f50      0x10  zf_device_imu660rc.o [48]
  .bss               zero     0x2802'9f60      0x10  zf_device_uart_receiver.o [48]
  .bss               zero     0x2802'9f70       0xc  control.o [5]
  .bss               zero     0x2802'9f7c       0xc  navigation_action.o [5]
  .bss               zero     0x2802'9f88       0xc  navigation_data_handling.o [5]
  .bss               zero     0x2802'9f94       0xc  navigation_data_handling.o [5]
  .bss               zero     0x2802'9fa0       0xc  navigation_data_handling.o [5]
  .bss               zero     0x2802'9fac       0xc  navigation_data_handling.o [5]
  .bss               zero     0x2802'9fb8       0xc  process_rx.o [5]
  .bss               zero     0x2802'9fc4       0xc  process_rx.o [5]
  .bss               zero     0x2802'9fd0       0x8  zf_device_imu660rc.o [48]
  .bss               zero     0x2802'9fd8       0x4  battery_monitor.o [5]
  .bss               zero     0x2802'9fdc       0x4  cm7_0_isr.o [45]
  .bss               zero     0x2802'9fe0       0x4  cm7_0_isr.o [45]
  .bss               zero     0x2802'9fe4       0x4  control.o [5]
  .bss               zero     0x2802'9fe8       0x4  control.o [5]
  .bss               zero     0x2802'9fec       0x4  control.o [5]
  .bss               zero     0x2802'9ff0       0x4  control.o [5]
  .bss               zero     0x2802'9ff4       0x4  control.o [5]
  .bss               zero     0x2802'9ff8       0x4  control.o [5]
  .bss               zero     0x2802'9ffc       0x4  control.o [5]
  .bss               zero     0x2802'a000       0x4  control.o [5]
  .bss               zero     0x2802'a004       0x4  control.o [5]
  .bss               zero     0x2802'a008       0x4  control.o [5]
  .bss               zero     0x2802'a00c       0x4  control.o [5]
  .bss               zero     0x2802'a010       0x4  control.o [5]
  .bss               zero     0x2802'a014       0x4  control.o [5]
  .bss               zero     0x2802'a018       0x4  control.o [5]
  .bss               zero     0x2802'a01c       0x4  control.o [5]
  .bss               zero     0x2802'a020       0x4  control.o [5]
  .bss               zero     0x2802'a024       0x4  control.o [5]
  .bss               zero     0x2802'a028       0x4  control.o [5]
  .bss               zero     0x2802'a02c       0x4  control.o [5]
  .bss               zero     0x2802'a030       0x4  control.o [5]
  .bss               zero     0x2802'a034       0x4  control.o [5]
  .bss               zero     0x2802'a038       0x4  control.o [5]
  .bss               zero     0x2802'a03c       0x4  control.o [5]
  .bss               zero     0x2802'a040       0x4  control.o [5]
  .bss               zero     0x2802'a044       0x4  control.o [5]
  .bss               zero     0x2802'a048       0x4  control.o [5]
  .bss               zero     0x2802'a04c       0x4  control.o [5]
  .bss               zero     0x2802'a050       0x4  control.o [5]
  .bss               zero     0x2802'a054       0x4  control.o [5]
  .bss               zero     0x2802'a058       0x4  control.o [5]
  .bss               zero     0x2802'a05c       0x4  control.o [5]
  .bss               zero     0x2802'a060       0x4  control.o [5]
  .bss               zero     0x2802'a064       0x4  control.o [5]
  .bss               zero     0x2802'a068       0x4  control.o [5]
  .bss               zero     0x2802'a06c       0x4  control.o [5]
  .bss               zero     0x2802'a070       0x4  control.o [5]
  .bss               zero     0x2802'a074       0x4  control.o [5]
  .bss               zero     0x2802'a078       0x4  control.o [5]
  .bss               zero     0x2802'a07c       0x4  cy_syslib.o [36]
  .bss               zero     0x2802'a080       0x4  engine.o [5]
  .bss               zero     0x2802'a084       0x4  engine.o [5]
  .bss               zero     0x2802'a088       0x4  engine.o [5]
  .bss               zero     0x2802'a08c       0x4  engine.o [5]
  .bss               zero     0x2802'a090       0x4  engine.o [5]
  .bss               zero     0x2802'a094       0x4  engine.o [5]
  .bss               zero     0x2802'a098       0x4  engine.o [5]
  .bss               zero     0x2802'a09c       0x4  engine.o [5]
  .bss               zero     0x2802'a0a0       0x4  jump_control.o [5]
  .bss               zero     0x2802'a0a4       0x4  navigation_action.o [5]
  .bss               zero     0x2802'a0a8       0x4  navigation_data_handling.o [5]
  .bss               zero     0x2802'a0ac       0x4  navigation_data_handling.o [5]
  .bss               zero     0x2802'a0b0       0x4  navigation_data_handling.o [5]
  .bss               zero     0x2802'a0b4       0x4  navigation_tracking.o [5]
  .bss               zero     0x2802'a0b8       0x4  navigation_tracking.o [5]
  .bss               zero     0x2802'a0bc       0x4  navigation_tracking.o [5]
  .bss               zero     0x2802'a0c0       0x4  navigation_tracking.o [5]
  .bss               zero     0x2802'a0c4       0x4  navigation_tracking.o [5]
  .bss               zero     0x2802'a0c8       0x4  navigation_tracking.o [5]
  .bss               zero     0x2802'a0cc       0x4  navigation_tracking.o [5]
  .bss               zero     0x2802'a0d0       0x4  navigation_tracking.o [5]
  .bss               zero     0x2802'a0d4       0x4  navigation_tracking.o [5]
  .bss               zero     0x2802'a0d8       0x4  navigation_tracking.o [5]
  .bss               zero     0x2802'a0dc       0x4  navigation_tracking.o [5]
  .bss               zero     0x2802'a0e0       0x4  navigation_tracking.o [5]
  .bss               zero     0x2802'a0e4       0x4  navigation_tracking.o [5]
  .bss               zero     0x2802'a0e8       0x4  navigation_tracking.o [5]
  .bss               zero     0x2802'a0ec       0x4  param.o [5]
  .bss               zero     0x2802'a0f0       0x4  param.o [5]
  .bss               zero     0x2802'a0f4       0x4  param.o [5]
  .bss               zero     0x2802'a0f8       0x4  param.o [5]
  .bss               zero     0x2802'a0fc       0x4  param.o [5]
  .bss               zero     0x2802'a100       0x4  param.o [5]
  .bss               zero     0x2802'a104       0x4  param.o [5]
  .bss               zero     0x2802'a108       0x4  param.o [5]
  .bss               zero     0x2802'a10c       0x4  param.o [5]
  .bss               zero     0x2802'a110       0x4  param.o [5]
  .bss               zero     0x2802'a114       0x4  param.o [5]
  .bss               zero     0x2802'a118       0x4  param.o [5]
  .bss               zero     0x2802'a11c       0x4  param.o [5]
  .bss               zero     0x2802'a120       0x4  param.o [5]
  .bss               zero     0x2802'a124       0x4  param.o [5]
  .bss               zero     0x2802'a128       0x4  param.o [5]
  .bss               zero     0x2802'a12c       0x4  param.o [5]
  .bss               zero     0x2802'a130       0x4  param.o [5]
  .bss               zero     0x2802'a134       0x4  param.o [5]
  .bss               zero     0x2802'a138       0x4  param.o [5]
  .bss               zero     0x2802'a13c       0x4  param.o [5]
  .bss               zero     0x2802'a140       0x4  param.o [5]
  .bss               zero     0x2802'a144       0x4  param.o [5]
  .bss               zero     0x2802'a148       0x4  param.o [5]
  .bss               zero     0x2802'a14c       0x4  param.o [5]
  .bss               zero     0x2802'a150       0x4  param.o [5]
  .bss               zero     0x2802'a154       0x4  process_rx.o [5]
  .bss               zero     0x2802'a158       0x4  process_rx.o [5]
  .bss               zero     0x2802'a15c       0x4  process_rx.o [5]
  .bss               zero     0x2802'a160       0x4  remote.o [5]
  .bss               zero     0x2802'a164       0x4  remote.o [5]
  .bss               zero     0x2802'a168       0x4  remote.o [5]
  .bss               zero     0x2802'a16c       0x4  remote.o [5]
  .bss               zero     0x2802'a170       0x4  small_driver_uart_control.o [5]
  .bss               zero     0x2802'a174       0x4  small_driver_uart_control.o [5]
  .bss               zero     0x2802'a178       0x4  small_driver_uart_control.o [5]
  .bss               zero     0x2802'a17c       0x4  small_driver_uart_control.o [5]
  .bss               zero     0x2802'a180       0x4  system_tviibh4m_cm7.o [22]
  .bss               zero     0x2802'a184       0x4  system_tviibh4m_cm7.o [22]
  .bss               zero     0x2802'a188       0x4  system_tviibh4m_cm7.o [22]
  .bss               zero     0x2802'a18c       0x4  system_tviibh4m_cm7.o [22]
  .bss               zero     0x2802'a190       0x4  system_tviibh4m_cm7.o [22]
  .bss               zero     0x2802'a194       0x4  zf_common_clock.o [46]
  .bss               zero     0x2802'a198       0x4  zf_common_interrupt.o [46]
  .bss               zero     0x2802'a19c       0x4  zf_device_imu660rc.o [48]
  .bss               zero     0x2802'a1a0       0x4  zf_device_imu660rc.o [48]
  .bss               zero     0x2802'a1a4       0x4  zf_device_imu660rc.o [48]
  .bss               zero     0x2802'a1a8       0x4  zf_device_wifi_spi.o [48]
  .bss               zero     0x2802'a1ac       0x4  zf_driver_spi.o [49]
  .bss               zero     0x2802'a1b0       0x4  zf_driver_timer.o [49]
  .bss               zero     0x2802'a1b4       0x4  xfail_s.o [50]
  .bss               zero     0x2802'a1b8       0x2  battery_monitor.o [5]
  .bss               zero     0x2802'a1ba       0x2  control.o [5]
  .bss               zero     0x2802'a1bc       0x2  control.o [5]
  .bss               zero     0x2802'a1be       0x2  jump_control.o [5]
  .bss               zero     0x2802'a1c0       0x2  jump_control.o [5]
  .bss               zero     0x2802'a1c2       0x2  navigation_action.o [5]
  .bss               zero     0x2802'a1c4       0x2  navigation_data_handling.o [5]
  .bss               zero     0x2802'a1c6       0x2  navigation_tracking.o [5]
  .bss               zero     0x2802'a1c8       0x2  navigation_tracking.o [5]
  .bss               zero     0x2802'a1ca       0x2  navigation_tracking.o [5]
  .bss               zero     0x2802'a1cc       0x2  navigation_tracking.o [5]
  .bss               zero     0x2802'a1ce       0x2  navigation_tracking.o [5]
  .bss               zero     0x2802'a1d0       0x2  remote.o [5]
  .bss               zero     0x2802'a1d2       0x2  small_driver_uart_control.o [5]
  .bss               zero     0x2802'a1d4       0x2  small_driver_uart_control.o [5]
  .bss               zero     0x2802'a1d6       0x2  small_driver_uart_control.o [5]
  .bss               zero     0x2802'a1d8       0x2  wifi.o [5]
  .bss               zero     0x2802'a1da       0x2  wifi.o [5]
  .bss               zero     0x2802'a1dc       0x2  zf_device_imu660rc.o [48]
  .bss               zero     0x2802'a1de       0x2  zf_device_imu660rc.o [48]
  .bss               zero     0x2802'a1e0       0x2  zf_device_imu660rc.o [48]
  .bss               zero     0x2802'a1e2       0x2  zf_device_imu660rc.o [48]
  .bss               zero     0x2802'a1e4       0x2  zf_device_imu660rc.o [48]
  .bss               zero     0x2802'a1e6       0x2  zf_device_imu660rc.o [48]
  .bss               zero     0x2802'a1e8       0x1  battery_monitor.o [5]
  .bss               zero     0x2802'a1e9       0x1  cm7_0_isr.o [45]
  .bss               zero     0x2802'a1ea       0x1  cm7_0_isr.o [45]
  .bss               zero     0x2802'a1eb       0x1  control.o [5]
  .bss               zero     0x2802'a1ec       0x1  control.o [5]
  .bss               zero     0x2802'a1ed       0x1  control.o [5]
  .bss               zero     0x2802'a1ee       0x1  control.o [5]
  .bss               zero     0x2802'a1ef       0x1  cy_sysclk.o [33]
  .bss               zero     0x2802'a1f0       0x1  jump_control.o [5]
  .bss               zero     0x2802'a1f1       0x1  jump_control.o [5]
  .bss               zero     0x2802'a1f2       0x1  jump_control.o [5]
  .bss               zero     0x2802'a1f3       0x1  jump_control.o [5]
  .bss               zero     0x2802'a1f4       0x1  jump_control.o [5]
  .bss               zero     0x2802'a1f5       0x1  main_cm7_0.o [45]
  .bss               zero     0x2802'a1f6       0x1  main_cm7_0.o [45]
  .bss               zero     0x2802'a1f7       0x1  main_cm7_0.o [45]
  .bss               zero     0x2802'a1f8       0x1  main_cm7_0.o [45]
  .bss               zero     0x2802'a1f9       0x1  navigation_action.o [5]
  .bss               zero     0x2802'a1fa       0x1  navigation_action.o [5]
  .bss               zero     0x2802'a1fb       0x1  navigation_data_handling.o [5]
  .bss               zero     0x2802'a1fc       0x1  navigation_data_handling.o [5]
  .bss               zero     0x2802'a1fd       0x1  navigation_data_handling.o [5]
  .bss               zero     0x2802'a1fe       0x1  navigation_data_handling.o [5]
  .bss               zero     0x2802'a1ff       0x1  navigation_data_handling.o [5]
  .bss               zero     0x2802'a200       0x1  navigation_tracking.o [5]
  .bss               zero     0x2802'a201       0x1  navigation_tracking.o [5]
  .bss               zero     0x2802'a202       0x1  navigation_tracking.o [5]
  .bss               zero     0x2802'a203       0x1  navigation_tracking.o [5]
  .bss               zero     0x2802'a204       0x1  navigation_tracking.o [5]
  .bss               zero     0x2802'a205       0x1  navigation_tracking.o [5]
  .bss               zero     0x2802'a206       0x1  navigation_tracking.o [5]
  .bss               zero     0x2802'a207       0x1  navigation_tracking.o [5]
  .bss               zero     0x2802'a208       0x1  remote.o [5]
  .bss               zero     0x2802'a209       0x1  remote.o [5]
  .bss               zero     0x2802'a20a       0x1  remote.o [5]
  .bss               zero     0x2802'a20b       0x1  remote.o [5]
  .bss               zero     0x2802'a20c       0x1  remote.o [5]
  .bss               zero     0x2802'a20d       0x1  remote.o [5]
  .bss               zero     0x2802'a20e       0x1  remote.o [5]
  .bss               zero     0x2802'a20f       0x1  remote.o [5]
  .bss               zero     0x2802'a210       0x1  remote.o [5]
  .bss               zero     0x2802'a211       0x1  remote.o [5]
  .bss               zero     0x2802'a212       0x1  remote.o [5]
  .bss               zero     0x2802'a213       0x1  small_driver_uart_control.o [5]
  .bss               zero     0x2802'a214       0x1  small_driver_uart_control.o [5]
  .bss               zero     0x2802'a215       0x1  small_driver_uart_control.o [5]
  .bss               zero     0x2802'a216       0x1  small_driver_uart_control.o [5]
  .bss               zero     0x2802'a217       0x1  small_driver_uart_control.o [5]
  .bss               zero     0x2802'a218       0x1  small_driver_uart_control.o [5]
  .bss               zero     0x2802'a219       0x1  small_driver_uart_control.o [5]
  .bss               zero     0x2802'a21a       0x1  vehicle_supervisor.o [5]
  .bss               zero     0x2802'a21b       0x1  vehicle_supervisor.o [5]
  .bss               zero     0x2802'a21c       0x1  wifi.o [5]
  .bss               zero     0x2802'a21d       0x1  wifi.o [5]
  .bss               zero     0x2802'a21e       0x1  wifi.o [5]
  .bss               zero     0x2802'a21f       0x1  zf_common_debug.o [46]
  .bss               zero     0x2802'a220       0x1  zf_common_debug.o [46]
  .bss               zero     0x2802'a221       0x1  zf_device_imu660rc.o [48]
  .bss               zero     0x2802'a222       0x1  zf_device_tsl1401.o [48]
  .bss               zero     0x2802'a223       0x1  zf_device_tsl1401.o [48]
  .bss               zero     0x2802'a224       0x1  zf_device_type.o [48]
  .bss               zero     0x2802'a225       0x1  zf_device_uart_receiver.o [48]
  .bss               zero     0x2802'a226       0x1  zf_device_wifi_spi.o [48]
                            - 0x2802'a227    0x997b

"P2", part 3 of 3:                             0x80
  .intvec_ram        uninit   0x2802'a280      0x80  startup_cm7.o [31]
                            - 0x2802'a300      0x80

"A1":                                        0x2000
  HEAP_STACK                  0x2807'e000    0x2000  <Block>
    CSTACK                    0x2807'e000    0x2000  <Block>
      CSTACK         uninit   0x2807'e000    0x2000  <Block tail>
                            - 0x2808'0000    0x2000

Unused ranges:

         From           To       Size
         ----           --       ----
  0x1009'0c54  0x1027'ffff  0x1e'f3ac
  0x2802'08a9  0x2802'08ab        0x3
  0x2802'a228  0x2802'a27f       0x58
  0x2802'a300  0x2807'dfff   0x5'3d00


*******************************************************************************
*** INIT TABLE
***

          Address      Size
          -------      ----
Zero (__iar_zero_init3)
    1 destination range, total size 0x997b:
          0x2802'08ac  0x997b

Copy/lz77 (__iar_lz77_init_single3)
    1 source range, total size 0x16f (16% of destination):
          0x1009'0a80   0x16f
    1 destination range, total size 0x8a9:
          0x2802'0000   0x8a9



*******************************************************************************
*** MODULE SUMMARY
***

    Module                       ro code  ro data  rw data  rw data
                                                             (abs)
    ------                       -------  -------  -------  -------
command line/config:
    ---------------------------------------------------------------
    Total:

D:\learnplace\ZZZ_LUNTUI\project\iar\Debug_m7_0\Obj\adc_11722776235721520015.dir: [1]
    cy_adc.o                         720       32
    ---------------------------------------------------------------
    Total:                           720       32

D:\learnplace\ZZZ_LUNTUI\project\iar\Debug_m7_0\Obj\audioss_1346650047966882938.dir: [2]
    ---------------------------------------------------------------
    Total:

D:\learnplace\ZZZ_LUNTUI\project\iar\Debug_m7_0\Obj\button_4990804375159372270.dir: [3]
    ---------------------------------------------------------------
    Total:

D:\learnplace\ZZZ_LUNTUI\project\iar\Debug_m7_0\Obj\canfd_1800690984773873875.dir: [4]
    ---------------------------------------------------------------
    Total:

D:\learnplace\ZZZ_LUNTUI\project\iar\Debug_m7_0\Obj\code_17896468042025673432.dir: [5]
    FiveBarLinkageData.o           1'312        6       32
    battery_monitor.o                144                 7
    control.o                      3'708        1      175
    engine.o                         600       48       32
    filter_function.o              1'126
    imu.o                            160       24       84
    ipc_shared_data.o              2'516      252             1'740
    jump_control.o                   636                13
    matrix.o                       1'312
    navigation_action.o              792      212      225
    navigation_data_handling.o     2'980        6    6'779
    navigation_tracking.o          9'068    1'637   30'147
    param.o                                   266      404
    pid.o                            232
    process_rx.o                     876               100
    remote.o                       1'692        9       81
    runtime_status.o                 412        2       12
    small_driver_uart_control.o    1'202       32       49
    vehicle_supervisor.o             208                 2
    wifi.o                           252       80       31
    ---------------------------------------------------------------
    Total:                        29'228    2'575   38'173    1'740

D:\learnplace\ZZZ_LUNTUI\project\iar\Debug_m7_0\Obj\cpu_15938736945165268644.dir: [6]
    ---------------------------------------------------------------
    Total:

D:\learnplace\ZZZ_LUNTUI\project\iar\Debug_m7_0\Obj\crypto_1190170608956581615.dir: [7]
    ---------------------------------------------------------------
    Total:

D:\learnplace\ZZZ_LUNTUI\project\iar\Debug_m7_0\Obj\dma_12106025507578611576.dir: [8]
    ---------------------------------------------------------------
    Total:

D:\learnplace\ZZZ_LUNTUI\project\iar\Debug_m7_0\Obj\eth_phy_18133017486186456677.dir: [9]
    ---------------------------------------------------------------
    Total:

D:\learnplace\ZZZ_LUNTUI\project\iar\Debug_m7_0\Obj\ethernet_6029839089178797009.dir: [10]
    ---------------------------------------------------------------
    Total:

D:\learnplace\ZZZ_LUNTUI\project\iar\Debug_m7_0\Obj\evtgen_3404189088603873129.dir: [11]
    ---------------------------------------------------------------
    Total:

D:\learnplace\ZZZ_LUNTUI\project\iar\Debug_m7_0\Obj\flash_8529866181315662935.dir: [12]
    ---------------------------------------------------------------
    Total:

D:\learnplace\ZZZ_LUNTUI\project\iar\Debug_m7_0\Obj\flash_864493325053435817.dir: [13]
    ---------------------------------------------------------------
    Total:

D:\learnplace\ZZZ_LUNTUI\project\iar\Debug_m7_0\Obj\gpio_3999404635324069351.dir: [14]
    cy_gpio.o                        404
    ---------------------------------------------------------------
    Total:                           404

D:\learnplace\ZZZ_LUNTUI\project\iar\Debug_m7_0\Obj\ipc_10145506163450686023.dir: [15]
    ---------------------------------------------------------------
    Total:

D:\learnplace\ZZZ_LUNTUI\project\iar\Debug_m7_0\Obj\lin_18429031207028094880.dir: [16]
    ---------------------------------------------------------------
    Total:

D:\learnplace\ZZZ_LUNTUI\project\iar\Debug_m7_0\Obj\lvd_6353935867039560245.dir: [17]
    ---------------------------------------------------------------
    Total:

D:\learnplace\ZZZ_LUNTUI\project\iar\Debug_m7_0\Obj\mcwdt_4052485907822033969.dir: [18]
    ---------------------------------------------------------------
    Total:

D:\learnplace\ZZZ_LUNTUI\project\iar\Debug_m7_0\Obj\mpu_5663187252346826382.dir: [19]
    ---------------------------------------------------------------
    Total:

D:\learnplace\ZZZ_LUNTUI\project\iar\Debug_m7_0\Obj\power_14453085144426420577.dir: [20]
    ---------------------------------------------------------------
    Total:

D:\learnplace\ZZZ_LUNTUI\project\iar\Debug_m7_0\Obj\prot_10722960861768657883.dir: [21]
    ---------------------------------------------------------------
    Total:

D:\learnplace\ZZZ_LUNTUI\project\iar\Debug_m7_0\Obj\rev_b_4986922561640112550.dir: [22]
    system_tviibh4m_cm7.o            336      108       20
    ---------------------------------------------------------------
    Total:                           336      108       20

D:\learnplace\ZZZ_LUNTUI\project\iar\Debug_m7_0\Obj\rev_b_6162237342861132223.dir: [23]
    cy_interrupt_map.o               408      325    1'776
    ---------------------------------------------------------------
    Total:                           408      325    1'776

D:\learnplace\ZZZ_LUNTUI\project\iar\Debug_m7_0\Obj\scb_15490842639181808494.dir: [24]
    cy_scb_common.o                  158
    cy_scb_spi.o                     496       16
    cy_scb_uart.o                    788       40
    ---------------------------------------------------------------
    Total:                         1'442       56

D:\learnplace\ZZZ_LUNTUI\project\iar\Debug_m7_0\Obj\sd_host_2982766354293506895.dir: [25]
    ---------------------------------------------------------------
    Total:

D:\learnplace\ZZZ_LUNTUI\project\iar\Debug_m7_0\Obj\semihosting_143864889731838620.dir: [26]
    ---------------------------------------------------------------
    Total:

D:\learnplace\ZZZ_LUNTUI\project\iar\Debug_m7_0\Obj\smartio_5451710003740070188.dir: [27]
    ---------------------------------------------------------------
    Total:

D:\learnplace\ZZZ_LUNTUI\project\iar\Debug_m7_0\Obj\smif_427648126384146252.dir: [28]
    ---------------------------------------------------------------
    Total:

D:\learnplace\ZZZ_LUNTUI\project\iar\Debug_m7_0\Obj\smif_mem_6470536964353725183.dir: [29]
    ---------------------------------------------------------------
    Total:

D:\learnplace\ZZZ_LUNTUI\project\iar\Debug_m7_0\Obj\srom_13018798572330080582.dir: [30]
    ---------------------------------------------------------------
    Total:

D:\learnplace\ZZZ_LUNTUI\project\iar\Debug_m7_0\Obj\startup_479057977785470282.dir: [31]
    startup.o                        516       24
    startup_cm7.o                    442               128
    ---------------------------------------------------------------
    Total:                           958       24      128

D:\learnplace\ZZZ_LUNTUI\project\iar\Debug_m7_0\Obj\sw_timer_4215635015939382130.dir: [32]
    ---------------------------------------------------------------
    Total:

D:\learnplace\ZZZ_LUNTUI\project\iar\Debug_m7_0\Obj\sysclk_16149231235676103872.dir: [33]
    cy_sysclk.o                    2'280      168       25
    ---------------------------------------------------------------
    Total:                         2'280      168       25

D:\learnplace\ZZZ_LUNTUI\project\iar\Debug_m7_0\Obj\sysflt_12293435975120599261.dir: [34]
    ---------------------------------------------------------------
    Total:

D:\learnplace\ZZZ_LUNTUI\project\iar\Debug_m7_0\Obj\sysint_7435970359207984181.dir: [35]
    cy_sysint.o                      172        8
    ---------------------------------------------------------------
    Total:                           172        8

D:\learnplace\ZZZ_LUNTUI\project\iar\Debug_m7_0\Obj\syslib_16330585751512546975.dir: [36]
    cy_syslib.o                      182               140
    cy_syslib_iar.o                   30
    ---------------------------------------------------------------
    Total:                           212               140

D:\learnplace\ZZZ_LUNTUI\project\iar\Debug_m7_0\Obj\syspm_10887939769544754770.dir: [37]
    ---------------------------------------------------------------
    Total:

D:\learnplace\ZZZ_LUNTUI\project\iar\Debug_m7_0\Obj\sysreghc_17676636058511625587.dir: [38]
    ---------------------------------------------------------------
    Total:

D:\learnplace\ZZZ_LUNTUI\project\iar\Debug_m7_0\Obj\sysreset_14586141425677365288.dir: [39]
    ---------------------------------------------------------------
    Total:

D:\learnplace\ZZZ_LUNTUI\project\iar\Debug_m7_0\Obj\sysrtc_10747768817563771611.dir: [40]
    ---------------------------------------------------------------
    Total:

D:\learnplace\ZZZ_LUNTUI\project\iar\Debug_m7_0\Obj\systick_16016591671695740695.dir: [41]
    ---------------------------------------------------------------
    Total:

D:\learnplace\ZZZ_LUNTUI\project\iar\Debug_m7_0\Obj\syswdt_9118657615806274156.dir: [42]
    ---------------------------------------------------------------
    Total:

D:\learnplace\ZZZ_LUNTUI\project\iar\Debug_m7_0\Obj\tcpwm_422923530147891246.dir: [43]
    cy_tcpwm.o                        12
    cy_tcpwm_counter.o               440       20
    cy_tcpwm_pwm.o                   532       28
    ---------------------------------------------------------------
    Total:                           984       48

D:\learnplace\ZZZ_LUNTUI\project\iar\Debug_m7_0\Obj\trigmux_9729677290734583340.dir: [44]
    ---------------------------------------------------------------
    Total:

D:\learnplace\ZZZ_LUNTUI\project\iar\Debug_m7_0\Obj\user_8514941877209965082.dir: [45]
    cm7_0_isr.o                      852                10
    main_cm7_0.o                     336                 4
    ---------------------------------------------------------------
    Total:                         1'188                14

D:\learnplace\ZZZ_LUNTUI\project\iar\Debug_m7_0\Obj\zf_common_1201165462030747823.dir: [46]
    zf_common_clock.o                 28                 4
    zf_common_debug.o              1'072      120      111
    zf_common_fifo.o                 620       64
    zf_common_interrupt.o            226                 4
    ---------------------------------------------------------------
    Total:                         1'946      184      119

D:\learnplace\ZZZ_LUNTUI\project\iar\Debug_m7_0\Obj\zf_components_14936052685886095442.dir: [47]
    ---------------------------------------------------------------
    Total:

D:\learnplace\ZZZ_LUNTUI\project\iar\Debug_m7_0\Obj\zf_device_6570275422786408770.dir: [48]
    zf_device_imu660rc.o           1'352       96       49
    zf_device_tsl1401.o              124               514
    zf_device_type.o                  68        1        9
    zf_device_uart_receiver.o        364                45
    zf_device_wifi_spi.o             616                29
    ---------------------------------------------------------------
    Total:                         2'524       97      646

D:\learnplace\ZZZ_LUNTUI\project\iar\Debug_m7_0\Obj\zf_driver_11922370083829174090.dir: [49]
    zf_driver_adc.o                1'444       66       84
    zf_driver_delay.o                728        1        3
    zf_driver_exti.o                 220       16       96
    zf_driver_gpio.o                 316
    zf_driver_pit.o                  920       10       60
    zf_driver_pwm.o                3'608       64
    zf_driver_spi.o                3'108       66       20
    zf_driver_timer.o                680                 4
    zf_driver_uart.o               2'536       71      320
    ---------------------------------------------------------------
    Total:                        13'560      294      587

dl7M_tln.a: [50]
    abort.o                            6
    exit.o                             4
    printf.o                          40
    putchar.o                         32
    sprintf.o                         64
    vsnprint.o                        60
    xfail_s.o                         64                 4
    xprintffull_nomb.o             3'758
    xprout.o                          22
    xsnprout.o                        26
    xsprout.o                         10
    ---------------------------------------------------------------
    Total:                         4'086                 4

m7M_tlv.a: [51]
    DblCmpGe.o                        52
    DblCmpLe.o                        52
    DblDiv.o                          18
    DblMul.o                          18
    DblSub.o                          18
    DblToS32.o                        14
    DblToU32.o                        14
    S32ToDbl.o                        14
    U32ToDbl.o                        14
    acosf.o                          100
    asinf.o                           92
    atan2.o                          126
    atan2f.o                         106
    cos_sin32.o                      468
    fmodf.o                          204
    fpinit_M.o                        34
    frexp.o                          112
    ldexp.o                          260
    sqrt.o                            30
    sqrtf.o                           30
    tan32.o                          420
    xatan.o                          280
    xatanf.o                         164
    ---------------------------------------------------------------
    Total:                         2'640

rt7M_tl.a: [52]
    ABImemclr4.o                       6
    ABImemcpy.o                      166
[...]
pwm_set_duty            0x1008'9e93    0x5a  Code  Gb  zf_driver_pwm.o [49]
quarternion_normalize   0x1008'e57d    0xb4  Code  Lc  zf_device_imu660rc.o [48]
quarternion_to_euler    0x1008'e631   0x142  Code  Lc  zf_device_imu660rc.o [48]
raw_data                0x2802'9cc8    0x30  Data  Gb  navigation_data_handling.o [5]
record_point_count      0x2802'a1c6     0x2  Data  Lc  navigation_tracking.o [5]
record_point_map        0x2802'2fbc  0x2710  Data  Lc  navigation_tracking.o [5]
remote_ch3_emergency_frames
                        0x2802'a1d0     0x2  Data  Lc  remote.o [5]
remote_ch3_initialized  0x2802'a209     0x1  Data  Lc  remote.o [5]
remote_ch3_last_high    0x2802'a20a     0x1  Data  Lc  remote.o [5]
remote_ch6_initialized  0x2802'a20b     0x1  Data  Lc  remote.o [5]
remote_ch6_last_high    0x2802'a20c     0x1  Data  Lc  remote.o [5]
remote_ch6_stable_count
                        0x2802'a20d     0x1  Data  Lc  remote.o [5]
remote_dbg_ch1          0x2802'0794     0x4  Data  Gb  remote.o [5]
remote_dbg_ch2          0x2802'0798     0x4  Data  Gb  remote.o [5]
remote_dbg_ch3          0x2802'079c     0x4  Data  Gb  remote.o [5]
remote_dbg_ch4          0x2802'07a0     0x4  Data  Gb  remote.o [5]
remote_dbg_ch5          0x2802'07a4     0x4  Data  Gb  remote.o [5]
remote_dbg_ch6          0x2802'07a8     0x4  Data  Gb  remote.o [5]
remote_dbg_connected    0x2802'a160     0x4  Data  Gb  remote.o [5]
remote_dbg_frame_count  0x2802'a164     0x4  Data  Gb  remote.o [5]
remote_dbg_raw_state    0x2802'a168     0x4  Data  Gb  remote.o [5]
remote_dbg_uart4_isr_count
                        0x2802'a16c     0x4  Data  Gb  remote.o [5]
remote_drive_active     0x2802'a208     0x1  Data  Lc  remote.o [5]
remote_jump_armed       0x2802'a20e     0x1  Data  Lc  remote.o [5]
remote_record_armed     0x2802'a212     0x1  Data  Lc  remote.o [5]
remote_record_initialized
                        0x2802'a20f     0x1  Data  Lc  remote.o [5]
remote_record_last_high
                        0x2802'a210     0x1  Data  Lc  remote.o [5]
remote_record_stable_count
                        0x2802'a211     0x1  Data  Lc  remote.o [5]
robot_pose              0x2802'9c90    0x38  Data  Gb  navigation_data_handling.o [5]
roll                    0x2802'a020     0x4  Data  Gb  control.o [5]
runtime_sanitize_mask   0x1008'40e9     0x6  Code  Lc  runtime_status.o [5]
runtime_sanitize_reason
                        0x1008'40ef    0x10  Code  Lc  runtime_status.o [5]
s_RemoteData            0x2802'0778    0x1c  Data  Lc  remote.o [5]
sar_adc                 0x2802'07c0     0xc  Data  Lc  zf_driver_adc.o [49]
scalbln                 0x1008'7ae5          Code  Gb  ldexp.o [51]
scalblnl                0x1008'7ae5          Code  Gb  ldexp.o [51]
scalbn                  0x1008'7ae5          Code  Gb  ldexp.o [51]
scalbnl                 0x1008'7ae5          Code  Gb  ldexp.o [51]
scale                   0x1008'6365    0x46  Code  Lc  xprintffull_nomb.o [50]
scb_module              0x2802'088c    0x14  Data  Gb  zf_driver_uart.o [49]
sec_hand                0x2802'a1b4     0x4  Data  Lc  xfail_s.o [50]
select_phi1_deg         0x1008'b5e1    0x88  Code  Lc  FiveBarLinkageData.o [5]
select_phi4_signed_deg  0x1008'b669    0x80  Code  Lc  FiveBarLinkageData.o [5]
servo_alpha             0x1009'0944     0x4  Data  Gb  param.o [5]
servo_control           0x1008'b751    0xd8  Code  Gb  FiveBarLinkageData.o [5]
set_wireless_type       0x1008'dbe7    0x32  Code  Gb  zf_device_type.o [48]
sinf                    0x1008'4475     0x4  Code  Gb  cos_sin32.o [51]
small_driver_get_speed  0x1008'be85    0x2a  Code  Gb  small_driver_uart_control.o [5]
small_driver_init       0x1008'beaf    0x2e  Code  Gb  small_driver_uart_control.o [5]
small_driver_request_startup_ramp_reset
                        0x1008'bb85     0xa  Code  Gb  small_driver_uart_control.o [5]
small_driver_send_set_zero
                        0x1008'bbc5    0x18  Code  Lc  small_driver_uart_control.o [5]
small_driver_send_zero_duty_direct
                        0x1008'bb8f    0x1c  Code  Lc  small_driver_uart_control.o [5]
small_driver_set_duty   0x1008'bdcf    0xb6  Code  Gb  small_driver_uart_control.o [5]
small_driver_set_duty::motor_output_enabled
                        0x2802'a219     0x1  Data  Lc  small_driver_uart_control.o [5]
small_driver_set_duty::startup_duty_limit
                        0x2802'a1d6     0x2  Data  Lc  small_driver_uart_control.o [5]
small_driver_stop_send  0x1008'bbab    0x1a  Code  Lc  small_driver_uart_control.o [5]
small_driver_try_write_packet
                        0x1008'bb17    0x34  Code  Lc  small_driver_uart_control.o [5]
small_driver_uart_init  0x1008'bf29    0x2a  Code  Gb  small_driver_uart_control.o [5]
small_driver_zero_calibration_is_active
                        0x1008'bbdd    0x18  Code  Gb  small_driver_uart_control.o [5]
small_driver_zero_calibration_start
                        0x1008'bbf5    0x46  Code  Gb  small_driver_uart_control.o [5]
small_driver_zero_calibration_task
                        0x1008'bc3b    0xb8  Code  Gb  small_driver_uart_control.o [5]
solve_phi1_candidates   0x1008'b395    0xe6  Code  Lc  FiveBarLinkageData.o [5]
solve_phi4_candidates   0x1008'b47d    0xe6  Code  Lc  FiveBarLinkageData.o [5]
speed_tilt_to_leg_x     0x1008'a309   0x126  Code  Lc  control.o [5]
spi_get_clk_hsiom       0x1008'7021    0x28  Code  Lc  zf_driver_spi.o [49]
spi_get_clk_pin         0x1008'6f65    0x28  Code  Lc  zf_driver_spi.o [49]
spi_get_cs_hsiom        0x1008'7099    0x44  Code  Lc  zf_driver_spi.o [49]
spi_get_cs_pin          0x1008'6fdd    0x44  Code  Lc  zf_driver_spi.o [49]
spi_get_miso_hsiom      0x1008'7071    0x28  Code  Lc  zf_driver_spi.o [49]
spi_get_miso_pin        0x1008'6fb5    0x28  Code  Lc  zf_driver_spi.o [49]
spi_get_mosi_hsiom      0x1008'7049    0x28  Code  Lc  zf_driver_spi.o [49]
spi_get_mosi_pin        0x1008'6f8d    0x28  Code  Lc  zf_driver_spi.o [49]
spi_init                0x1008'767d   0x2b2  Code  Gb  zf_driver_spi.o [49]
spi_module              0x2802'0868    0x10  Data  Gb  zf_driver_spi.o [49]
spi_read_8bit_register  0x1008'73b5    0xec  Code  Gb  zf_driver_spi.o [49]
spi_read_8bit_registers
                        0x1008'74a1    0xfe  Code  Gb  zf_driver_spi.o [49]
spi_transfer_8bit       0x1008'75ad    0xc8  Code  Gb  zf_driver_spi.o [49]
spi_write_8bit_array    0x1008'7219    0xb6  Code  Gb  zf_driver_spi.o [49]
spi_write_8bit_register
                        0x1008'72cf    0xde  Code  Gb  zf_driver_spi.o [49]
sprintf                 0x1008'8891    0x40  Code  Gb  sprintf.o [50]
sqrt                    0x1008'24d5          Code  Gb  sqrt.o [51]
sqrtf                   0x1008'c60d          Code  Gb  sqrtf.o [51]
sqrtl                   0x1008'24d5          Code  Gb  sqrt.o [51]
static_point_count      0x2802'a1c8     0x2  Data  Lc  navigation_tracking.o [5]
static_point_map        0x2802'56cc  0x2710  Data  Lc  navigation_tracking.o [5]
strchr                  0x1008'7949          Code  Gb  strchr.o [52]
strlen                  0x1008'554d          Code  Gb  strlen.o [52]
strncpy                 0x1008'd019          Code  Gb  strncpy.o [52]
switch_transition_length
                        0x1008'70dd   0x13c  Code  Lc  zf_driver_spi.o [49]
system_clock            0x2802'a194     0x4  Data  Gb  zf_common_clock.o [46]
system_delay_init       0x1008'6c65    0xa6  Code  Gb  zf_driver_delay.o [49]
system_delay_ms         0x1008'6c07    0x5e  Code  Gb  zf_driver_delay.o [49]
system_delay_us         0x1008'6bb1    0x56  Code  Gb  zf_driver_delay.o [49]
system_fully_ready      0x2802'a1f5     0x1  Data  Gb  main_cm7_0.o [45]
tanf                    0x1008'b185   0x1a4  Code  Gb  tan32.o [51]
target_angle            0x2802'073c     0x4  Data  Gb  param.o [5]
target_motor_Stand      0x2802'a0f0     0x4  Data  Gb  param.o [5]
target_velocity         0x2802'a0ec     0x4  Data  Gb  param.o [5]
task_navigation_control
                        0x1008'0a35  0x1532  Code  Gb  navigation_tracking.o [5]
task_navigation_control::active_nav_map_type
                        0x2802'a202     0x1  Data  Lc  navigation_tracking.o [5]
task_navigation_control::end_printed_flag
                        0x2802'a207     0x1  Data  Lc  navigation_tracking.o [5]
task_navigation_control::is_printing_map
                        0x2802'a203     0x1  Data  Lc  navigation_tracking.o [5]
task_navigation_control::last_mode_driver
                        0x2802'a200     0x1  Data  Lc  navigation_tracking.o [5]
task_navigation_control::last_mode_map
                        0x2802'08a6     0x1  Data  Lc  navigation_tracking.o [5]
task_navigation_control::last_print_cmd
                        0x2802'a201     0x1  Data  Lc  navigation_tracking.o [5]
task_navigation_control::preview_map_type
                        0x2802'a204     0x1  Data  Lc  navigation_tracking.o [5]
task_navigation_control::preview_print_phase
                        0x2802'a205     0x1  Data  Lc  navigation_tracking.o [5]
task_navigation_control::preview_print_wait
                        0x2802'a206     0x1  Data  Lc  navigation_tracking.o [5]
task_navigation_control::print_map_idx
                        0x2802'a1ca     0x2  Data  Lc  navigation_tracking.o [5]
task_navigation_control{24}{25}{26}{42}{43}::dynamic_print_delay
                        0x2802'a1cc     0x2  Data  Lc  navigation_tracking.o [5]
test_pit10_cnt          0x2802'9fe0     0x4  Data  Gb  cm7_0_isr.o [45]
timer_ch                0x2802'08a8     0x1  Data  Lc  zf_driver_delay.o [49]
timer_clear             0x1008'daf7    0x16  Code  Gb  zf_driver_timer.o [49]
timer_get               0x1008'dac9    0x2e  Code  Gb  zf_driver_timer.o [49]
timer_init              0x1008'db0d    0xc8  Code  Gb  zf_driver_timer.o [49]
timer_start             0x1008'daa1    0x28  Code  Gb  zf_driver_timer.o [49]
tsl1401_collect_pit_handler
                        0x1008'f2a9    0x68  Code  Gb  zf_device_tsl1401.o [48]
tsl1401_data            0x2802'9754   0x200  Data  Gb  zf_device_tsl1401.o [48]
tsl1401_finish_flag     0x2802'a223     0x1  Data  Gb  zf_device_tsl1401.o [48]
tsl1401_init_state      0x2802'a222     0x1  Data  Lc  zf_device_tsl1401.o [48]
type_default_callback   0x1008'dbe5     0x2  Code  Lc  zf_device_type.o [48]
uart0_isr               0x1008'f075    0x3c  Code  Gb  cm7_0_isr.o [45]
uart1_isr               0x1008'f0b1    0x42  Code  Gb  cm7_0_isr.o [45]
uart2_isr               0x1008'f0f3    0x56  Code  Gb  cm7_0_isr.o [45]
uart3_isr               0x1008'f149    0x3c  Code  Gb  cm7_0_isr.o [45]
uart4_isr               0x1008'f185    0x54  Code  Gb  cm7_0_isr.o [45]
uart_context            0x2802'9954   0x118  Data  Gb  zf_driver_uart.o [49]
uart_control_callback   0x1008'bcf3    0xdc  Code  Gb  small_driver_uart_control.o [5]
uart_init               0x1008'86b5   0x190  Code  Gb  zf_driver_uart.o [49]
uart_isr_func           0x2802'0878    0x14  Data  Gb  zf_driver_uart.o [49]
uart_query_byte         0x1008'82cb    0x32  Code  Gb  zf_driver_uart.o [49]
uart_receiver           0x2802'9f60    0x10  Data  Gb  zf_device_uart_receiver.o [48]
uart_receiver_analysis  0x1008'd7e5    0xcc  Code  Lc  zf_device_uart_receiver.o [48]
uart_receiver_callback  0x1008'd8b1    0x4a  Code  Gb  zf_device_uart_receiver.o [48]
uart_receiver_callback::length
                        0x2802'a225     0x1  Data  Lc  zf_device_uart_receiver.o [48]
uart_receiver_data      0x2802'9c70    0x1c  Data  Gb  zf_device_uart_receiver.o [48]
uart_receiver_handler   0x2802'07bc     0x4  Data  Gb  zf_device_type.o [48]
uart_receiver_init      0x1008'd8fb    0x2e  Code  Gb  zf_device_uart_receiver.o [48]
uart_receiver_interval_time
                        0x1008'd7d1    0x14  Code  Lc  zf_device_uart_receiver.o [48]
uart_rx_interrupt       0x1008'8419    0xfe  Code  Gb  zf_driver_uart.o [49]
uart_sbus_init          0x1008'8517   0x19e  Code  Gb  zf_driver_uart.o [49]
uart_tx_interrupt       0x1008'82fd   0x11c  Code  Gb  zf_driver_uart.o [49]
uart_write_buffer       0x1008'8291    0x1e  Code  Gb  zf_driver_uart.o [49]
uart_write_byte         0x1008'8269    0x28  Code  Gb  zf_driver_uart.o [49]
uart_write_string       0x1008'82af    0x1c  Code  Gb  zf_driver_uart.o [49]
vofa_mode_driver        0x2802'a0d8     0x4  Data  Gb  navigation_tracking.o [5]
vofa_mode_map           0x2802'a0dc     0x4  Data  Gb  navigation_tracking.o [5]
vofa_print_pose_en      0x2802'a0e0     0x4  Data  Gb  navigation_tracking.o [5]
vofa_print_pose_period  0x2802'0738     0x4  Data  Gb  navigation_tracking.o [5]
vofa_trigger_record     0x2802'a0d4     0x4  Data  Gb  navigation_tracking.o [5]
vsnprintf               0x1008'40ad    0x3c  Code  Gb  vsnprint.o [50]
wifi_cmd_trigger        0x2802'a0c8     0x4  Data  Gb  navigation_tracking.o [5]
wifi_data_fifo          0x2802'9ea8    0x18  Data  Gb  wifi.o [5]
wifi_error_count        0x2802'a1d8     0x2  Data  Lc  wifi.o [5]
wifi_in_action          0x2802'a0d0     0x4  Data  Gb  navigation_tracking.o [5]
wifi_is_connected       0x2802'a21c     0x1  Data  Gb  wifi.o [5]
wifi_mark_disconnected  0x1008'3fb1    0x40  Code  Lc  wifi.o [5]
wifi_reconnect_cooldown
                        0x2802'a1da     0x2  Data  Lc  wifi.o [5]
wifi_reconnect_enabled  0x2802'a21e     0x1  Data  Lc  wifi.o [5]
wifi_remote_type        0x2802'a0cc     0x4  Data  Gb  navigation_tracking.o [5]
wifi_run_without_connection
                        0x2802'a21d     0x1  Data  Lc  wifi.o [5]
wifi_spi_abort_callback
                        0x2802'a1a8     0x4  Data  Lc  zf_device_wifi_spi.o [48]
wifi_spi_fifo           0x2802'9ed8    0x18  Data  Lc  zf_device_wifi_spi.o [48]
wifi_spi_mutex          0x2802'a226     0x1  Data  Lc  zf_device_wifi_spi.o [48]
wifi_spi_send_buffer    0x1008'546f    0xc8  Code  Gb  zf_device_wifi_spi.o [48]
wifi_spi_transfer_command
                        0x1008'533b    0x3a  Code  Lc  zf_device_wifi_spi.o [48]
wifi_spi_transfer_data  0x1008'5375    0x6c  Code  Lc  zf_device_wifi_spi.o [48]
wifi_spi_udp_send_now   0x1008'53e1    0x8e  Code  Gb  zf_device_wifi_spi.o [48]
wifi_spi_wait_idle      0x1008'52e5    0x56  Code  Lc  zf_device_wifi_spi.o [48]
wireless_module_uart_handler
                        0x2802'07b8     0x4  Data  Gb  zf_device_type.o [48]
wireless_type           0x2802'a224     0x1  Data  Gb  zf_device_type.o [48]
x_current               0x2802'a0f4     0x4  Data  Gb  param.o [5]
y_current               0x2802'0740     0x4  Data  Gb  param.o [5]
yaw_hist_filled         0x2802'a1fb     0x1  Data  Lc  navigation_data_handling.o [5]
yaw_hist_idx            0x2802'a1c4     0x2  Data  Lc  navigation_data_handling.o [5]
yaw_history_cos         0x2802'92a4   0x4b0  Data  Lc  navigation_data_handling.o [5]
yaw_history_sin         0x2802'8df4   0x4b0  Data  Lc  navigation_data_handling.o [5]
zf_debug_assert_enable  0x2802'08a7     0x1  Data  Lc  zf_common_debug.o [46]
zf_debug_init_flag      0x2802'a21f     0x1  Data  Lc  zf_common_debug.o [46]


[1] = D:\learnplace\ZZZ_LUNTUI\project\iar\Debug_m7_0\Obj\adc_11722776235721520015.dir
[2] = D:\learnplace\ZZZ_LUNTUI\project\iar\Debug_m7_0\Obj\audioss_1346650047966882938.dir
[3] = D:\learnplace\ZZZ_LUNTUI\project\iar\Debug_m7_0\Obj\button_4990804375159372270.dir
[4] = D:\learnplace\ZZZ_LUNTUI\project\iar\Debug_m7_0\Obj\canfd_1800690984773873875.dir
[5] = D:\learnplace\ZZZ_LUNTUI\project\iar\Debug_m7_0\Obj\code_17896468042025673432.dir
[6] = D:\learnplace\ZZZ_LUNTUI\project\iar\Debug_m7_0\Obj\cpu_15938736945165268644.dir
[7] = D:\learnplace\ZZZ_LUNTUI\project\iar\Debug_m7_0\Obj\crypto_1190170608956581615.dir
[8] = D:\learnplace\ZZZ_LUNTUI\project\iar\Debug_m7_0\Obj\dma_12106025507578611576.dir
[9] = D:\learnplace\ZZZ_LUNTUI\project\iar\Debug_m7_0\Obj\eth_phy_18133017486186456677.dir
[10] = D:\learnplace\ZZZ_LUNTUI\project\iar\Debug_m7_0\Obj\ethernet_6029839089178797009.dir
[11] = D:\learnplace\ZZZ_LUNTUI\project\iar\Debug_m7_0\Obj\evtgen_3404189088603873129.dir
[12] = D:\learnplace\ZZZ_LUNTUI\project\iar\Debug_m7_0\Obj\flash_8529866181315662935.dir
[13] = D:\learnplace\ZZZ_LUNTUI\project\iar\Debug_m7_0\Obj\flash_864493325053435817.dir
[14] = D:\learnplace\ZZZ_LUNTUI\project\iar\Debug_m7_0\Obj\gpio_3999404635324069351.dir
[15] = D:\learnplace\ZZZ_LUNTUI\project\iar\Debug_m7_0\Obj\ipc_10145506163450686023.dir
[16] = D:\learnplace\ZZZ_LUNTUI\project\iar\Debug_m7_0\Obj\lin_18429031207028094880.dir
[17] = D:\learnplace\ZZZ_LUNTUI\project\iar\Debug_m7_0\Obj\lvd_6353935867039560245.dir
[18] = D:\learnplace\ZZZ_LUNTUI\project\iar\Debug_m7_0\Obj\mcwdt_4052485907822033969.dir
[19] = D:\learnplace\ZZZ_LUNTUI\project\iar\Debug_m7_0\Obj\mpu_5663187252346826382.dir
[20] = D:\learnplace\ZZZ_LUNTUI\project\iar\Debug_m7_0\Obj\power_14453085144426420577.dir
[21] = D:\learnplace\ZZZ_LUNTUI\project\iar\Debug_m7_0\Obj\prot_10722960861768657883.dir
[22] = D:\learnplace\ZZZ_LUNTUI\project\iar\Debug_m7_0\Obj\rev_b_4986922561640112550.dir
[23] = D:\learnplace\ZZZ_LUNTUI\project\iar\Debug_m7_0\Obj\rev_b_6162237342861132223.dir
[24] = D:\learnplace\ZZZ_LUNTUI\project\iar\Debug_m7_0\Obj\scb_15490842639181808494.dir
[25] = D:\learnplace\ZZZ_LUNTUI\project\iar\Debug_m7_0\Obj\sd_host_2982766354293506895.dir
[26] = D:\learnplace\ZZZ_LUNTUI\project\iar\Debug_m7_0\Obj\semihosting_143864889731838620.dir
[27] = D:\learnplace\ZZZ_LUNTUI\project\iar\Debug_m7_0\Obj\smartio_5451710003740070188.dir
[28] = D:\learnplace\ZZZ_LUNTUI\project\iar\Debug_m7_0\Obj\smif_427648126384146252.dir
[29] = D:\learnplace\ZZZ_LUNTUI\project\iar\Debug_m7_0\Obj\smif_mem_6470536964353725183.dir
[30] = D:\learnplace\ZZZ_LUNTUI\project\iar\Debug_m7_0\Obj\srom_13018798572330080582.dir
[31] = D:\learnplace\ZZZ_LUNTUI\project\iar\Debug_m7_0\Obj\startup_479057977785470282.dir
[32] = D:\learnplace\ZZZ_LUNTUI\project\iar\Debug_m7_0\Obj\sw_timer_4215635015939382130.dir
[33] = D:\learnplace\ZZZ_LUNTUI\project\iar\Debug_m7_0\Obj\sysclk_16149231235676103872.dir
[34] = D:\learnplace\ZZZ_LUNTUI\project\iar\Debug_m7_0\Obj\sysflt_12293435975120599261.dir
[35] = D:\learnplace\ZZZ_LUNTUI\project\iar\Debug_m7_0\Obj\sysint_7435970359207984181.dir
[36] = D:\learnplace\ZZZ_LUNTUI\project\iar\Debug_m7_0\Obj\syslib_16330585751512546975.dir
[37] = D:\learnplace\ZZZ_LUNTUI\project\iar\Debug_m7_0\Obj\syspm_10887939769544754770.dir
[38] = D:\learnplace\ZZZ_LUNTUI\project\iar\Debug_m7_0\Obj\sysreghc_17676636058511625587.dir
[39] = D:\learnplace\ZZZ_LUNTUI\project\iar\Debug_m7_0\Obj\sysreset_14586141425677365288.dir
[40] = D:\learnplace\ZZZ_LUNTUI\project\iar\Debug_m7_0\Obj\sysrtc_10747768817563771611.dir
[41] = D:\learnplace\ZZZ_LUNTUI\project\iar\Debug_m7_0\Obj\systick_16016591671695740695.dir
[42] = D:\learnplace\ZZZ_LUNTUI\project\iar\Debug_m7_0\Obj\syswdt_9118657615806274156.dir
[43] = D:\learnplace\ZZZ_LUNTUI\project\iar\Debug_m7_0\Obj\tcpwm_422923530147891246.dir
[44] = D:\learnplace\ZZZ_LUNTUI\project\iar\Debug_m7_0\Obj\trigmux_9729677290734583340.dir
[45] = D:\learnplace\ZZZ_LUNTUI\project\iar\Debug_m7_0\Obj\user_8514941877209965082.dir
[46] = D:\learnplace\ZZZ_LUNTUI\project\iar\Debug_m7_0\Obj\zf_common_1201165462030747823.dir
[47] = D:\learnplace\ZZZ_LUNTUI\project\iar\Debug_m7_0\Obj\zf_components_14936052685886095442.dir
[48] = D:\learnplace\ZZZ_LUNTUI\project\iar\Debug_m7_0\Obj\zf_device_6570275422786408770.dir
[49] = D:\learnplace\ZZZ_LUNTUI\project\iar\Debug_m7_0\Obj\zf_driver_11922370083829174090.dir
[50] = dl7M_tln.a
[51] = m7M_tlv.a
[52] = rt7M_tl.a
[53] = shb_l.a
[54] = zf_device_config.a

  64'634 bytes of readonly  code memory
   3'957 bytes of readonly  data memory
  49'828 bytes of readwrite data memory (+ 1'740 absolute)

Errors: none
Warnings: none
