###############################################################################
#
# IAR ELF Linker V9.40.1.364/W64 for ARM                  05/May/2026  15:36:39
# Copyright 2007-2023 IAR Systems AB.
#
#    Output file  =
#        D:\learnplace\ZZZ_LUNTUI\project\iar\project_config\Debug_m7_1\Exe\cyt4bb7_cm_7_1.out
#    Map file     =
#        D:\learnplace\ZZZ_LUNTUI\project\iar\Debug_m7_1\List\cyt4bb7_cm_7_1.map
#    Command line =
#        -f
#        D:\learnplace\ZZZ_LUNTUI\project\iar\project_config\Debug_m7_1\Exe\cyt4bb7_cm_7_1.out.rsp
#        (D:\learnplace\ZZZ_LUNTUI\project\iar\Debug_m7_1\Obj\code_17896468042025673432.dir\battery_monitor.o
#        D:\learnplace\ZZZ_LUNTUI\project\iar\Debug_m7_1\Obj\user_8514941877209965082.dir\cm7_1_isr.o
#        D:\learnplace\ZZZ_LUNTUI\project\iar\Debug_m7_1\Obj\code_17896468042025673432.dir\control.o
#        D:\learnplace\ZZZ_LUNTUI\project\iar\Debug_m7_1\Obj\adc_11722776235721520015.dir\cy_adc.o
#        D:\learnplace\ZZZ_LUNTUI\project\iar\Debug_m7_1\Obj\button_4990804375159372270.dir\cy_button.o
#        D:\learnplace\ZZZ_LUNTUI\project\iar\Debug_m7_1\Obj\canfd_1800690984773873875.dir\cy_canfd.o
#        D:\learnplace\ZZZ_LUNTUI\project\iar\Debug_m7_1\Obj\cpu_15938736945165268644.dir\cy_cpu.o
#        D:\learnplace\ZZZ_LUNTUI\project\iar\Debug_m7_1\Obj\crypto_1190170608956581615.dir\cy_crypto_config.o
#        D:\learnplace\ZZZ_LUNTUI\project\iar\Debug_m7_1\Obj\eth_phy_18133017486186456677.dir\cy_dp83867.o
#        D:\learnplace\ZZZ_LUNTUI\project\iar\Debug_m7_1\Obj\ethernet_6029839089178797009.dir\cy_ethif.o
#        D:\learnplace\ZZZ_LUNTUI\project\iar\Debug_m7_1\Obj\evtgen_3404189088603873129.dir\cy_evtgen.o
#        D:\learnplace\ZZZ_LUNTUI\project\iar\Debug_m7_1\Obj\flash_8529866181315662935.dir\cy_flash.o
#        D:\learnplace\ZZZ_LUNTUI\project\iar\Debug_m7_1\Obj\gpio_3999404635324069351.dir\cy_gpio.o
#        D:\learnplace\ZZZ_LUNTUI\project\iar\Debug_m7_1\Obj\audioss_1346650047966882938.dir\cy_i2s.o
#        D:\learnplace\ZZZ_LUNTUI\project\iar\Debug_m7_1\Obj\rev_b_6162237342861132223.dir\cy_interrupt_map.o
#        D:\learnplace\ZZZ_LUNTUI\project\iar\Debug_m7_1\Obj\ipc_10145506163450686023.dir\cy_ipc_drv.o
#        D:\learnplace\ZZZ_LUNTUI\project\iar\Debug_m7_1\Obj\ipc_10145506163450686023.dir\cy_ipc_pipe.o
#        D:\learnplace\ZZZ_LUNTUI\project\iar\Debug_m7_1\Obj\ipc_10145506163450686023.dir\cy_ipc_sema.o
#        D:\learnplace\ZZZ_LUNTUI\project\iar\Debug_m7_1\Obj\lin_18429031207028094880.dir\cy_lin.o
#        D:\learnplace\ZZZ_LUNTUI\project\iar\Debug_m7_1\Obj\lvd_6353935867039560245.dir\cy_lvd.o
#        D:\learnplace\ZZZ_LUNTUI\project\iar\Debug_m7_1\Obj\mcwdt_4052485907822033969.dir\cy_mcwdt.o
#        D:\learnplace\ZZZ_LUNTUI\project\iar\Debug_m7_1\Obj\dma_12106025507578611576.dir\cy_mdma.o
#        D:\learnplace\ZZZ_LUNTUI\project\iar\Debug_m7_1\Obj\mpu_5663187252346826382.dir\cy_mpu.o
#        D:\learnplace\ZZZ_LUNTUI\project\iar\Debug_m7_1\Obj\flash_864493325053435817.dir\cy_mw_flash.o
#        D:\learnplace\ZZZ_LUNTUI\project\iar\Debug_m7_1\Obj\dma_12106025507578611576.dir\cy_pdma.o
#        D:\learnplace\ZZZ_LUNTUI\project\iar\Debug_m7_1\Obj\power_14453085144426420577.dir\cy_power.o
#        D:\learnplace\ZZZ_LUNTUI\project\iar\Debug_m7_1\Obj\prot_10722960861768657883.dir\cy_prot.o
#        D:\learnplace\ZZZ_LUNTUI\project\iar\Debug_m7_1\Obj\scb_15490842639181808494.dir\cy_scb_common.o
#        D:\learnplace\ZZZ_LUNTUI\project\iar\Debug_m7_1\Obj\scb_15490842639181808494.dir\cy_scb_ezi2c.o
#        D:\learnplace\ZZZ_LUNTUI\project\iar\Debug_m7_1\Obj\scb_15490842639181808494.dir\cy_scb_i2c.o
#        D:\learnplace\ZZZ_LUNTUI\project\iar\Debug_m7_1\Obj\scb_15490842639181808494.dir\cy_scb_spi.o
#        D:\learnplace\ZZZ_LUNTUI\project\iar\Debug_m7_1\Obj\scb_15490842639181808494.dir\cy_scb_uart.o
#        D:\learnplace\ZZZ_LUNTUI\project\iar\Debug_m7_1\Obj\sd_host_2982766354293506895.dir\cy_sd_host.o
#        D:\learnplace\ZZZ_LUNTUI\project\iar\Debug_m7_1\Obj\semihosting_143864889731838620.dir\cy_semihosting.o
#        D:\learnplace\ZZZ_LUNTUI\project\iar\Debug_m7_1\Obj\smartio_5451710003740070188.dir\cy_smartio.o
#        D:\learnplace\ZZZ_LUNTUI\project\iar\Debug_m7_1\Obj\smif_427648126384146252.dir\cy_smif.o
#        D:\learnplace\ZZZ_LUNTUI\project\iar\Debug_m7_1\Obj\smif_mem_6470536964353725183.dir\cy_smif_device_common.o
#        D:\learnplace\ZZZ_LUNTUI\project\iar\Debug_m7_1\Obj\smif_mem_6470536964353725183.dir\cy_smif_hb_flash.o
#        D:\learnplace\ZZZ_LUNTUI\project\iar\Debug_m7_1\Obj\smif_427648126384146252.dir\cy_smif_memslot.o
#        D:\learnplace\ZZZ_LUNTUI\project\iar\Debug_m7_1\Obj\smif_mem_6470536964353725183.dir\cy_smif_s25fl.o
#        D:\learnplace\ZZZ_LUNTUI\project\iar\Debug_m7_1\Obj\smif_mem_6470536964353725183.dir\cy_smif_s25fs.o
#        D:\learnplace\ZZZ_LUNTUI\project\iar\Debug_m7_1\Obj\smif_mem_6470536964353725183.dir\cy_smif_semp.o
#        D:\learnplace\ZZZ_LUNTUI\project\iar\Debug_m7_1\Obj\smif_427648126384146252.dir\cy_smif_ver_specific.o
#        D:\learnplace\ZZZ_LUNTUI\project\iar\Debug_m7_1\Obj\srom_13018798572330080582.dir\cy_srom.o
#        D:\learnplace\ZZZ_LUNTUI\project\iar\Debug_m7_1\Obj\sw_timer_4215635015939382130.dir\cy_sw_tmr.o
#        D:\learnplace\ZZZ_LUNTUI\project\iar\Debug_m7_1\Obj\sysclk_16149231235676103872.dir\cy_sysclk.o
#        D:\learnplace\ZZZ_LUNTUI\project\iar\Debug_m7_1\Obj\sysflt_12293435975120599261.dir\cy_sysflt.o
#        D:\learnplace\ZZZ_LUNTUI\project\iar\Debug_m7_1\Obj\sysint_7435970359207984181.dir\cy_sysint.o
#        D:\learnplace\ZZZ_LUNTUI\project\iar\Debug_m7_1\Obj\syslib_16330585751512546975.dir\cy_syslib.o
#        D:\learnplace\ZZZ_LUNTUI\project\iar\Debug_m7_1\Obj\syslib_16330585751512546975.dir\cy_syslib_iar.o
#        D:\learnplace\ZZZ_LUNTUI\project\iar\Debug_m7_1\Obj\syspm_10887939769544754770.dir\cy_syspm.o
#        D:\learnplace\ZZZ_LUNTUI\project\iar\Debug_m7_1\Obj\sysreghc_17676636058511625587.dir\cy_sysreghc.o
#        D:\learnplace\ZZZ_LUNTUI\project\iar\Debug_m7_1\Obj\sysreset_14586141425677365288.dir\cy_sysreset.o
#        D:\learnplace\ZZZ_LUNTUI\project\iar\Debug_m7_1\Obj\sysrtc_10747768817563771611.dir\cy_sysrtc.o
#        D:\learnplace\ZZZ_LUNTUI\project\iar\Debug_m7_1\Obj\systick_16016591671695740695.dir\cy_systick.o
#        D:\learnplace\ZZZ_LUNTUI\project\iar\Debug_m7_1\Obj\syswdt_9118657615806274156.dir\cy_syswdt.o
#        D:\learnplace\ZZZ_LUNTUI\project\iar\Debug_m7_1\Obj\tcpwm_422923530147891246.dir\cy_tcpwm.o
#        D:\learnplace\ZZZ_LUNTUI\project\iar\Debug_m7_1\Obj\tcpwm_422923530147891246.dir\cy_tcpwm_counter.o
#        D:\learnplace\ZZZ_LUNTUI\project\iar\Debug_m7_1\Obj\tcpwm_422923530147891246.dir\cy_tcpwm_pwm.o
#        D:\learnplace\ZZZ_LUNTUI\project\iar\Debug_m7_1\Obj\tcpwm_422923530147891246.dir\cy_tcpwm_quaddec.o
#        D:\learnplace\ZZZ_LUNTUI\project\iar\Debug_m7_1\Obj\tcpwm_422923530147891246.dir\cy_tcpwm_sr.o
#        D:\learnplace\ZZZ_LUNTUI\project\iar\Debug_m7_1\Obj\trigmux_9729677290734583340.dir\cy_trigmux.o
#        D:\learnplace\ZZZ_LUNTUI\project\iar\Debug_m7_1\Obj\ethernet_6029839089178797009.dir\edd.o
#        D:\learnplace\ZZZ_LUNTUI\project\iar\Debug_m7_1\Obj\ethernet_6029839089178797009.dir\edd_rx.o
#        D:\learnplace\ZZZ_LUNTUI\project\iar\Debug_m7_1\Obj\ethernet_6029839089178797009.dir\edd_tx.o
#        D:\learnplace\ZZZ_LUNTUI\project\iar\Debug_m7_1\Obj\code_17896468042025673432.dir\engine.o
#        D:\learnplace\ZZZ_LUNTUI\project\iar\Debug_m7_1\Obj\code_17896468042025673432.dir\filter_function.o
#        D:\learnplace\ZZZ_LUNTUI\project\iar\Debug_m7_1\Obj\code_17896468042025673432.dir\FiveBarLinkageData.o
#        D:\learnplace\ZZZ_LUNTUI\project\iar\Debug_m7_1\Obj\code_17896468042025673432.dir\imu.o
#        D:\learnplace\ZZZ_LUNTUI\project\iar\Debug_m7_1\Obj\code_17896468042025673432.dir\ipc_shared_data.o
#        D:\learnplace\ZZZ_LUNTUI\project\iar\Debug_m7_1\Obj\user_8514941877209965082.dir\main_cm7_1.o
#        D:\learnplace\ZZZ_LUNTUI\project\iar\Debug_m7_1\Obj\code_17896468042025673432.dir\matrix.o
#        D:\learnplace\ZZZ_LUNTUI\project\iar\Debug_m7_1\Obj\code_17896468042025673432.dir\navigation_action.o
#        D:\learnplace\ZZZ_LUNTUI\project\iar\Debug_m7_1\Obj\code_17896468042025673432.dir\navigation_data_handling.o
#        D:\learnplace\ZZZ_LUNTUI\project\iar\Debug_m7_1\Obj\code_17896468042025673432.dir\navigation_tracking.o
#        D:\learnplace\ZZZ_LUNTUI\project\iar\Debug_m7_1\Obj\code_17896468042025673432.dir\param.o
#        D:\learnplace\ZZZ_LUNTUI\project\iar\Debug_m7_1\Obj\code_17896468042025673432.dir\pid.o
#        D:\learnplace\ZZZ_LUNTUI\project\iar\Debug_m7_1\Obj\code_17896468042025673432.dir\process_rx.o
#        D:\learnplace\ZZZ_LUNTUI\project\iar\Debug_m7_1\Obj\code_17896468042025673432.dir\remote.o
#        D:\learnplace\ZZZ_LUNTUI\project\iar\Debug_m7_1\Obj\code_17896468042025673432.dir\screen_display.o
#        D:\learnplace\ZZZ_LUNTUI\project\iar\Debug_m7_1\Obj\zf_components_14936052685886095442.dir\seekfree_assistant.o
#        D:\learnplace\ZZZ_LUNTUI\project\iar\Debug_m7_1\Obj\zf_components_14936052685886095442.dir\seekfree_assistant_interface.o
#        D:\learnplace\ZZZ_LUNTUI\project\iar\Debug_m7_1\Obj\code_17896468042025673432.dir\small_driver_uart_control.o
#        D:\learnplace\ZZZ_LUNTUI\project\iar\Debug_m7_1\Obj\startup_479057977785470282.dir\startup.o
#        D:\learnplace\ZZZ_LUNTUI\project\iar\Debug_m7_1\Obj\startup_479057977785470282.dir\startup_cm7.o
#        D:\learnplace\ZZZ_LUNTUI\project\iar\Debug_m7_1\Obj\rev_b_4986922561640112550.dir\system_tviibh4m_cm7.o
#        D:\learnplace\ZZZ_LUNTUI\project\iar\Debug_m7_1\Obj\code_17896468042025673432.dir\vofa_protocol.o
#        D:\learnplace\ZZZ_LUNTUI\project\iar\Debug_m7_1\Obj\code_17896468042025673432.dir\wifi.o
#        D:\learnplace\ZZZ_LUNTUI\project\iar\Debug_m7_1\Obj\zf_common_1201165462030747823.dir\zf_common_clock.o
#        D:\learnplace\ZZZ_LUNTUI\project\iar\Debug_m7_1\Obj\zf_common_1201165462030747823.dir\zf_common_debug.o
#        D:\learnplace\ZZZ_LUNTUI\project\iar\Debug_m7_1\Obj\zf_common_1201165462030747823.dir\zf_common_fifo.o
#        D:\learnplace\ZZZ_LUNTUI\project\iar\Debug_m7_1\Obj\zf_common_1201165462030747823.dir\zf_common_font.o
#        D:\learnplace\ZZZ_LUNTUI\project\iar\Debug_m7_1\Obj\zf_common_1201165462030747823.dir\zf_common_function.o
#        D:\learnplace\ZZZ_LUNTUI\project\iar\Debug_m7_1\Obj\zf_common_1201165462030747823.dir\zf_common_interrupt.o
#        D:\learnplace\ZZZ_LUNTUI\project\iar\Debug_m7_1\Obj\zf_device_6570275422786408770.dir\zf_device_ble6a20.o
#        D:\learnplace\ZZZ_LUNTUI\project\iar\Debug_m7_1\Obj\zf_device_6570275422786408770.dir\zf_device_dl1a.o
#        D:\learnplace\ZZZ_LUNTUI\project\iar\Debug_m7_1\Obj\zf_device_6570275422786408770.dir\zf_device_dl1b.o
#        D:\learnplace\ZZZ_LUNTUI\project\iar\Debug_m7_1\Obj\zf_device_6570275422786408770.dir\zf_device_gnss.o
#        D:\learnplace\ZZZ_LUNTUI\project\iar\Debug_m7_1\Obj\zf_device_6570275422786408770.dir\zf_device_icm20602.o
#        D:\learnplace\ZZZ_LUNTUI\project\iar\Debug_m7_1\Obj\zf_device_6570275422786408770.dir\zf_device_imu660ra.o
#        D:\learnplace\ZZZ_LUNTUI\project\iar\Debug_m7_1\Obj\zf_device_6570275422786408770.dir\zf_device_imu660rb.o
#        D:\learnplace\ZZZ_LUNTUI\project\iar\Debug_m7_1\Obj\zf_device_6570275422786408770.dir\zf_device_imu660rc.o
#        D:\learnplace\ZZZ_LUNTUI\project\iar\Debug_m7_1\Obj\zf_device_6570275422786408770.dir\zf_device_imu963ra.o
#        D:\learnplace\ZZZ_LUNTUI\project\iar\Debug_m7_1\Obj\zf_device_6570275422786408770.dir\zf_device_ips114.o
#        D:\learnplace\ZZZ_LUNTUI\project\iar\Debug_m7_1\Obj\zf_device_6570275422786408770.dir\zf_device_ips200.o
#        D:\learnplace\ZZZ_LUNTUI\project\iar\Debug_m7_1\Obj\zf_device_6570275422786408770.dir\zf_device_ips200pro.o
#        D:\learnplace\ZZZ_LUNTUI\project\iar\Debug_m7_1\Obj\zf_device_6570275422786408770.dir\zf_device_key.o
#        D:\learnplace\ZZZ_LUNTUI\project\iar\Debug_m7_1\Obj\zf_device_6570275422786408770.dir\zf_device_mt9v03x.o
#        D:\learnplace\ZZZ_LUNTUI\project\iar\Debug_m7_1\Obj\zf_device_6570275422786408770.dir\zf_device_oled.o
#        D:\learnplace\ZZZ_LUNTUI\project\iar\Debug_m7_1\Obj\zf_device_6570275422786408770.dir\zf_device_tft180.o
#        D:\learnplace\ZZZ_LUNTUI\project\iar\Debug_m7_1\Obj\zf_device_6570275422786408770.dir\zf_device_tsl1401.o
#        D:\learnplace\ZZZ_LUNTUI\project\iar\Debug_m7_1\Obj\zf_device_6570275422786408770.dir\zf_device_type.o
#        D:\learnplace\ZZZ_LUNTUI\project\iar\Debug_m7_1\Obj\zf_device_6570275422786408770.dir\zf_device_wifi_spi.o
#        D:\learnplace\ZZZ_LUNTUI\project\iar\Debug_m7_1\Obj\zf_device_6570275422786408770.dir\zf_device_wifi_uart.o
#        D:\learnplace\ZZZ_LUNTUI\project\iar\Debug_m7_1\Obj\zf_device_6570275422786408770.dir\zf_device_wireless_uart.o
#        D:\learnplace\ZZZ_LUNTUI\project\iar\Debug_m7_1\Obj\zf_driver_11922370083829174090.dir\zf_driver_adc.o
#        D:\learnplace\ZZZ_LUNTUI\project\iar\Debug_m7_1\Obj\zf_driver_11922370083829174090.dir\zf_driver_delay.o
#        D:\learnplace\ZZZ_LUNTUI\project\iar\Debug_m7_1\Obj\zf_driver_11922370083829174090.dir\zf_driver_dma.o
#        D:\learnplace\ZZZ_LUNTUI\project\iar\Debug_m7_1\Obj\zf_driver_11922370083829174090.dir\zf_driver_encoder.o
#        D:\learnplace\ZZZ_LUNTUI\project\iar\Debug_m7_1\Obj\zf_driver_11922370083829174090.dir\zf_driver_exti.o
#        D:\learnplace\ZZZ_LUNTUI\project\iar\Debug_m7_1\Obj\zf_driver_11922370083829174090.dir\zf_driver_flash.o
#        D:\learnplace\ZZZ_LUNTUI\project\iar\Debug_m7_1\Obj\zf_driver_11922370083829174090.dir\zf_driver_gpio.o
#        D:\learnplace\ZZZ_LUNTUI\project\iar\Debug_m7_1\Obj\zf_driver_11922370083829174090.dir\zf_driver_ipc.o
#        D:\learnplace\ZZZ_LUNTUI\project\iar\Debug_m7_1\Obj\zf_driver_11922370083829174090.dir\zf_driver_pit.o
#        D:\learnplace\ZZZ_LUNTUI\project\iar\Debug_m7_1\Obj\zf_driver_11922370083829174090.dir\zf_driver_pwm.o
#        D:\learnplace\ZZZ_LUNTUI\project\iar\Debug_m7_1\Obj\zf_driver_11922370083829174090.dir\zf_driver_soft_iic.o
#        D:\learnplace\ZZZ_LUNTUI\project\iar\Debug_m7_1\Obj\zf_driver_11922370083829174090.dir\zf_driver_soft_spi.o
#        D:\learnplace\ZZZ_LUNTUI\project\iar\Debug_m7_1\Obj\zf_driver_11922370083829174090.dir\zf_driver_spi.o
#        D:\learnplace\ZZZ_LUNTUI\project\iar\Debug_m7_1\Obj\zf_driver_11922370083829174090.dir\zf_driver_timer.o
#        D:\learnplace\ZZZ_LUNTUI\project\iar\Debug_m7_1\Obj\zf_driver_11922370083829174090.dir\zf_driver_uart.o
#        --no_out_extension -o
#        D:\learnplace\ZZZ_LUNTUI\project\iar\project_config\Debug_m7_1\Exe\cyt4bb7_cm_7_1.out
#        --config_def _CORE_cm7_1_=0 --config_def _LINK_flash_=0 --map
#        D:\learnplace\ZZZ_LUNTUI\project\iar\Debug_m7_1\List\cyt4bb7_cm_7_1.map
#        --config
#        D:\learnplace\ZZZ_LUNTUI\project\iar\project_config\..\icf\linker_directives_tviibh.icf
#        --semihosting
#        D:\learnplace\ZZZ_LUNTUI\project\iar\project_config\..\..\..\libraries\sdk\tviibh4m\src\drivers\crypto\libs\libcrypto_server_cm0plus_iar.a
#        D:\learnplace\ZZZ_LUNTUI\project\iar\project_config\..\..\..\libraries\zf_device\zf_device_config.a
#        D:\learnplace\ZZZ_LUNTUI\project\iar\project_config\..\..\..\libraries\sdk\common\hdr\cmsis\dsp\iar_cortexM7lf_math.a
#        --entry __iar_program_start --vfe --text_out locale --cpu=Cortex-M7
#        --fpu=VFPv5_d16) --dependencies=n
#        D:\learnplace\ZZZ_LUNTUI\project\iar\project_config\Debug_m7_1\Exe\cyt4bb7_cm_7_1.out.iar_deps
#
###############################################################################

*******************************************************************************
*** RUNTIME MODEL ATTRIBUTES
***

CppFlavor       = *
__CPP_Runtime   = 1
__Heap_Handler  = Basic
__SystemLibrary = DLib
__dlib_version  = 6


*******************************************************************************
*** HEAP SELECTION
***

The basic heap was selected because --advanced_heap
was not specified and the application did not appear to
be primarily optimized for speed.


*******************************************************************************
*** PLACEMENT SUMMARY
***

"A0":  place at start of [from 0x1028'0000 to 0x1040'ffff] { section .intvec };
"P1":  place in [from 0x1028'0000 to 0x1040'ffff] { ro };
"P2":  place in [from 0x2808'0000 to 0x280b'ffff] { rw };
define block HEAP with size = 1K, alignment = 8 { };
define block CSTACK with size = 8K, alignment = 8 { };
define block HEAP_STACK { block HEAP, last block CSTACK };
"A1":  place at end of [from 0x2808'0000 to 0x280b'ffff] { block HEAP_STACK };
do not initialize { section .intvec_ram };
initialize by copy { rw };

No sections matched the following patterns:

  ro section .sflash_app_prot  in "P6"
  ro section .sflash_nar       in "P4"
  ro section .sflash_pkey      in "P5"
  ro section .sflash_toc2      in "P7"
  ro section .sflash_uf_rows   in "P3"
  ro section .work_flash       in "P8"
  section .global_ram_data     in "P9"


  Section            Kind         Address    Size  Object
  -------            ----         -------    ----  ------
"A0":                                        0x80
  .intvec            ro code  0x1028'0000    0x80  startup_cm7.o [31]
                            - 0x1028'0080    0x80

"P1":                                      0xde9f
  .text              ro code  0x1028'0080  0x1a84  ipc_shared_data.o [5]
  .text              ro code  0x1028'1b04   0x204  zf_driver_flash.o [49]
  .text              ro code  0x1028'1d08   0x6cc  wifi.o [5]
  .text              ro code  0x1028'23d4   0x400  zf_common_debug.o [46]
  .text              ro code  0x1028'27d4   0x2dc  cy_mw_flash.o [13]
  .text              ro code  0x1028'2ab0    0x66  ABImemset.o [52]
  .text              ro code  0x1028'2b16    0x7e  lz77_init_single.o [52]
  .text              ro code  0x1028'2b94   0x5c4  zf_device_wifi_spi.o [48]
  .text              ro code  0x1028'3158    0x28  printf.o [50]
  .text              ro code  0x1028'3180    0xa6  ABImemcpy.o [52]
  .text              ro code  0x1028'3226    0x1a  xsnprout.o [50]
  .text              ro code  0x1028'3240   0x610  zf_common_fifo.o [46]
  .text              ro code  0x1028'3850   0x2d8  zf_driver_delay.o [49]
  .text              ro code  0x1028'3b28    0x94  seekfree_assistant_interface.o [47]
  .text              ro code  0x1028'3bbc  0x10d8  vofa_protocol.o [5]
  .text              ro code  0x1028'4c94    0x7c  seekfree_assistant.o [47]
  .text              ro code  0x1028'4d10    0x40  sprintf.o [50]
  .text              ro code  0x1028'4d50    0x36  strlen.o [52]
  .text              ro code  0x1028'4d86    0x1e  strcat.o [50]
  .text              ro code  0x1028'4da4    0x3c  vsnprint.o [50]
  .text              ro code  0x1028'4de0   0x828  zf_driver_uart.o [49]
  .text              ro code  0x1028'5608    0xe2  zf_common_interrupt.o [46]
  .text              ro code  0x1028'56ea     0xa  xsprout.o [50]
  .text              ro code  0x1028'56f4   0x2ec  cy_srom.o [30]
  .text              ro code  0x1028'59e0    0x70  strncpy.o [52]
  .text              ro code  0x1028'5a50    0xf8  cy_syslib.o [36]
  .text              ro code  0x1028'5b48   0x4ac  cy_flash.o [12]
  .text              ro code  0x1028'5ff4     0x6  ABImemclr4.o [52]
  .text              ro code  0x1028'5ffc   0x110  zf_driver_gpio.o [49]
  .text              ro code  0x1028'610c   0xb64  zf_driver_spi.o [49]
  .text              ro code  0x1028'6c70   0xeae  xprintffull_nomb.o [50]
  .text              ro code  0x1028'7b20   0x1ae  cy_tcpwm_counter.o [43]
  .text              ro code  0x1028'7cce     0xc  cy_tcpwm.o [43]
  .text              ro code  0x1028'7cdc    0x22  I64Shl.o [52]
  .text              ro code  0x1028'7cfe     0x8  abs.o [50]
  .text              ro code  0x1028'7d08   0x230  I64DivMod.o [52]
  .text              ro code  0x1028'7f38   0x194  cy_gpio.o [14]
  .text              ro code  0x1028'80cc   0x314  cy_scb_uart.o [24]
  .text              ro code  0x1028'83e0    0x20  zf_driver_pwm.o [49]
  .text              ro code  0x1028'8400    0xac  cy_sysint.o [35]
  .text              ro code  0x1028'84ac    0x60  cy_ipc_drv.o [15]
  .text              ro code  0x1028'850c     0x2  cy_syslib.o [36]
  .text              ro code  0x1028'8510    0x32  ABImemset48.o [52]
  .text              ro code  0x1028'8544   0x1f0  cy_scb_spi.o [24]
  .text              ro code  0x1028'8734    0x16  strchr.o [52]
  .text              ro code  0x1028'874c    0x40  xfail_s.o [50]
  .text              ro code  0x1028'878c    0x58  memchr.o [52]
  .text              ro code  0x1028'87e4    0x70  frexp.o [51]
  .text              ro code  0x1028'8854    0x34  DblCmpLe.o [51]
  .text              ro code  0x1028'8888    0x34  DblCmpGe.o [51]
  .text              ro code  0x1028'88bc   0x104  ldexp.o [51]
  .text              ro code  0x1028'89c0     0xe  DblToS32.o [51]
  .text              ro code  0x1028'89ce     0xe  S32ToDbl.o [51]
  .text              ro code  0x1028'89dc    0x12  DblSub.o [51]
  .text              ro code  0x1028'89ee    0x12  DblDiv.o [51]
  .text              ro code  0x1028'8a00     0xe  DblToU32.o [51]
  .text              ro code  0x1028'8a0e     0xe  U32ToDbl.o [51]
  .text              ro code  0x1028'8a1c    0x12  DblMul.o [51]
  .text              ro code  0x1028'8a30     0x2  I64DivZer.o [52]
  .text              ro code  0x1028'8a32     0x6  abort.o [50]
  .text              ro code  0x1028'8a38    0x14  exit.o [53]
  .text              ro code  0x1028'8a4c   0xcac  zf_device_ips200.o [48]
  .text              ro code  0x1028'96f8    0x16  vla_alloc.o [50]
  .text              ro code  0x1028'9710   0x13c  heap0.o [50]
  .text              ro code  0x1028'984c     0x4  heaptramp0.o [50]
  .text              ro code  0x1028'9850    0x2c  xgetmemchunk.o [50]
  .text              ro code  0x1028'987c   0x8e8  cy_sysclk.o [33]
  .text              ro code  0x1028'a164   0x7d0  screen_display.o [5]
  .rodata            const    0x1028'a934   0x5f0  zf_common_font.o [46]
  .text              ro code  0x1028'af24   0x398  zf_driver_pit.o [49]
  .text              ro code  0x1028'b2bc   0x240  cm7_1_isr.o [45]
  .text              ro code  0x1028'b4fc    0x7c  zf_device_tsl1401.o [48]
  .text              ro code  0x1028'b578   0x114  zf_device_gnss.o [48]
  .text              ro code  0x1028'b68c    0x74  zf_driver_adc.o [49]
  .text              ro code  0x1028'b700    0x2a  strncmp.o [50]
  .rodata            const    0x1028'b72c   0x228  zf_common_font.o [46]
  .text              ro code  0x1028'b954   0x204  startup.o [31]
  .text              ro code  0x1028'bb58   0x150  system_tviibh4m_cm7.o [22]
  .text              ro code  0x1028'bca8     0x8  startup_cm7.o [31]
  .text              ro code  0x1028'bcb0     0x6  startup_cm7.o [31]
  .text              ro code  0x1028'bcb8   0x1cc  zf_device_wifi_uart.o [48]
  .text              ro code  0x1028'be84    0x2c  strstr.o [50]
  .text              ro code  0x1028'beb0    0x8c  zf_common_function.o [46]
  .text              ro code  0x1028'bf3c   0x198  cy_interrupt_map.o [23]
  .rodata            const    0x1028'c0d4   0x150  screen_display.o [5]
  .rodata            const    0x1028'c224    0xcc  screen_display.o [5]
  .rodata            const    0x1028'c2f0    0xb4  ipc_shared_data.o [5]
  .text              ro code  0x1028'c3a4    0xb0  startup_cm7.o [31]
  .text              ro code  0x1028'c454    0x98  zf_device_ble6a20.o [48]
  .text              ro code  0x1028'c4ec    0x98  zf_device_wireless_uart.o [48]
  .text              ro code  0x1028'c584    0x7c  main_cm7_1.o [45]
  .text              ro code  0x1028'c600    0x1c  zf_common_clock.o [46]
  .rodata            const    0x1028'c61c    0x54  system_tviibh4m_cm7.o [22]
  .rodata            const    0x1028'c670    0x50  cy_sysclk.o [33]
  .rodata            const    0x1028'c6c0    0x50  cy_sysclk.o [33]
  .rodata            const    0x1028'c710    0x4c  cy_mw_flash.o [13]
  .rodata            const    0x1028'c75c    0x4c  cy_srom.o [30]
  .rodata            const    0x1028'c7a8    0x48  seekfree_assistant.o [47]
  .rodata            const    0x1028'c7f0    0x48  zf_device_wireless_uart.o [48]
  .rodata            const    0x1028'c838    0x44  ipc_shared_data.o [5]
  .rodata            const    0x1028'c87c    0x44  zf_common_function.o [46]
  .rodata            const    0x1028'c8c0    0x44  zf_device_ble6a20.o [48]
  .rodata            const    0x1028'c904    0x44  zf_device_wifi_spi.o [48]
  .rodata            const    0x1028'c948    0x44  zf_device_wifi_uart.o [48]
  .rodata            const    0x1028'c98c    0x40  ipc_shared_data.o [5]
  .rodata            const    0x1028'c9cc    0x40  ipc_shared_data.o [5]
  .rodata            const    0x1028'ca0c    0x40  wifi.o [5]
  .rodata            const    0x1028'ca4c    0x40  zf_common_fifo.o [46]
  .rodata            const    0x1028'ca8c    0x40  zf_device_ips200.o [48]
  .rodata            const    0x1028'cacc    0x40  zf_driver_flash.o [49]
  .rodata            const    0x1028'cb0c    0x40  zf_driver_spi.o [49]
  .rodata            const    0x1028'cb4c    0x40  zf_driver_uart.o [49]
  .rodata            const    0x1028'cb8c    0x3c  ipc_shared_data.o [5]
  .rodata            const    0x1028'cbc8    0x3c  ipc_shared_data.o [5]
  .rodata            const    0x1028'cc04    0x3c  ipc_shared_data.o [5]
  .rodata            const    0x1028'cc40    0x3c  ipc_shared_data.o [5]
  .rodata            const    0x1028'cc7c    0x3c  vofa_protocol.o [5]
  .rodata            const    0x1028'ccb8    0x3c  vofa_protocol.o [5]
  .rodata            const    0x1028'ccf4    0x3c  vofa_protocol.o [5]
  .rodata            const    0x1028'cd30    0x3c  vofa_protocol.o [5]
  .rodata            const    0x1028'cd6c    0x3c  wifi.o [5]
  .rodata            const    0x1028'cda8    0x38  ipc_shared_data.o [5]
  .rodata            const    0x1028'cde0    0x38  ipc_shared_data.o [5]
  .rodata            const    0x1028'ce18    0x38  ipc_shared_data.o [5]
  .rodata            const    0x1028'ce50    0x38  ipc_shared_data.o [5]
  .rodata            const    0x1028'ce88    0x38  ipc_shared_data.o [5]
  .rodata            const    0x1028'cec0    0x38  ipc_shared_data.o [5]
  .rodata            const    0x1028'cef8    0x38  vofa_protocol.o [5]
  .text              ro code  0x1028'cf30    0x38  zero_init3.o [52]
  .rodata            const    0x1028'cf68    0x34  ipc_shared_data.o [5]
  .rodata            const    0x1028'cf9c    0x34  ipc_shared_data.o [5]
  .rodata            const    0x1028'cfd0    0x34  vofa_protocol.o [5]
  .rodata            const    0x1028'd004    0x34  vofa_protocol.o [5]
  .rodata            const    0x1028'd038    0x30  ipc_shared_data.o [5]
  .rodata            const    0x1028'd068    0x30  ipc_shared_data.o [5]
  .rodata            const    0x1028'd098    0x30  ipc_shared_data.o [5]
  .rodata            const    0x1028'd0c8    0x30  ipc_shared_data.o [5]
  .rodata            const    0x1028'd0f8    0x30  vofa_protocol.o [5]
  .rodata            const    0x1028'd128    0x30  vofa_protocol.o [5]
  .rodata            const    0x1028'd158    0x30  vofa_protocol.o [5]
  .rodata            const    0x1028'd188    0x30  vofa_protocol.o [5]
  .rodata            const    0x1028'd1b8    0x30  vofa_protocol.o [5]
  .rodata            const    0x1028'd1e8    0x2c  vofa_protocol.o [5]
  .rodata            const    0x1028'd214    0x2c  wifi.o [5]
  .rodata            const    0x1028'd240    0x2c  wifi.o [5]
  .rodata            const    0x1028'd26c    0x28  ipc_shared_data.o [5]
  .rodata            const    0x1028'd294    0x28  vofa_protocol.o [5]
  .rodata            const    0x1028'd2bc    0x28  vofa_protocol.o [5]
  .rodata            const    0x1028'd2e4    0x28  vofa_protocol.o [5]
  .rodata            const    0x1028'd30c    0x28  vofa_protocol.o [5]
  .rodata            const    0x1028'd334    0x28  wifi.o [5]
  .rodata            const    0x1028'd35c    0x28  wifi.o [5]
  .rodata            const    0x1028'd384    0x28  wifi.o [5]
  .rodata            const    0x1028'd3ac    0x28  wifi.o [5]
  .rodata            const    0x1028'd3d4    0x28  wifi.o [5]
  .rodata            const    0x1028'd3fc    0x28  wifi.o [5]
  .text              ro code  0x1028'd424    0x28  data_init.o [52]
  .rodata            const    0x1028'd44c    0x24  vofa_protocol.o [5]
  .rodata            const    0x1028'd470    0x24  wifi.o [5]
  .text              ro code  0x1028'd494    0x22  fpinit_M.o [51]
  .iar.init_table    const    0x1028'd4b8    0x20  - Linker created -
  .rodata            const    0x1028'd4d8    0x20  vofa_protocol.o [5]
  .rodata            const    0x1028'd4f8    0x20  wifi.o [5]
  .text              ro code  0x1028'd518    0x20  startup_cm7.o [31]
  .text              ro code  0x1028'd538    0x20  putchar.o [50]
  .text              ro code  0x1028'd560    0x1e  cy_syslib_iar.o [36]
  .text              ro code  0x1028'd580    0x1e  cmain.o [52]
  .text              ro code  0x1028'd5a0     0x4  startup_cm7.o [31]
  .text              ro code  0x1028'd5a4     0x4  exit.o [50]
  .text              ro code  0x1028'd5a8     0xa  cexit.o [52]
  .rodata            const    0x1028'd5b4    0x1c  screen_display.o [5]
  .rodata            const    0x1028'd5d0    0x1c  screen_display.o [5]
  .rodata            const    0x1028'd5ec    0x1c  screen_display.o [5]
  .rodata            const    0x1028'd608    0x1c  vofa_protocol.o [5]
  .rodata            const    0x1028'd624    0x1c  vofa_protocol.o [5]
  .rodata            const    0x1028'd640    0x1c  vofa_protocol.o [5]
  .rodata            const    0x1028'd65c    0x1c  wifi.o [5]
  .rodata            const    0x1028'd678    0x1c  zf_common_debug.o [46]
  .text              ro code  0x1028'd694    0x1c  startup_cm7.o [31]
  .text              ro code  0x1028'd6b0    0x1c  cstartup_M.o [52]
  .rodata            const    0x1028'd6cc    0x18  startup.o [31]
  .rodata            const    0x1028'd6e4    0x18  system_tviibh4m_cm7.o [22]
  .rodata            const    0x1028'd6fc    0x18  wifi.o [5]
  .rodata            const    0x1028'd714    0x18  wifi.o [5]
  .rodata            const    0x1028'd72c    0x18  wifi.o [5]
  .rodata            const    0x1028'd744    0x18  wifi.o [5]
  .rodata            const    0x1028'd75c    0x18  wifi.o [5]
  .rodata            const    0x1028'd774    0x18  zf_common_debug.o [46]
  .text              ro code  0x1028'd78c    0x16  xprout.o [50]
  .rodata            const    0x1028'd7a4    0x14  cy_flash.o [12]
  .rodata            const    0x1028'd7b8    0x14  ipc_shared_data.o [5]
  .rodata            const    0x1028'd7cc    0x14  vofa_protocol.o [5]
  .rodata            const    0x1028'd7e0    0x14  wifi.o [5]
  .rodata            const    0x1028'd7f4    0x14  wifi.o [5]
  .rodata            const    0x1028'd808    0x14  wifi.o [5]
  .rodata            const    0x1028'd81c    0x14  wifi.o [5]
  .rodata            const    0x1028'd830    0x14  zf_device_wifi_spi.o [48]
  .rodata            const    0x1028'd844    0x10  ipc_shared_data.o [5]
  .rodata            const    0x1028'd854    0x10  ipc_shared_data.o [5]
  .rodata            const    0x1028'd864    0x10  ipc_shared_data.o [5]
  .rodata            const    0x1028'd874    0x10  ipc_shared_data.o [5]
  .rodata            const    0x1028'd884    0x10  ipc_shared_data.o [5]
  .rodata            const    0x1028'd894    0x10  ipc_shared_data.o [5]
  .rodata            const    0x1028'd8a4    0x10  ipc_shared_data.o [5]
  .rodata            const    0x1028'd8b4    0x10  ipc_shared_data.o [5]
  .rodata            const    0x1028'd8c4    0x10  ipc_shared_data.o [5]
  .rodata            const    0x1028'd8d4    0x10  ipc_shared_data.o [5]
  .rodata            const    0x1028'd8e4    0x10  ipc_shared_data.o [5]
  .rodata            const    0x1028'd8f4    0x10  ipc_shared_data.o [5]
  .rodata            const    0x1028'd904    0x10  screen_display.o [5]
  .rodata            const    0x1028'd914    0x10  screen_display.o [5]
  .rodata            const    0x1028'd924    0x10  screen_display.o [5]
  .rodata            const    0x1028'd934    0x10  screen_display.o [5]
  .rodata            const    0x1028'd944    0x10  wifi.o [5]
  .rodata            const    0x1028'd954    0x10  zf_common_debug.o [46]
  .rodata            const    0x1028'd964    0x10  zf_common_debug.o [46]
  .rodata            const    0x1028'd974    0x10  zf_device_wifi_uart.o [48]
  .rodata            const    0x1028'd984     0xc  ipc_shared_data.o [5]
  .rodata            const    0x1028'd990     0xc  ipc_shared_data.o [5]
  .rodata            const    0x1028'd99c     0xc  ipc_shared_data.o [5]
  .rodata            const    0x1028'd9a8     0xc  ipc_shared_data.o [5]
  .rodata            const    0x1028'd9b4     0xc  ipc_shared_data.o [5]
  .rodata            const    0x1028'd9c0     0xc  ipc_shared_data.o [5]
  .rodata            const    0x1028'd9cc     0xc  ipc_shared_data.o [5]
  .rodata            const    0x1028'd9d8     0xc  ipc_shared_data.o [5]
  .rodata            const    0x1028'd9e4     0xc  ipc_shared_data.o [5]
  .rodata            const    0x1028'd9f0     0xc  ipc_shared_data.o [5]
  .rodata            const    0x1028'd9fc     0xc  ipc_shared_data.o [5]
  .rodata            const    0x1028'da08     0xc  ipc_shared_data.o [5]
  .rodata            const    0x1028'da14     0xc  ipc_shared_data.o [5]
  .rodata            const    0x1028'da20     0xc  screen_display.o [5]
  .rodata            const    0x1028'da2c     0xc  screen_display.o [5]
  .rodata            const    0x1028'da38     0xc  screen_display.o [5]
  .rodata            const    0x1028'da44     0xc  screen_display.o [5]
  .rodata            const    0x1028'da50     0xc  screen_display.o [5]
  .rodata            const    0x1028'da5c     0xc  screen_display.o [5]
  .rodata            const    0x1028'da68     0xc  screen_display.o [5]
  .rodata            const    0x1028'da74     0xc  screen_display.o [5]
  .rodata            const    0x1028'da80     0xc  screen_display.o [5]
  .rodata            const    0x1028'da8c     0xc  screen_display.o [5]
  .rodata            const    0x1028'da98     0xc  screen_display.o [5]
  .rodata            const    0x1028'daa4     0xc  screen_display.o [5]
  .rodata            const    0x1028'dab0     0xc  screen_display.o [5]
  .rodata            const    0x1028'dabc     0xc  screen_display.o [5]
  .rodata            const    0x1028'dac8     0xc  screen_display.o [5]
  .rodata            const    0x1028'dad4     0xc  screen_display.o [5]
  .rodata            const    0x1028'dae0     0xc  screen_display.o [5]
  .rodata            const    0x1028'daec     0xc  screen_display.o [5]
  .rodata            const    0x1028'daf8     0xc  screen_display.o [5]
  .rodata            const    0x1028'db04     0xc  screen_display.o [5]
  .rodata            const    0x1028'db10     0xc  screen_display.o [5]
  .rodata            const    0x1028'db1c     0xc  screen_display.o [5]
  .rodata            const    0x1028'db28     0xc  screen_display.o [5]
  .rodata            const    0x1028'db34     0xc  wifi.o [5]
  .rodata            const    0x1028'db40     0xc  zf_common_debug.o [46]
  .rodata            const    0x1028'db4c     0xc  zf_common_debug.o [46]
  .rodata            const    0x1028'db58     0xc  zf_device_wifi_spi.o [48]
  .rodata            const    0x1028'db64     0xc  zf_device_wifi_uart.o [48]
  .text              ro code  0x1028'db70     0xc  cy_syslib.o [36]
  .rodata            const    0x1028'db7c     0x8  cy_mw_flash.o [13]
  .rodata            const    0x1028'db84     0x8  cy_srom.o [30]
  .rodata            const    0x1028'db8c     0x8  cy_sysclk.o [33]
  .rodata            const    0x1028'db94     0x8  ipc_shared_data.o [5]
  .rodata            const    0x1028'db9c     0x8  ipc_shared_data.o [5]
  .rodata            const    0x1028'dba4     0x8  ipc_shared_data.o [5]
  .rodata            const    0x1028'dbac     0x8  ipc_shared_data.o [5]
  .rodata            const    0x1028'dbb4     0x8  ipc_shared_data.o [5]
  .rodata            const    0x1028'dbbc     0x8  ipc_shared_data.o [5]
  .rodata            const    0x1028'dbc4     0x8  ipc_shared_data.o [5]
  .rodata            const    0x1028'dbcc     0x8  ipc_shared_data.o [5]
  .rodata            const    0x1028'dbd4     0x8  ipc_shared_data.o [5]
  .rodata            const    0x1028'dbdc     0x8  ipc_shared_data.o [5]
  .rodata            const    0x1028'dbe4     0x8  ipc_shared_data.o [5]
  .rodata            const    0x1028'dbec     0x8  ipc_shared_data.o [5]
  .rodata            const    0x1028'dbf4     0x8  ipc_shared_data.o [5]
  .rodata            const    0x1028'dbfc     0x8  ipc_shared_data.o [5]
  .rodata            const    0x1028'dc04     0x8  ipc_shared_data.o [5]
  .rodata            const    0x1028'dc0c     0x8  ipc_shared_data.o [5]
  .rodata            const    0x1028'dc14     0x8  ipc_shared_data.o [5]
  .rodata            const    0x1028'dc1c     0x8  ipc_shared_data.o [5]
  .rodata            const    0x1028'dc24     0x8  ipc_shared_data.o [5]
  .rodata            const    0x1028'dc2c     0x8  screen_display.o [5]
  .rodata            const    0x1028'dc34     0x8  screen_display.o [5]
  .rodata            const    0x1028'dc3c     0x8  screen_display.o [5]
  .rodata            const    0x1028'dc44     0x8  screen_display.o [5]
  .rodata            const    0x1028'dc4c     0x8  screen_display.o [5]
  .rodata            const    0x1028'dc54     0x8  screen_display.o [5]
  .rodata            const    0x1028'dc5c     0x8  screen_display.o [5]
  .rodata            const    0x1028'dc64     0x8  screen_display.o [5]
  .rodata            const    0x1028'dc6c     0x8  screen_display.o [5]
  .rodata            const    0x1028'dc74     0x8  screen_display.o [5]
  .rodata            const    0x1028'dc7c     0x8  screen_display.o [5]
  .rodata            const    0x1028'dc84     0x8  screen_display.o [5]
  .rodata            const    0x1028'dc8c     0x8  screen_display.o [5]
  .rodata            const    0x1028'dc94     0x8  screen_display.o [5]
  .rodata            const    0x1028'dc9c     0x8  screen_display.o [5]
  .rodata            const    0x1028'dca4     0x8  screen_display.o [5]
  .rodata            const    0x1028'dcac     0x8  vofa_protocol.o [5]
  .rodata            const    0x1028'dcb4     0x8  vofa_protocol.o [5]
  .rodata            const    0x1028'dcbc     0x8  wifi.o [5]
  .rodata            const    0x1028'dcc4     0x8  wifi.o [5]
  .rodata            const    0x1028'dccc     0x8  wifi.o [5]
  .rodata            const    0x1028'dcd4     0x8  zf_device_wifi_spi.o [48]
  .rodata            const    0x1028'dcdc     0x8  zf_device_wifi_uart.o [48]
  .rodata            const    0x1028'dce4     0x8  zf_device_wifi_uart.o [48]
  .rodata            const    0x1028'dcec     0x4  cy_interrupt_map.o [23]
  .rodata            const    0x1028'dcf0     0x4  cy_interrupt_map.o [23]
  .rodata            const    0x1028'dcf4     0x4  cy_interrupt_map.o [23]
  .rodata            const    0x1028'dcf8     0x4  cy_interrupt_map.o [23]
  .rodata            const    0x1028'dcfc     0x4  cy_interrupt_map.o [23]
  .rodata            const    0x1028'dd00     0x4  cy_interrupt_map.o [23]
  .rodata            const    0x1028'dd04     0x4  cy_interrupt_map.o [23]
  .rodata            const    0x1028'dd08     0x4  cy_interrupt_map.o [23]
  .rodata            const    0x1028'dd0c     0x4  cy_ipc_drv.o [15]
  .rodata            const    0x1028'dd10     0x4  cy_scb_spi.o [24]
  .rodata            const    0x1028'dd14     0x4  cy_scb_spi.o [24]
  .rodata            const    0x1028'dd18     0x4  cy_scb_spi.o [24]
  .rodata            const    0x1028'dd1c     0x4  cy_scb_spi.o [24]
  .rodata            const    0x1028'dd20     0x4  cy_scb_uart.o [24]
  .rodata            const    0x1028'dd24     0x4  cy_scb_uart.o [24]
  .rodata            const    0x1028'dd28     0x4  cy_scb_uart.o [24]
  .rodata            const    0x1028'dd2c     0x4  cy_scb_uart.o [24]
  .rodata            const    0x1028'dd30     0x4  cy_scb_uart.o [24]
  .rodata            const    0x1028'dd34     0x4  cy_scb_uart.o [24]
  .rodata            const    0x1028'dd38     0x4  cy_scb_uart.o [24]
  .rodata            const    0x1028'dd3c     0x4  cy_scb_uart.o [24]
  .rodata            const    0x1028'dd40     0x4  cy_scb_uart.o [24]
  .rodata            const    0x1028'dd44     0x4  cy_scb_uart.o [24]
  .rodata            const    0x1028'dd48     0x4  cy_srom.o [30]
  .rodata            const    0x1028'dd4c     0x4  cy_srom.o [30]
  .rodata            const    0x1028'dd50     0x4  cy_sysint.o [35]
  .rodata            const    0x1028'dd54     0x4  cy_sysint.o [35]
  .rodata            const    0x1028'dd58     0x4  cy_tcpwm_counter.o [43]
  .rodata            const    0x1028'dd5c     0x4  cy_tcpwm_counter.o [43]
  .rodata            const    0x1028'dd60     0x4  cy_tcpwm_counter.o [43]
  .rodata            const    0x1028'dd64     0x4  cy_tcpwm_counter.o [43]
  .rodata            const    0x1028'dd68     0x4  cy_tcpwm_counter.o [43]
  .text              ro code  0x1028'dd6c     0x4  seekfree_assistant_interface.o [47]
  .text              ro code  0x1028'dd70     0x4  seekfree_assistant_interface.o [47]
  .text              ro code  0x1028'dd74     0x4  startup_cm7.o [31]
  .text              ro code  0x1028'dd78     0x4  startup_cm7.o [31]
  .text              ro code  0x1028'dd7c     0x4  startup_cm7.o [31]
  .text              ro code  0x1028'dd80     0x4  startup_cm7.o [31]
  .text              ro code  0x1028'dd84     0x4  startup_cm7.o [31]
  .text              ro code  0x1028'dd88     0x4  startup_cm7.o [31]
  .text              ro code  0x1028'dd8c     0x4  startup_cm7.o [31]
  .text              ro code  0x1028'dd90     0x4  startup_cm7.o [31]
  .text              ro code  0x1028'dd94     0x4  startup_cm7.o [31]
  .text              ro code  0x1028'dd98     0x4  startup_cm7.o [31]
  .text              ro code  0x1028'dd9c     0x4  startup_cm7.o [31]
  .text              ro code  0x1028'dda0     0x4  startup_cm7.o [31]
  .text              ro code  0x1028'dda4     0x4  startup_cm7.o [31]
  .text              ro code  0x1028'dda8     0x4  startup_cm7.o [31]
  .text              ro code  0x1028'ddac     0x4  startup_cm7.o [31]
  .text              ro code  0x1028'ddb0     0x2  zf_device_type.o [48]
  .rodata            const    0x1028'ddb2     0x0  zero_init3.o [52]
  .rodata            const    0x1028'ddb2     0x0  lz77_init_single.o [52]
  Initializer bytes  const    0x1028'ddb2    0xb3  <for P2-1>
                            - 0x1028'de65  0xdde5

Absolute sections, part 1 of 2:             0x13c
  .noinit            uninit   0x2800'1000   0x13c  ipc_shared_data.o [5]
                            - 0x2800'113c   0x13c

Absolute sections, part 2 of 2:              0xc8
  .noinit            uninit   0x2800'1200    0xc8  ipc_shared_data.o [5]
                            - 0x2800'12c8    0xc8

"P2", part 1 of 3:                          0x79c
  P2-1                        0x2808'0000   0x79c  <Init block>
    .data            inited   0x2808'0000   0x6ec  cy_interrupt_map.o [23]
    .data            inited   0x2808'06ec     0x4  cy_interrupt_map.o [23]
    .data            inited   0x2808'06f0     0x4  seekfree_assistant.o [47]
    .data            inited   0x2808'06f4     0x4  seekfree_assistant.o [47]
    .data            inited   0x2808'06f8     0x8  wifi.o [5]
    .data            inited   0x2808'0700     0x4  zf_device_type.o [48]
    .data            inited   0x2808'0704     0x4  zf_device_type.o [48]
    .data            inited   0x2808'0708     0xc  zf_driver_adc.o [49]
    .data            inited   0x2808'0714    0x3c  zf_driver_pit.o [49]
    .data            inited   0x2808'0750    0x10  zf_driver_spi.o [49]
    .data            inited   0x2808'0760    0x14  zf_driver_uart.o [49]
    .data            inited   0x2808'0774    0x14  zf_driver_uart.o [49]
    .data            inited   0x2808'0788     0x2  zf_device_ips200.o [48]
    .data            inited   0x2808'078a     0x2  zf_device_ips200.o [48]
    .data            inited   0x2808'078c     0x2  zf_device_ips200.o [48]
    .data            inited   0x2808'078e     0x2  zf_device_ips200.o [48]
    .data            inited   0x2808'0790     0x2  zf_driver_delay.o [49]
    .data            inited   0x2808'0792     0x1  screen_display.o [5]
    .data            inited   0x2808'0793     0x1  screen_display.o [5]
    .data            inited   0x2808'0794     0x1  wifi.o [5]
    .data            inited   0x2808'0795     0x1  wifi.o [5]
    .data            inited   0x2808'0796     0x1  zf_common_debug.o [46]
    .data            inited   0x2808'0797     0x1  zf_device_ips200.o [48]
    .data            inited   0x2808'0798     0x1  zf_device_ips200.o [48]
    .data            inited   0x2808'0799     0x1  zf_device_ips200.o [48]
    .data            inited   0x2808'079a     0x1  zf_device_ips200.o [48]
    .data            inited   0x2808'079b     0x1  zf_driver_delay.o [49]
                            - 0x2808'079c   0x79c

"P2", part 2 of 3:                         0x1ae0
  .bss               zero     0x2808'079c   0x800  zf_driver_flash.o [49]
  .bss               zero     0x2808'0f9c   0x400  zf_device_wifi_spi.o [48]
  .bss               zero     0x2808'139c   0x200  wifi.o [5]
  .bss               zero     0x2808'159c   0x200  wifi.o [5]
  .bss               zero     0x2808'179c   0x200  zf_device_tsl1401.o [48]
  .bss               zero     0x2808'199c   0x118  zf_driver_uart.o [49]
  .bss               zero     0x2808'1ab4   0x100  vofa_protocol.o [5]
  .bss               zero     0x2808'1bb4   0x100  vofa_protocol.o [5]
  .bss               zero     0x2808'1cb4   0x100  wifi.o [5]
  .bss               zero     0x2808'1db4    0x94  zf_device_wifi_uart.o [48]
  .bss               zero     0x2808'1e48    0x80  zf_device_gnss.o [48]
  .bss               zero     0x2808'1ec8    0x80  zf_device_gnss.o [48]
  .bss               zero     0x2808'1f48    0x80  zf_device_gnss.o [48]
  .bss               zero     0x2808'1fc8    0x70  cy_syslib.o [36]
  .bss               zero     0x2808'2038    0x48  zf_driver_adc.o [49]
  .bss               zero     0x2808'2080    0x24  seekfree_assistant.o [47]
  .bss               zero     0x2808'20a4    0x1c  zf_device_wifi_spi.o [48]
  .bss               zero     0x2808'20c0    0x18  cy_sysclk.o [33]
  .bss               zero     0x2808'20d8    0x18  cy_syslib.o [36]
  .bss               zero     0x2808'20f0    0x18  vofa_protocol.o [5]
  .bss               zero     0x2808'2108    0x18  wifi.o [5]
  .bss               zero     0x2808'2120    0x18  zf_common_debug.o [46]
  .bss               zero     0x2808'2138    0x18  zf_device_ble6a20.o [48]
  .bss               zero     0x2808'2150    0x18  zf_device_gnss.o [48]
  .bss               zero     0x2808'2168    0x18  zf_device_wifi_spi.o [48]
  .bss               zero     0x2808'2180    0x18  zf_device_wifi_uart.o [48]
  .bss               zero     0x2808'2198    0x18  zf_device_wireless_uart.o [48]
  .bss               zero     0x2808'21b0    0x14  small_driver_uart_control.o [5]
  .bss               zero     0x2808'21c4    0x14  zf_common_debug.o [46]
  .bss               zero     0x2808'21d8    0x14  zf_device_wifi_spi.o [48]
  .bss               zero     0x2808'2200    0x10  cy_srom.o [30]
  .bss               zero     0x2808'2210     0xc  zf_device_wifi_spi.o [48]
  .bss               zero     0x2808'221c     0x8  heap0.o [50]
  .bss               zero     0x2808'2224     0x4  cy_srom.o [30]
  .bss               zero     0x2808'2228     0x4  cy_srom.o [30]
  .bss               zero     0x2808'222c     0x4  cy_syslib.o [36]
  .bss               zero     0x2808'2230     0x4  system_tviibh4m_cm7.o [22]
  .bss               zero     0x2808'2234     0x4  system_tviibh4m_cm7.o [22]
  .bss               zero     0x2808'2238     0x4  system_tviibh4m_cm7.o [22]
  .bss               zero     0x2808'223c     0x4  system_tviibh4m_cm7.o [22]
  .bss               zero     0x2808'2240     0x4  system_tviibh4m_cm7.o [22]
  .bss               zero     0x2808'2244     0x4  wifi.o [5]
  .bss               zero     0x2808'2248     0x4  zf_common_clock.o [46]
  .bss               zero     0x2808'224c     0x4  zf_common_interrupt.o [46]
  .bss               zero     0x2808'2250     0x4  zf_driver_spi.o [49]
  .bss               zero     0x2808'2254     0x4  xgetmemchunk.o [50]
  .bss               zero     0x2808'2258     0x4  xfail_s.o [50]
  .bss               zero     0x2808'225c     0x2  control.o [5]
  .bss               zero     0x2808'225e     0x2  control.o [5]
  .bss               zero     0x2808'2260     0x2  wifi.o [5]
  .bss               zero     0x2808'2262     0x2  wifi.o [5]
  .bss               zero     0x2808'2264     0x1  cy_mw_flash.o [13]
  .bss               zero     0x2808'2265     0x1  cy_mw_flash.o [13]
  .bss               zero     0x2808'2266     0x1  cy_sysclk.o [33]
  .bss               zero     0x2808'2267     0x1  screen_display.o [5]
  .bss               zero     0x2808'2268     0x1  screen_display.o [5]
  .bss               zero     0x2808'2269     0x1  screen_display.o [5]
  .bss               zero     0x2808'226a     0x1  wifi.o [5]
  .bss               zero     0x2808'226b     0x1  wifi.o [5]
  .bss               zero     0x2808'226c     0x1  zf_common_debug.o [46]
  .bss               zero     0x2808'226d     0x1  zf_common_debug.o [46]
  .bss               zero     0x2808'226e     0x1  zf_device_gnss.o [48]
  .bss               zero     0x2808'226f     0x1  zf_device_gnss.o [48]
  .bss               zero     0x2808'2270     0x1  zf_device_gnss.o [48]
  .bss               zero     0x2808'2271     0x1  zf_device_gnss.o [48]
  .bss               zero     0x2808'2272     0x1  zf_device_gnss.o [48]
  .bss               zero     0x2808'2273     0x1  zf_device_ips200.o [48]
  .bss               zero     0x2808'2274     0x1  zf_device_ips200.o [48]
  .bss               zero     0x2808'2275     0x1  zf_device_tsl1401.o [48]
  .bss               zero     0x2808'2276     0x1  zf_device_tsl1401.o [48]
  .bss               zero     0x2808'2277     0x1  zf_device_wifi_spi.o [48]
  .bss               zero     0x2808'2278     0x1  zf_driver_flash.o [49]
                            - 0x2808'2279  0x1add

"P2", part 3 of 3:                           0x80
  .intvec_ram        uninit   0x2808'2280    0x80  startup_cm7.o [31]
                            - 0x2808'2300    0x80

"A1":                                      0x2400
  HEAP_STACK                  0x280b'dc00  0x2400  <Block>
    HEAP                      0x280b'dc00   0x400  <Block>
      HEAP           uninit   0x280b'dc00   0x400  <Block tail>
    CSTACK                    0x280b'e000  0x2000  <Block>
      CSTACK         uninit   0x280b'e000  0x2000  <Block tail>
                            - 0x280c'0000  0x2400

Unused ranges:

         From           To       Size
         ----           --       ----
  0x1028'df1f  0x1040'ffff  0x18'20e1
  0x2808'227c  0x2808'227f        0x4
  0x2808'2300  0x280b'dbff   0x3'b900


*******************************************************************************
*** INIT TABLE
***

          Address      Size
          -------      ----
Zero (__iar_zero_init3)
    1 destination range, total size 0x1add:
          0x2808'079c  0x1add

Copy/lz77 (__iar_lz77_init_single3)
    1 source range, total size 0xb3 (9% of destination):
          0x1028'ddb2    0xb3
    1 destination range, total size 0x79c:
          0x2808'0000   0x79c



*******************************************************************************
*** MODULE SUMMARY
***

    Module                          ro code  ro data  rw data  rw data
                                                                (abs)
    ------                          -------  -------  -------  -------
command line/config:
    ------------------------------------------------------------------
    Total:

D:\learnplace\ZZZ_LUNTUI\project\iar\Debug_m7_1\Obj\adc_11722776235721520015.dir: [1]
    ------------------------------------------------------------------
    Total:

D:\learnplace\ZZZ_LUNTUI\project\iar\Debug_m7_1\Obj\audioss_1346650047966882938.dir: [2]
    ------------------------------------------------------------------
    Total:

D:\learnplace\ZZZ_LUNTUI\project\iar\Debug_m7_1\Obj\button_4990804375159372270.dir: [3]
    ------------------------------------------------------------------
    Total:

D:\learnplace\ZZZ_LUNTUI\project\iar\Debug_m7_1\Obj\canfd_1800690984773873875.dir: [4]
    ------------------------------------------------------------------
    Total:

D:\learnplace\ZZZ_LUNTUI\project\iar\Debug_m7_1\Obj\code_17896468042025673432.dir: [5]
    control.o                                               4
    ipc_shared_data.o                 6'788    1'808               516
    screen_display.o                  2'000    1'092        5
    small_driver_uart_control.o                            20
    vofa_protocol.o                   4'312    1'032      536
    wifi.o                            1'740      801    1'324
    ------------------------------------------------------------------
    Total:                           14'840    4'733    1'889      516

D:\learnplace\ZZZ_LUNTUI\project\iar\Debug_m7_1\Obj\cpu_15938736945165268644.dir: [6]
    ------------------------------------------------------------------
    Total:

D:\learnplace\ZZZ_LUNTUI\project\iar\Debug_m7_1\Obj\crypto_1190170608956581615.dir: [7]
    ------------------------------------------------------------------
    Total:

D:\learnplace\ZZZ_LUNTUI\project\iar\Debug_m7_1\Obj\dma_12106025507578611576.dir: [8]
    ------------------------------------------------------------------
    Total:

D:\learnplace\ZZZ_LUNTUI\project\iar\Debug_m7_1\Obj\eth_phy_18133017486186456677.dir: [9]
    ------------------------------------------------------------------
    Total:

D:\learnplace\ZZZ_LUNTUI\project\iar\Debug_m7_1\Obj\ethernet_6029839089178797009.dir: [10]
    ------------------------------------------------------------------
    Total:

D:\learnplace\ZZZ_LUNTUI\project\iar\Debug_m7_1\Obj\evtgen_3404189088603873129.dir: [11]
    ------------------------------------------------------------------
    Total:

D:\learnplace\ZZZ_LUNTUI\project\iar\Debug_m7_1\Obj\flash_8529866181315662935.dir: [12]
    cy_flash.o                        1'196       20
    ------------------------------------------------------------------
    Total:                            1'196       20

D:\learnplace\ZZZ_LUNTUI\project\iar\Debug_m7_1\Obj\flash_864493325053435817.dir: [13]
    cy_mw_flash.o                       732       84        2
    ------------------------------------------------------------------
    Total:                              732       84        2

D:\learnplace\ZZZ_LUNTUI\project\iar\Debug_m7_1\Obj\gpio_3999404635324069351.dir: [14]
    cy_gpio.o                           404
    ------------------------------------------------------------------
    Total:                              404

D:\learnplace\ZZZ_LUNTUI\project\iar\Debug_m7_1\Obj\ipc_10145506163450686023.dir: [15]
    cy_ipc_drv.o                         96        4
    ------------------------------------------------------------------
    Total:                               96        4

D:\learnplace\ZZZ_LUNTUI\project\iar\Debug_m7_1\Obj\lin_18429031207028094880.dir: [16]
    ------------------------------------------------------------------
    Total:

D:\learnplace\ZZZ_LUNTUI\project\iar\Debug_m7_1\Obj\lvd_6353935867039560245.dir: [17]
    ------------------------------------------------------------------
    Total:

D:\learnplace\ZZZ_LUNTUI\project\iar\Debug_m7_1\Obj\mcwdt_4052485907822033969.dir: [18]
    ------------------------------------------------------------------
    Total:

D:\learnplace\ZZZ_LUNTUI\project\iar\Debug_m7_1\Obj\mpu_5663187252346826382.dir: [19]
    ------------------------------------------------------------------
    Total:

D:\learnplace\ZZZ_LUNTUI\project\iar\Debug_m7_1\Obj\power_14453085144426420577.dir: [20]
    ------------------------------------------------------------------
    Total:

D:\learnplace\ZZZ_LUNTUI\project\iar\Debug_m7_1\Obj\prot_10722960861768657883.dir: [21]
    ------------------------------------------------------------------
    Total:

D:\learnplace\ZZZ_LUNTUI\project\iar\Debug_m7_1\Obj\rev_b_4986922561640112550.dir: [22]
    system_tviibh4m_cm7.o               336      108       20
    ------------------------------------------------------------------
    Total:                              336      108       20

D:\learnplace\ZZZ_LUNTUI\project\iar\Debug_m7_1\Obj\rev_b_6162237342861132223.dir: [23]
    cy_interrupt_map.o                  408      195    1'776
    ------------------------------------------------------------------
    Total:                              408      195    1'776

D:\learnplace\ZZZ_LUNTUI\project\iar\Debug_m7_1\Obj\scb_15490842639181808494.dir: [24]
    cy_scb_spi.o                        496       16
    cy_scb_uart.o                       788       40
    ------------------------------------------------------------------
    Total:                            1'284       56

D:\learnplace\ZZZ_LUNTUI\project\iar\Debug_m7_1\Obj\sd_host_2982766354293506895.dir: [25]
    ------------------------------------------------------------------
    Total:

D:\learnplace\ZZZ_LUNTUI\project\iar\Debug_m7_1\Obj\semihosting_143864889731838620.dir: [26]
    ------------------------------------------------------------------
    Total:

D:\learnplace\ZZZ_LUNTUI\project\iar\Debug_m7_1\Obj\smartio_5451710003740070188.dir: [27]
    ------------------------------------------------------------------
    Total:

D:\learnplace\ZZZ_LUNTUI\project\iar\Debug_m7_1\Obj\smif_427648126384146252.dir: [28]
    ------------------------------------------------------------------
    Total:

D:\learnplace\ZZZ_LUNTUI\project\iar\Debug_m7_1\Obj\smif_mem_6470536964353725183.dir: [29]
    ------------------------------------------------------------------
    Total:

D:\learnplace\ZZZ_LUNTUI\project\iar\Debug_m7_1\Obj\srom_13018798572330080582.dir: [30]
    cy_srom.o                           748       92       24
    ------------------------------------------------------------------
    Total:                              748       92       24

D:\learnplace\ZZZ_LUNTUI\project\iar\Debug_m7_1\Obj\startup_479057977785470282.dir: [31]
    startup.o                           516       24
    startup_cm7.o                       442               128
    ------------------------------------------------------------------
    Total:                              958       24      128

D:\learnplace\ZZZ_LUNTUI\project\iar\Debug_m7_1\Obj\sw_timer_4215635015939382130.dir: [32]
    ------------------------------------------------------------------
    Total:

D:\learnplace\ZZZ_LUNTUI\project\iar\Debug_m7_1\Obj\sysclk_16149231235676103872.dir: [33]
    cy_sysclk.o                       2'280      168       25
    ------------------------------------------------------------------
    Total:                            2'280      168       25

D:\learnplace\ZZZ_LUNTUI\project\iar\Debug_m7_1\Obj\sysflt_12293435975120599261.dir: [34]
    ------------------------------------------------------------------
    Total:

D:\learnplace\ZZZ_LUNTUI\project\iar\Debug_m7_1\Obj\sysint_7435970359207984181.dir: [35]
    cy_sysint.o                         172        8
    ------------------------------------------------------------------
    Total:                              172        8

D:\learnplace\ZZZ_LUNTUI\project\iar\Debug_m7_1\Obj\syslib_16330585751512546975.dir: [36]
    cy_syslib.o                         262               140
    cy_syslib_iar.o                      30
    ------------------------------------------------------------------
    Total:                              292               140

D:\learnplace\ZZZ_LUNTUI\project\iar\Debug_m7_1\Obj\syspm_10887939769544754770.dir: [37]
    ------------------------------------------------------------------
    Total:

D:\learnplace\ZZZ_LUNTUI\project\iar\Debug_m7_1\Obj\sysreghc_17676636058511625587.dir: [38]
    ------------------------------------------------------------------
    Total:

D:\learnplace\ZZZ_LUNTUI\project\iar\Debug_m7_1\Obj\sysreset_14586141425677365288.dir: [39]
    ------------------------------------------------------------------
    Total:

D:\learnplace\ZZZ_LUNTUI\project\iar\Debug_m7_1\Obj\sysrtc_10747768817563771611.dir: [40]
    ------------------------------------------------------------------
    Total:

D:\learnplace\ZZZ_LUNTUI\project\iar\Debug_m7_1\Obj\systick_16016591671695740695.dir: [41]
    ------------------------------------------------------------------
    Total:

D:\learnplace\ZZZ_LUNTUI\project\iar\Debug_m7_1\Obj\syswdt_9118657615806274156.dir: [42]
    ------------------------------------------------------------------
    Total:

D:\learnplace\ZZZ_LUNTUI\project\iar\Debug_m7_1\Obj\tcpwm_422923530147891246.dir: [43]
    cy_tcpwm.o                           12
    cy_tcpwm_counter.o                  430       20
    ------------------------------------------------------------------
    Total:                              442       20

D:\learnplace\ZZZ_LUNTUI\project\iar\Debug_m7_1\Obj\trigmux_9729677290734583340.dir: [44]
    ------------------------------------------------------------------
    Total:

D:\learnplace\ZZZ_LUNTUI\project\iar\Debug_m7_1\Obj\user_8514941877209965082.dir: [45]
    cm7_1_isr.o                         576
    main_cm7_1.o                        124
    ------------------------------------------------------------------
    Total:                              700

D:\learnplace\ZZZ_LUNTUI\project\iar\Debug_m7_1\Obj\zf_common_1201165462030747823.dir: [46]
    zf_common_clock.o                    28                 4
    zf_common_debug.o                 1'024      108       47
    zf_common_fifo.o                  1'552       64
    zf_common_font.o                           2'072
    zf_common_function.o                140       68
    zf_common_interrupt.o               226                 4
    ------------------------------------------------------------------
    Total:                            2'970    2'312       55

D:\learnplace\ZZZ_LUNTUI\project\iar\Debug_m7_1\Obj\zf_components_14936052685886095442.dir: [47]
    seekfree_assistant.o                124       72       44
    seekfree_assistant_interface.o      156
    ------------------------------------------------------------------
    Total:                              280       72       44

D:\learnplace\ZZZ_LUNTUI\project\iar\Debug_m7_1\Obj\zf_device_6570275422786408770.dir: [48]
    zf_device_ble6a20.o                 152       68       24
    zf_device_gnss.o                    276               413
    zf_device_ips200.o                3'244       64       14
    zf_device_tsl1401.o                 124               514
    zf_device_type.o                      2        1        8
    zf_device_wifi_spi.o              1'476      108    1'109
    zf_device_wifi_uart.o               460      112      172
    zf_device_wireless_uart.o           152       72       24
    ------------------------------------------------------------------
    Total:                            5'886      425    2'278

D:\learnplace\ZZZ_LUNTUI\project\iar\Debug_m7_1\Obj\zf_driver_11922370083829174090.dir: [49]
    zf_driver_adc.o                     116        1       84
    zf_driver_delay.o                   728        2        3
    zf_driver_flash.o                   516       64    2'049
    zf_driver_gpio.o                    272
    zf_driver_pit.o                     920        6       60
    zf_driver_pwm.o                      32
    zf_driver_spi.o                   2'916       65       20
    zf_driver_uart.o                  2'088       68      320
    ------------------------------------------------------------------
    Total:                            7'588      206    2'536

dl7M_tln.a: [50]
    abort.o                               6
    abs.o                                 8
    exit.o                                4
    heap0.o                             316                 8
    heaptramp0.o                          4
    printf.o                             40
    putchar.o                            32
    sprintf.o                            64
    strcat.o                             30
    strncmp.o                            42
    strstr.o                             44
    vla_alloc.o                          22
    vsnprint.o                           60
    xfail_s.o                            64                 4
    xgetmemchunk.o                       44                 4
    xprintffull_nomb.o                3'758
    xprout.o                             22
    xsnprout.o                           26
    xsprout.o                            10
    ------------------------------------------------------------------
    Total:                            4'596                16

m7M_tlv.a: [51]
    DblCmpGe.o                           52
    DblCmpLe.o                           52
    DblDiv.o                             18
    DblMul.o                             18
    DblSub.o                             18
    DblToS32.o                           14
    DblToU32.o                           14
    S32ToDbl.o                           14
    U32ToDbl.o                           14
    fpinit_M.o                           34
    frexp.o                             112
    ldexp.o                             260
    ------------------------------------------------------------------
    Total:                              620

rt7M_tl.a: [52]
    ABImemclr4.o                          6
    ABImemcpy.o                         166
    ABImemset.o                         102
    ABImemset48.o                        50
    I64DivMod.o                         560
    I64DivZer.o                           2
    I64Shl.o                             34
    cexit.o                              10
    cmain.o                              30
    cstartup_M.o                         28
    data_init.o                          40
    lz77_init_single.o                  126
    memchr.o                             88
    strchr.o                             22
    strlen.o                             54
    strncpy.o                           112
    zero_init3.o                         56
    ------------------------------------------------------------------
    Total:                            1'486

shb_l.a: [53]
    exit.o                               20
    ------------------------------------------------------------------
    Total:                               20

    Gaps                                 32        8       20
    Linker created                                32    9'216
----------------------------------------------------------------------
    Grand Total:                     48'366    8'567   18'169      516


*******************************************************************************
*** ENTRY LIST
***

Entry                       Address    Size  Type      Object
-----                       -------    ----  ----      ------
.iar.init_table$$Base   0x1028'd4b8           --   Gb  - Linker created -
.iar.init_table$$Limit  0x1028'd4d8           --   Gb  - Linker created -
?main                   0x1028'd581          Code  Gb  cmain.o [52]
Aldata                  0x2808'221c     0x8  Data  Lc  heap0.o [50]
BusFault_Handler        0x1028'dd7d          Code  Wk  startup_cm7.o [31]
CSTACK$$Base            0x280b'e000           --   Gb  - Linker created -
CSTACK$$Limit           0x280c'0000           --   Gb  - Linker created -
CopyVectorTable         0x1028'baf5    0x34  Code  Lc  startup.o [31]
CpuUserInt0_Handler     0x1028'bf5b    0x26  Code  Gb  cy_interrupt_map.o [23]
CpuUserInt10_Handler    0x1028'dd99          Code  Wk  startup_cm7.o [31]
CpuUserInt11_Handler    0x1028'dd9d          Code  Wk  startup_cm7.o [31]
CpuUserInt12_Handler    0x1028'dda1          Code  Wk  startup_cm7.o [31]
CpuUserInt13_Handler    0x1028'dda5          Code  Wk  startup_cm7.o [31]
CpuUserInt14_Handler    0x1028'dda9          Code  Wk  startup_cm7.o [31]
CpuUserInt15_Handler    0x1028'ddad          Code  Wk  startup_cm7.o [31]
CpuUserInt1_Handler     0x1028'bf81    0x26  Code  Gb  cy_interrupt_map.o [23]
CpuUserInt2_Handler     0x1028'bfa7    0x26  Code  Gb  cy_interrupt_map.o [23]
CpuUserInt3_Handler     0x1028'bfcd    0x26  Code  Gb  cy_interrupt_map.o [23]
CpuUserInt4_Handler     0x1028'bff3    0x26  Code  Gb  cy_interrupt_map.o [23]
CpuUserInt5_Handler     0x1028'c019    0x26  Code  Gb  cy_interrupt_map.o [23]
CpuUserInt6_Handler     0x1028'c03f    0x26  Code  Gb  cy_interrupt_map.o [23]
CpuUserInt7_Handler     0x1028'c065    0x26  Code  Gb  cy_interrupt_map.o [23]
CpuUserInt8_Handler     0x1028'dd91          Code  Wk  startup_cm7.o [31]
CpuUserInt9_Handler     0x1028'dd95          Code  Wk  startup_cm7.o [31]
Cy_DefaultUserHandler   0x1028'bf59     0x2  Code  Gb  cy_interrupt_map.o [23]
Cy_FlashHandler         0x1028'2847    0x34  Code  Lc  cy_mw_flash.o [13]
Cy_FlashInit            0x1028'287b    0x3c  Code  Gb  cy_mw_flash.o [13]
Cy_FlashSectorErase     0x1028'28b7    0x7e  Code  Gb  cy_mw_flash.o [13]
Cy_FlashWriteWork       0x1028'29c1    0xbc  Code  Gb  cy_mw_flash.o [13]
Cy_Flash_BlankCheck     0x1028'5ed3    0xb4  Code  Gb  cy_flash.o [12]
Cy_Flash_BoundsCheck    0x1028'5d89    0x24  Code  Gb  cy_flash.o [12]
Cy_Flash_CallSromApiForFlashWrite
                        0x1028'5b79    0x6a  Code  Lc  cy_flash.o [12]
Cy_Flash_EraseSector    0x1028'5e6b    0x68  Code  Gb  cy_flash.o [12]
Cy_Flash_IsWorkSmallSector
                        0x1028'5cdf    0x40  Code  Gb  cy_flash.o [12]
Cy_Flash_MainBoundsCheck
                        0x1028'5d1f    0x6a  Code  Gb  cy_flash.o [12]
Cy_Flash_ProcessOpcode  0x1028'5dad    0xbe  Code  Gb  cy_flash.o [12]
Cy_Flash_ProgramRow     0x1028'5be3    0x92  Code  Gb  cy_flash.o [12]
Cy_Flash_WorkBoundsCheck
                        0x1028'5c75    0x6a  Code  Gb  cy_flash.o [12]
Cy_Flashc_GetMainBankMode
                        0x1028'5b57     0xe  Code  Lc  cy_flash.o [12]
Cy_Flashc_GetWorkBankMode
                        0x1028'5b49     0xe  Code  Lc  cy_flash.o [12]
Cy_Flashc_InvalidateFlashCacheBuffer
                        0x1028'5b65    0x14  Code  Lc  cy_flash.o [12]
Cy_Flashc_InvalidateFlashCacheBuffer
                        0x1028'281b    0x14  Code  Lc  cy_mw_flash.o [13]
Cy_Flashc_MainWriteEnable
                        0x1028'282f     0xc  Code  Lc  cy_mw_flash.o [13]
Cy_Flashc_WorkWriteEnable
                        0x1028'283b     0xc  Code  Lc  cy_mw_flash.o [13]
Cy_GPIO_ClearInterrupt  0x1028'800b     0xe  Code  Lc  cy_gpio.o [14]
Cy_GPIO_Clr             0x1028'6011     0xa  Code  Lc  zf_driver_gpio.o [49]
Cy_GPIO_Pin_Init        0x1028'804f    0x72  Code  Gb  cy_gpio.o [14]
Cy_GPIO_Read            0x1028'5ffd     0xa  Code  Lc  zf_driver_gpio.o [49]
Cy_GPIO_Set             0x1028'6007     0xa  Code  Lc  zf_driver_gpio.o [49]
Cy_GPIO_SetDriveSel     0x1028'7fed    0x1e  Code  Lc  cy_gpio.o [14]
Cy_GPIO_SetDrivemode    0x1028'7f9d    0x1c  Code  Lc  cy_gpio.o [14]
Cy_GPIO_SetHSIOM        0x1028'7f39    0x4c  Code  Lc  cy_gpio.o [14]
Cy_GPIO_SetInterruptEdge
                        0x1028'8033    0x1c  Code  Lc  cy_gpio.o [14]
Cy_GPIO_SetInterruptMask
                        0x1028'8019    0x1a  Code  Lc  cy_gpio.o [14]
Cy_GPIO_SetSlewRate     0x1028'7fd3    0x1a  Code  Lc  cy_gpio.o [14]
Cy_GPIO_SetVtrip        0x1028'7fb9    0x1a  Code  Lc  cy_gpio.o [14]
Cy_GPIO_Write           0x1028'7f85    0x18  Code  Lc  cy_gpio.o [14]
Cy_IPC_Drv_AcquireNotify
                        0x1028'84ad     0xc  Code  Lc  cy_ipc_drv.o [15]
Cy_IPC_Drv_ClearInterrupt
                        0x1028'573f    0x14  Code  Lc  cy_srom.o [30]
Cy_IPC_Drv_GetInterruptStatusMasked
                        0x1028'573b     0x4  Code  Lc  cy_srom.o [30]
Cy_IPC_Drv_GetIntrBaseAddr
                        0x1028'56f5    0x34  Code  Lc  cy_srom.o [30]
Cy_IPC_Drv_IsLockAcquired
                        0x1028'5753     0x8  Code  Lc  cy_srom.o [30]
Cy_IPC_Drv_LockAcquire  0x1028'84c1    0x10  Code  Gb  cy_ipc_drv.o [15]
Cy_IPC_Drv_SendMsgWord_2
                        0x1028'84d1    0x34  Code  Gb  cy_ipc_drv.o [15]
Cy_IPC_Drv_SetInterruptMask
                        0x1028'5729    0x12  Code  Lc  cy_srom.o [30]
Cy_IPC_Drv_WriteData1Value
                        0x1028'84bd     0x4  Code  Lc  cy_ipc_drv.o [15]
Cy_IPC_Drv_WriteDataValue
                        0x1028'84b9     0x4  Code  Lc  cy_ipc_drv.o [15]
Cy_RestoreIRQ           0x1028'bcb1          Code  Gb  startup_cm7.o [31]
Cy_SCB_ClearRxFifo      0x1028'6117    0x1e  Code  Lc  zf_driver_spi.o [49]
Cy_SCB_ClearRxInterrupt
                        0x1028'b2c3     0xa  Code  Lc  cm7_1_isr.o [45]
Cy_SCB_ClearTxInterrupt
                        0x1028'b2d3     0xa  Code  Lc  cm7_1_isr.o [45]
Cy_SCB_GetFifoSize      0x1028'6171    0x12  Code  Lc  zf_driver_spi.o [49]
Cy_SCB_GetNumInRxFifo   0x1028'610d     0xa  Code  Lc  zf_driver_spi.o [49]
Cy_SCB_GetNumInRxFifo   0x1028'4f8b     0xa  Code  Lc  zf_driver_uart.o [49]
Cy_SCB_GetNumInTxFifo   0x1028'613b     0xa  Code  Lc  zf_driver_spi.o [49]
Cy_SCB_GetNumInTxFifo   0x1028'4f9b     0xa  Code  Lc  zf_driver_uart.o [49]
Cy_SCB_GetRxInterruptMask
                        0x1028'b2bd     0x6  Code  Lc  cm7_1_isr.o [45]
Cy_SCB_GetRxInterruptMask
                        0x1028'4fd7     0x6  Code  Lc  zf_driver_uart.o [49]
Cy_SCB_GetTxInterruptMask
                        0x1028'b2cd     0x6  Code  Lc  cm7_1_isr.o [45]
Cy_SCB_GetTxInterruptMask
                        0x1028'4fe3     0x6  Code  Lc  zf_driver_uart.o [49]
Cy_SCB_GetTxSrValid     0x1028'6145     0xa  Code  Lc  zf_driver_spi.o [49]
Cy_SCB_GetTxSrValid     0x1028'4fa5     0xa  Code  Lc  zf_driver_uart.o [49]
Cy_SCB_IsTxComplete     0x1028'614f    0x22  Code  Lc  zf_driver_spi.o [49]
Cy_SCB_IsTxComplete     0x1028'4faf    0x22  Code  Lc  zf_driver_uart.o [49]
Cy_SCB_ReadRxFifo       0x1028'4f85     0x6  Code  Lc  zf_driver_uart.o [49]
Cy_SCB_SPI_ClearRxFifo  0x1028'61a1     0x8  Code  Lc  zf_driver_spi.o [49]
Cy_SCB_SPI_Enable       0x1028'6183     0xa  Code  Lc  zf_driver_spi.o [49]
Cy_SCB_SPI_GetNumInRxFifo
                        0x1028'6199     0x8  Code  Lc  zf_driver_spi.o [49]
Cy_SCB_SPI_Init         0x1028'8545   0x1d8  Code  Gb  cy_scb_spi.o [24]
Cy_SCB_SPI_SetActiveSlaveSelect
                        0x1028'618d     0xc  Code  Lc  zf_driver_spi.o [49]
Cy_SCB_SetRxInterruptMask
                        0x1028'4fd1     0x6  Code  Lc  zf_driver_uart.o [49]
Cy_SCB_SetTxInterruptMask
                        0x1028'4fdd     0x6  Code  Lc  zf_driver_uart.o [49]
Cy_SCB_UART_DeInit      0x1028'8351    0x5c  Code  Gb  cy_scb_uart.o [24]
Cy_SCB_UART_Enable      0x1028'4fe9     0xa  Code  Lc  zf_driver_uart.o [49]
Cy_SCB_UART_Init        0x1028'80cd   0x284  Code  Gb  cy_scb_uart.o [24]
Cy_SCB_WriteTxFifo      0x1028'6135     0x6  Code  Lc  zf_driver_spi.o [49]
Cy_SCB_WriteTxFifo      0x1028'4f95     0x6  Code  Lc  zf_driver_uart.o [49]
Cy_SaveIRQ              0x1028'bca9          Code  Gb  startup_cm7.o [31]
Cy_Srom_CallApi         0x1028'575b    0xb8  Code  Gb  cy_srom.o [30]
Cy_Srom_CallApi_NonBlock
                        0x1028'5813    0x66  Code  Gb  cy_srom.o [30]
Cy_Srom_ConvertRespToStatus
                        0x1028'58df    0x1e  Code  Gb  cy_srom.o [30]
Cy_Srom_GetApiResponse  0x1028'58a9    0x36  Code  Gb  cy_srom.o [30]
Cy_Srom_GetResponseType
                        0x1028'5879    0x30  Code  Gb  cy_srom.o [30]
Cy_Srom_ISR_ResponseIPC
                        0x1028'5959    0x58  Code  Lc  cy_srom.o [30]
Cy_Srom_SetResponseHandler
                        0x1028'58fd    0x5a  Code  Gb  cy_srom.o [30]
Cy_SysClk_CheckDividerExisting
                        0x1028'3851    0x2a  Code  Lc  zf_driver_delay.o [49]
Cy_SysClk_CheckDividerExisting
                        0x1028'af25    0x2c  Code  Lc  zf_driver_pit.o [49]
Cy_SysClk_CheckDividerExisting
                        0x1028'61a9    0x2c  Code  Lc  zf_driver_spi.o [49]
Cy_SysClk_CheckDividerExisting
                        0x1028'4de1    0x2c  Code  Lc  zf_driver_uart.o [49]
Cy_SysClk_ClkPathGetSource
                        0x1028'99f1    0x54  Code  Gb  cy_sysclk.o [33]
Cy_SysClk_EcoGetStatus  0x1028'987d    0x1a  Code  Lc  cy_sysclk.o [33]
Cy_SysClk_Fast0ClkGetDivider
                        0x1028'99c5    0x16  Code  Lc  cy_sysclk.o [33]
Cy_SysClk_Fast1ClkGetDivider
                        0x1028'99db    0x16  Code  Lc  cy_sysclk.o [33]
Cy_SysClk_FllGetConfiguration
                        0x1028'9a4d    0x7e  Code  Gb  cy_sysclk.o [33]
Cy_SysClk_FllGetLockStatus
                        0x1028'9897     0xc  Code  Lc  cy_sysclk.o [33]
Cy_SysClk_GetClockGroup
                        0x1028'38f9     0x8  Code  Lc  zf_driver_delay.o [49]
Cy_SysClk_GetClockGroup
                        0x1028'afd3     0x8  Code  Lc  zf_driver_pit.o [49]
Cy_SysClk_GetClockGroup
                        0x1028'628d     0x8  Code  Lc  zf_driver_spi.o [49]
Cy_SysClk_GetClockGroup
                        0x1028'4ec5     0x8  Code  Lc  zf_driver_uart.o [49]
Cy_SysClk_GetCoreFrequency
                        0x1028'a111    0x2a  Code  Gb  cy_sysclk.o [33]
Cy_SysClk_GetEcoFrequency
                        0x1028'9c19    0x32  Code  Gb  cy_sysclk.o [33]
Cy_SysClk_GetExtFrequency
                        0x1028'9c4d    0x1e  Code  Gb  cy_sysclk.o [33]
Cy_SysClk_GetFast0Frequency
                        0x1028'a065    0x56  Code  Gb  cy_sysclk.o [33]
Cy_SysClk_GetFast1Frequency
                        0x1028'a0bb    0x56  Code  Gb  cy_sysclk.o [33]
Cy_SysClk_GetFllInputFrequency
                        0x1028'9d6d     0xc  Code  Gb  cy_sysclk.o [33]
Cy_SysClk_GetFllOutputFrequency
                        0x1028'9d95    0x78  Code  Gb  cy_sysclk.o [33]
Cy_SysClk_GetHfClkFrequency
                        0x1028'9fe7    0x7a  Code  Gb  cy_sysclk.o [33]
Cy_SysClk_GetIlo0Frequency
                        0x1028'9c6b    0x32  Code  Gb  cy_sysclk.o [33]
Cy_SysClk_GetIlo1Frequency
[...]
gps_gga_buffer          0x2808'1e48    0x80  Data  Lc  zf_device_gnss.o [48]
gps_rmc_buffer          0x2808'1ec8    0x80  Data  Lc  zf_device_gnss.o [48]
gps_ths_buffer          0x2808'1f48    0x80  Data  Lc  zf_device_gnss.o [48]
intFreqInitialized      0x2808'2266     0x1  Data  Gb  cy_sysclk.o [33]
internalBaseFreqInfo    0x2808'20c0    0x18  Data  Gb  cy_sysclk.o [33]
interrupt_global_disable
                        0x1028'5675    0x14  Code  Gb  zf_common_interrupt.o [46]
interrupt_global_enable
                        0x1028'5665    0x10  Code  Gb  zf_common_interrupt.o [46]
interrupt_global_flag   0x2808'224c     0x4  Data  Lc  zf_common_interrupt.o [46]
interrupt_init          0x1028'56b5    0x36  Code  Gb  zf_common_interrupt.o [46]
interrupt_set_priority  0x1028'56a9     0xc  Code  Gb  zf_common_interrupt.o [46]
ips200_bgcolor          0x2808'078e     0x2  Data  Lc  zf_device_ips200.o [48]
ips200_clear            0x1028'8cd9    0x92  Code  Gb  zf_device_ips200.o [48]
ips200_debug_init       0x1028'8c6f    0x68  Code  Lc  zf_device_ips200.o [48]
ips200_display_dir      0x2808'2274     0x1  Data  Lc  zf_device_ips200.o [48]
ips200_display_font     0x2808'0797     0x1  Data  Lc  zf_device_ips200.o [48]
ips200_display_type     0x2808'2273     0x1  Data  Lc  zf_device_ips200.o [48]
ips200_draw_line        0x1028'8e45   0x23e  Code  Gb  zf_device_ips200.o [48]
ips200_draw_point       0x1028'8db7    0x8a  Code  Gb  zf_device_ips200.o [48]
ips200_height_max       0x2808'078a     0x2  Data  Gb  zf_device_ips200.o [48]
ips200_init             0x1028'937d   0x34a  Code  Gb  zf_device_ips200.o [48]
ips200_pencolor         0x2808'078c     0x2  Data  Lc  zf_device_ips200.o [48]
ips200_set_color        0x1028'8da9     0xe  Code  Gb  zf_device_ips200.o [48]
ips200_set_dir          0x1028'8d6b    0x3e  Code  Gb  zf_device_ips200.o [48]
ips200_set_region       0x1028'8ba9    0xc6  Code  Lc  zf_device_ips200.o [48]
ips200_show_char        0x1028'9089   0x206  Code  Gb  zf_device_ips200.o [48]
ips200_show_string      0x1028'9291    0xaa  Code  Gb  zf_device_ips200.o [48]
ips200_width_max        0x2808'0788     0x2  Data  Gb  zf_device_ips200.o [48]
ips200_write_16bit_data
                        0x1028'8af3    0x54  Code  Gb  zf_device_ips200.o [48]
ips200_write_16bit_data_array
                        0x1028'8b47    0x62  Code  Lc  zf_device_ips200.o [48]
ips200_write_8bit_data  0x1028'8ab5    0x3e  Code  Lc  zf_device_ips200.o [48]
ips200_write_command    0x1028'8a57    0x5e  Code  Lc  zf_device_ips200.o [48]
ips200_write_data       0x1028'8a4d     0xa  Code  Lc  zf_device_ips200.o [48]
ips_bl_pin              0x2808'0799     0x1  Data  Lc  zf_device_ips200.o [48]
ips_cs_pin              0x2808'079a     0x1  Data  Lc  zf_device_ips200.o [48]
ips_rst_pin             0x2808'0798     0x1  Data  Lc  zf_device_ips200.o [48]
k_page2_items           0x1028'c0d4   0x150  Data  Lc  screen_display.o [5]
k_page3_items           0x1028'c224    0xcc  Data  Lc  screen_display.o [5]
ldexp                   0x1028'88d1          Code  Gb  ldexp.o [51]
ldexpl                  0x1028'88d1          Code  Gb  ldexp.o [51]
main                    0x1028'c585    0x7c  Code  Gb  main_cm7_1.o [45]
memchr                  0x1028'878d          Code  Gb  memchr.o [52]
motor_value             0x2808'21b0    0x14  Data  Gb  small_driver_uart_control.o [5]
pit0_ch0_isr            0x1028'b2fd     0xa  Code  Gb  cm7_1_isr.o [45]
pit0_ch10_isr           0x1028'b31b     0xa  Code  Gb  cm7_1_isr.o [45]
pit0_ch11_isr           0x1028'b325     0xa  Code  Gb  cm7_1_isr.o [45]
pit0_ch12_isr           0x1028'b32f     0xa  Code  Gb  cm7_1_isr.o [45]
pit0_ch13_isr           0x1028'b339     0xa  Code  Gb  cm7_1_isr.o [45]
pit0_ch14_isr           0x1028'b343     0xa  Code  Gb  cm7_1_isr.o [45]
pit0_ch15_isr           0x1028'b34d     0xe  Code  Gb  cm7_1_isr.o [45]
pit0_ch16_isr           0x1028'b35b    0x10  Code  Gb  cm7_1_isr.o [45]
pit0_ch17_isr           0x1028'b36b    0x10  Code  Gb  cm7_1_isr.o [45]
pit0_ch18_isr           0x1028'b37b     0xa  Code  Gb  cm7_1_isr.o [45]
pit0_ch19_isr           0x1028'b385     0xa  Code  Gb  cm7_1_isr.o [45]
pit0_ch1_isr            0x1028'b307     0xa  Code  Gb  cm7_1_isr.o [45]
pit0_ch20_isr           0x1028'b38f     0xa  Code  Gb  cm7_1_isr.o [45]
pit0_ch21_isr           0x1028'b399     0xe  Code  Gb  cm7_1_isr.o [45]
pit0_ch2_isr            0x1028'b311     0xa  Code  Gb  cm7_1_isr.o [45]
pit_init                0x1028'b0b9   0x1ee  Code  Gb  zf_driver_pit.o [49]
pit_isr_flag_clear      0x1028'b08f    0x2a  Code  Gb  zf_driver_pit.o [49]
pit_isr_func            0x2808'0714    0x3c  Data  Gb  zf_driver_pit.o [49]
printf                  0x1028'3159    0x28  Code  Gb  printf.o [50]
programSizeBytesLut     0x1028'd7a4    0x14  Data  Lc  cy_flash.o [12]
putchar                 0x1028'd539    0x20  Code  Gb  putchar.o [50]
pwm_all_channel_close   0x1028'83e1    0x1a  Code  Gb  zf_driver_pwm.o [49]
sar_adc                 0x2808'0708     0xc  Data  Lc  zf_driver_adc.o [49]
scalbln                 0x1028'88d1          Code  Gb  ldexp.o [51]
scalblnl                0x1028'88d1          Code  Gb  ldexp.o [51]
scalbn                  0x1028'88d1          Code  Gb  ldexp.o [51]
scalbnl                 0x1028'88d1          Code  Gb  ldexp.o [51]
scale                   0x1028'7a51    0x46  Code  Lc  xprintffull_nomb.o [50]
scb_module              0x2808'0774    0x14  Data  Gb  zf_driver_uart.o [49]
screen_display_init     0x1028'a1d9    0x26  Code  Gb  screen_display.o [5]
screen_display_process  0x1028'a7e9    0x80  Code  Gb  screen_display.o [5]
screen_display_process{1}{2}::debounce_cnt
                        0x2808'2269     0x1  Data  Lc  screen_display.o [5]
screen_display_process{1}{2}::last_btn_state
                        0x2808'0793     0x1  Data  Lc  screen_display.o [5]
screen_get_param_values
                        0x1028'a165    0x18  Code  Lc  screen_display.o [5]
screen_show_param_items
                        0x1028'a17d    0x5c  Code  Lc  screen_display.o [5]
sec_hand                0x2808'2258     0x4  Data  Lc  xfail_s.o [50]
seekfree_assistant_interface_init
                        0x1028'3b29    0x94  Code  Wk  seekfree_assistant_interface.o [47]
seekfree_assistant_oscilloscope_data
                        0x2808'2080    0x24  Data  Gb  seekfree_assistant.o [47]
seekfree_assistant_oscilloscope_send
                        0x1028'4cad    0x5c  Code  Gb  seekfree_assistant.o [47]
seekfree_assistant_receive
                        0x1028'dd71     0x4  Code  Wk  seekfree_assistant_interface.o [47]
seekfree_assistant_receive_callback
                        0x2808'06f4     0x4  Data  Gb  seekfree_assistant.o [47]
seekfree_assistant_sum  0x1028'4c95    0x18  Code  Lc  seekfree_assistant.o [47]
seekfree_assistant_transfer
                        0x1028'dd6d     0x4  Code  Wk  seekfree_assistant_interface.o [47]
seekfree_assistant_transfer_callback
                        0x2808'06f0     0x4  Data  Gb  seekfree_assistant.o [47]
show_page_1             0x1028'a1ff   0x37e  Code  Gb  screen_display.o [5]
show_page_2             0x1028'a57d    0xe8  Code  Gb  screen_display.o [5]
show_page_3             0x1028'a665   0x156  Code  Gb  screen_display.o [5]
spi_get_clk_hsiom       0x1028'6409    0x28  Code  Lc  zf_driver_spi.o [49]
spi_get_clk_pin         0x1028'634d    0x28  Code  Lc  zf_driver_spi.o [49]
spi_get_cs_hsiom        0x1028'6481    0x44  Code  Lc  zf_driver_spi.o [49]
spi_get_cs_pin          0x1028'63c5    0x44  Code  Lc  zf_driver_spi.o [49]
spi_get_miso_hsiom      0x1028'6459    0x28  Code  Lc  zf_driver_spi.o [49]
spi_get_miso_pin        0x1028'639d    0x28  Code  Lc  zf_driver_spi.o [49]
spi_get_mosi_hsiom      0x1028'6431    0x28  Code  Lc  zf_driver_spi.o [49]
spi_get_mosi_pin        0x1028'6375    0x28  Code  Lc  zf_driver_spi.o [49]
spi_init                0x1028'69a5   0x2b2  Code  Gb  zf_driver_spi.o [49]
spi_module              0x2808'0750    0x10  Data  Gb  zf_driver_spi.o [49]
spi_transfer_8bit       0x1028'68d5    0xc8  Code  Gb  zf_driver_spi.o [49]
spi_write_16bit         0x1028'6761    0xaa  Code  Gb  zf_driver_spi.o [49]
spi_write_16bit_array   0x1028'680b    0xb6  Code  Gb  zf_driver_spi.o [49]
spi_write_8bit          0x1028'6601    0xaa  Code  Gb  zf_driver_spi.o [49]
spi_write_8bit_array    0x1028'66ab    0xb6  Code  Gb  zf_driver_spi.o [49]
sprintf                 0x1028'4d11    0x40  Code  Gb  sprintf.o [50]
strcat                  0x1028'4d87    0x1e  Code  Gb  strcat.o [50]
strchr                  0x1028'8735          Code  Gb  strchr.o [52]
strlen                  0x1028'4d51          Code  Gb  strlen.o [52]
strncmp                 0x1028'b701    0x2a  Code  Gb  strncmp.o [50]
strncpy                 0x1028'59e1          Code  Gb  strncpy.o [52]
strstr                  0x1028'be85    0x2c  Code  Gb  strstr.o [50]
switch_transition_length
                        0x1028'64c5   0x13c  Code  Lc  zf_driver_spi.o [49]
system_clock            0x2808'2248     0x4  Data  Gb  zf_common_clock.o [46]
system_delay_init       0x1028'3a69    0xa6  Code  Gb  zf_driver_delay.o [49]
system_delay_ms         0x1028'3a0b    0x5e  Code  Gb  zf_driver_delay.o [49]
system_delay_us         0x1028'39b5    0x56  Code  Gb  zf_driver_delay.o [49]
timer_ch                0x2808'079b     0x1  Data  Lc  zf_driver_delay.o [49]
tsl1401_collect_pit_handler
                        0x1028'b4fd    0x68  Code  Gb  zf_device_tsl1401.o [48]
tsl1401_data            0x2808'179c   0x200  Data  Gb  zf_device_tsl1401.o [48]
tsl1401_finish_flag     0x2808'2276     0x1  Data  Gb  zf_device_tsl1401.o [48]
tsl1401_init_state      0x2808'2275     0x1  Data  Lc  zf_device_tsl1401.o [48]
type_default_callback   0x1028'ddb1     0x2  Code  Lc  zf_device_type.o [48]
uart0_isr               0x1028'b3a7    0x40  Code  Gb  cm7_1_isr.o [45]
uart1_isr               0x1028'b3e7    0x42  Code  Gb  cm7_1_isr.o [45]
uart2_isr               0x1028'b429    0x40  Code  Gb  cm7_1_isr.o [45]
uart3_isr               0x1028'b469    0x3c  Code  Gb  cm7_1_isr.o [45]
uart4_isr               0x1028'b4a5    0x42  Code  Gb  cm7_1_isr.o [45]
uart_context            0x2808'199c   0x118  Data  Gb  zf_driver_uart.o [49]
uart_data_fifo          0x2808'20f0    0x18  Data  Gb  vofa_protocol.o [5]
uart_get_data           0x2808'1ab4   0x100  Data  Lc  vofa_protocol.o [5]
uart_init               0x1028'5431   0x190  Code  Gb  zf_driver_uart.o [49]
uart_isr_func           0x2808'0760    0x14  Data  Gb  zf_driver_uart.o [49]
uart_query_byte         0x1028'51e5    0x32  Code  Gb  zf_driver_uart.o [49]
uart_receiver_handler   0x2808'0704     0x4  Data  Gb  zf_device_type.o [48]
uart_rx_interrupt       0x1028'5333    0xfe  Code  Gb  zf_driver_uart.o [49]
uart_rx_interrupt_handler
                        0x1028'b2dd    0x20  Code  Gb  cm7_1_isr.o [45]
uart_tx_interrupt       0x1028'5217   0x11c  Code  Gb  zf_driver_uart.o [49]
uart_write_buffer       0x1028'51ab    0x1e  Code  Gb  zf_driver_uart.o [49]
uart_write_byte         0x1028'5183    0x28  Code  Gb  zf_driver_uart.o [49]
uart_write_string       0x1028'51c9    0x1c  Code  Gb  zf_driver_uart.o [49]
vsnprintf               0x1028'4da5    0x3c  Code  Gb  vsnprint.o [50]
wave_format             0x2808'0795     0x1  Data  Gb  wifi.o [5]
wifi_auto_reconnect_task
                        0x1028'1ec1    0x86  Code  Gb  wifi.o [5]
wifi_data_fifo          0x2808'2108    0x18  Data  Gb  wifi.o [5]
wifi_error_count        0x2808'2260     0x2  Data  Lc  wifi.o [5]
wifi_fifo_buffer        0x2808'139c   0x200  Data  Lc  wifi.o [5]
wifi_init               0x1028'1d6d    0xf2  Code  Gb  wifi.o [5]
wifi_is_connected       0x2808'226b     0x1  Data  Gb  wifi.o [5]
wifi_parse_buffer       0x2808'159c   0x200  Data  Lc  wifi.o [5]
wifi_process_loop       0x1028'1e5f    0x62  Code  Gb  wifi.o [5]
wifi_reconnect_cooldown
                        0x2808'2262     0x2  Data  Lc  wifi.o [5]
wifi_report_task        0x1028'1f4d   0x386  Code  Gb  wifi.o [5]
wifi_spi_buffer         0x2808'0f9c   0x400  Data  Lc  zf_device_wifi_spi.o [48]
wifi_spi_fifo           0x2808'2168    0x18  Data  Lc  zf_device_wifi_spi.o [48]
wifi_spi_get_ip_addr_port
                        0x1028'2de5    0x50  Code  Lc  zf_device_wifi_spi.o [48]
wifi_spi_get_mac_addr   0x1028'2d95    0x50  Code  Lc  zf_device_wifi_spi.o [48]
wifi_spi_get_parameter  0x1028'2d01    0x44  Code  Lc  zf_device_wifi_spi.o [48]
wifi_spi_get_version    0x1028'2d45    0x50  Code  Lc  zf_device_wifi_spi.o [48]
wifi_spi_init           0x1028'308b    0x98  Code  Gb  zf_device_wifi_spi.o [48]
wifi_spi_ip_addr_port   0x2808'20a4    0x1c  Data  Gb  zf_device_wifi_spi.o [48]
wifi_spi_mac_addr       0x2808'21d8    0x14  Data  Gb  zf_device_wifi_spi.o [48]
wifi_spi_mutex          0x2808'2277     0x1  Data  Lc  zf_device_wifi_spi.o [48]
wifi_spi_read_buffer    0x1028'2ffb    0x90  Code  Gb  zf_device_wifi_spi.o [48]
wifi_spi_receive_data   0x2808'1cb4   0x100  Data  Gb  wifi.o [5]
wifi_spi_send_buffer    0x1028'2f33    0xc8  Code  Gb  zf_device_wifi_spi.o [48]
wifi_spi_set_parameter  0x1028'2ca1    0x60  Code  Lc  zf_device_wifi_spi.o [48]
wifi_spi_socket_connect
                        0x1028'2e73    0x32  Code  Gb  zf_device_wifi_spi.o [48]
wifi_spi_transfer_command
                        0x1028'2bfb    0x3a  Code  Lc  zf_device_wifi_spi.o [48]
wifi_spi_transfer_data  0x1028'2c35    0x6c  Code  Lc  zf_device_wifi_spi.o [48]
wifi_spi_udp_send_now   0x1028'2ea5    0x8e  Code  Gb  zf_device_wifi_spi.o [48]
wifi_spi_version        0x2808'2210     0xc  Data  Gb  zf_device_wifi_spi.o [48]
wifi_spi_wait_idle      0x1028'2b95    0x2e  Code  Lc  zf_device_wifi_spi.o [48]
wifi_spi_wifi_connect   0x1028'2e35    0x3e  Code  Gb  zf_device_wifi_spi.o [48]
wifi_spi_write          0x1028'2bc3    0x38  Code  Lc  zf_device_wifi_spi.o [48]
wifi_uart_clear_receive_buffer
                        0x1028'bd27     0xc  Code  Lc  zf_device_wifi_uart.o [48]
wifi_uart_fifo          0x2808'2180    0x18  Data  Lc  zf_device_wifi_uart.o [48]
wifi_uart_information   0x2808'1db4    0x94  Data  Gb  zf_device_wifi_uart.o [48]
wifi_uart_read_buffer   0x1028'be35    0x2e  Code  Gb  zf_device_wifi_uart.o [48]
wifi_uart_send_buffer   0x1028'bd3d    0xf2  Code  Gb  zf_device_wifi_uart.o [48]
wifi_uart_wait_ack      0x1028'bcb9    0x6e  Code  Lc  zf_device_wifi_uart.o [48]
wireless_module_uart_handler
                        0x2808'0700     0x4  Data  Gb  zf_device_type.o [48]
wireless_uart_fifo      0x2808'2198    0x18  Data  Lc  zf_device_wireless_uart.o [48]
wireless_uart_read_buffer
                        0x1028'c551    0x2c  Code  Gb  zf_device_wireless_uart.o [48]
wireless_uart_send_buffer
                        0x1028'c4ed    0x64  Code  Gb  zf_device_wireless_uart.o [48]
zf_debug_assert_enable  0x2808'0796     0x1  Data  Lc  zf_common_debug.o [46]
zf_debug_init_flag      0x2808'226c     0x1  Data  Lc  zf_common_debug.o [46]


[1] = D:\learnplace\ZZZ_LUNTUI\project\iar\Debug_m7_1\Obj\adc_11722776235721520015.dir
[2] = D:\learnplace\ZZZ_LUNTUI\project\iar\Debug_m7_1\Obj\audioss_1346650047966882938.dir
[3] = D:\learnplace\ZZZ_LUNTUI\project\iar\Debug_m7_1\Obj\button_4990804375159372270.dir
[4] = D:\learnplace\ZZZ_LUNTUI\project\iar\Debug_m7_1\Obj\canfd_1800690984773873875.dir
[5] = D:\learnplace\ZZZ_LUNTUI\project\iar\Debug_m7_1\Obj\code_17896468042025673432.dir
[6] = D:\learnplace\ZZZ_LUNTUI\project\iar\Debug_m7_1\Obj\cpu_15938736945165268644.dir
[7] = D:\learnplace\ZZZ_LUNTUI\project\iar\Debug_m7_1\Obj\crypto_1190170608956581615.dir
[8] = D:\learnplace\ZZZ_LUNTUI\project\iar\Debug_m7_1\Obj\dma_12106025507578611576.dir
[9] = D:\learnplace\ZZZ_LUNTUI\project\iar\Debug_m7_1\Obj\eth_phy_18133017486186456677.dir
[10] = D:\learnplace\ZZZ_LUNTUI\project\iar\Debug_m7_1\Obj\ethernet_6029839089178797009.dir
[11] = D:\learnplace\ZZZ_LUNTUI\project\iar\Debug_m7_1\Obj\evtgen_3404189088603873129.dir
[12] = D:\learnplace\ZZZ_LUNTUI\project\iar\Debug_m7_1\Obj\flash_8529866181315662935.dir
[13] = D:\learnplace\ZZZ_LUNTUI\project\iar\Debug_m7_1\Obj\flash_864493325053435817.dir
[14] = D:\learnplace\ZZZ_LUNTUI\project\iar\Debug_m7_1\Obj\gpio_3999404635324069351.dir
[15] = D:\learnplace\ZZZ_LUNTUI\project\iar\Debug_m7_1\Obj\ipc_10145506163450686023.dir
[16] = D:\learnplace\ZZZ_LUNTUI\project\iar\Debug_m7_1\Obj\lin_18429031207028094880.dir
[17] = D:\learnplace\ZZZ_LUNTUI\project\iar\Debug_m7_1\Obj\lvd_6353935867039560245.dir
[18] = D:\learnplace\ZZZ_LUNTUI\project\iar\Debug_m7_1\Obj\mcwdt_4052485907822033969.dir
[19] = D:\learnplace\ZZZ_LUNTUI\project\iar\Debug_m7_1\Obj\mpu_5663187252346826382.dir
[20] = D:\learnplace\ZZZ_LUNTUI\project\iar\Debug_m7_1\Obj\power_14453085144426420577.dir
[21] = D:\learnplace\ZZZ_LUNTUI\project\iar\Debug_m7_1\Obj\prot_10722960861768657883.dir
[22] = D:\learnplace\ZZZ_LUNTUI\project\iar\Debug_m7_1\Obj\rev_b_4986922561640112550.dir
[23] = D:\learnplace\ZZZ_LUNTUI\project\iar\Debug_m7_1\Obj\rev_b_6162237342861132223.dir
[24] = D:\learnplace\ZZZ_LUNTUI\project\iar\Debug_m7_1\Obj\scb_15490842639181808494.dir
[25] = D:\learnplace\ZZZ_LUNTUI\project\iar\Debug_m7_1\Obj\sd_host_2982766354293506895.dir
[26] = D:\learnplace\ZZZ_LUNTUI\project\iar\Debug_m7_1\Obj\semihosting_143864889731838620.dir
[27] = D:\learnplace\ZZZ_LUNTUI\project\iar\Debug_m7_1\Obj\smartio_5451710003740070188.dir
[28] = D:\learnplace\ZZZ_LUNTUI\project\iar\Debug_m7_1\Obj\smif_427648126384146252.dir
[29] = D:\learnplace\ZZZ_LUNTUI\project\iar\Debug_m7_1\Obj\smif_mem_6470536964353725183.dir
[30] = D:\learnplace\ZZZ_LUNTUI\project\iar\Debug_m7_1\Obj\srom_13018798572330080582.dir
[31] = D:\learnplace\ZZZ_LUNTUI\project\iar\Debug_m7_1\Obj\startup_479057977785470282.dir
[32] = D:\learnplace\ZZZ_LUNTUI\project\iar\Debug_m7_1\Obj\sw_timer_4215635015939382130.dir
[33] = D:\learnplace\ZZZ_LUNTUI\project\iar\Debug_m7_1\Obj\sysclk_16149231235676103872.dir
[34] = D:\learnplace\ZZZ_LUNTUI\project\iar\Debug_m7_1\Obj\sysflt_12293435975120599261.dir
[35] = D:\learnplace\ZZZ_LUNTUI\project\iar\Debug_m7_1\Obj\sysint_7435970359207984181.dir
[36] = D:\learnplace\ZZZ_LUNTUI\project\iar\Debug_m7_1\Obj\syslib_16330585751512546975.dir
[37] = D:\learnplace\ZZZ_LUNTUI\project\iar\Debug_m7_1\Obj\syspm_10887939769544754770.dir
[38] = D:\learnplace\ZZZ_LUNTUI\project\iar\Debug_m7_1\Obj\sysreghc_17676636058511625587.dir
[39] = D:\learnplace\ZZZ_LUNTUI\project\iar\Debug_m7_1\Obj\sysreset_14586141425677365288.dir
[40] = D:\learnplace\ZZZ_LUNTUI\project\iar\Debug_m7_1\Obj\sysrtc_10747768817563771611.dir
[41] = D:\learnplace\ZZZ_LUNTUI\project\iar\Debug_m7_1\Obj\systick_16016591671695740695.dir
[42] = D:\learnplace\ZZZ_LUNTUI\project\iar\Debug_m7_1\Obj\syswdt_9118657615806274156.dir
[43] = D:\learnplace\ZZZ_LUNTUI\project\iar\Debug_m7_1\Obj\tcpwm_422923530147891246.dir
[44] = D:\learnplace\ZZZ_LUNTUI\project\iar\Debug_m7_1\Obj\trigmux_9729677290734583340.dir
[45] = D:\learnplace\ZZZ_LUNTUI\project\iar\Debug_m7_1\Obj\user_8514941877209965082.dir
[46] = D:\learnplace\ZZZ_LUNTUI\project\iar\Debug_m7_1\Obj\zf_common_1201165462030747823.dir
[47] = D:\learnplace\ZZZ_LUNTUI\project\iar\Debug_m7_1\Obj\zf_components_14936052685886095442.dir
[48] = D:\learnplace\ZZZ_LUNTUI\project\iar\Debug_m7_1\Obj\zf_device_6570275422786408770.dir
[49] = D:\learnplace\ZZZ_LUNTUI\project\iar\Debug_m7_1\Obj\zf_driver_11922370083829174090.dir
[50] = dl7M_tln.a
[51] = m7M_tlv.a
[52] = rt7M_tl.a
[53] = shb_l.a
[54] = zf_device_config.a

  48'366 bytes of readonly  code memory
   8'567 bytes of readonly  data memory
  18'169 bytes of readwrite data memory (+ 516 absolute)

Errors: none
Warnings: none
